Archive member included to satisfy reference by file (symbol)

/Users/shimadalocal/src/Balancer2/MCUxpresso/Balancer_2025/lib/libBalancer2_lib.a(adc.o)
                              ./src/control.o (memmap)
/Users/shimadalocal/src/Balancer2/MCUxpresso/Balancer_2025/lib/libBalancer2_lib.a(current.o)
                              ./src/control.o (ClearCurrentVariables)
/Users/shimadalocal/src/Balancer2/MCUxpresso/Balancer_2025/lib/libBalancer2_lib.a(enc.o)
                              ./src/control.o (ClearEncVariables)
/Users/shimadalocal/src/Balancer2/MCUxpresso/Balancer_2025/lib/libBalancer2_lib.a(gpio.o)
                              /Users/shimadalocal/src/Balancer2/MCUxpresso/Balancer_2025/lib/libBalancer2_lib.a(enc.o) (GPIOSetDir)
/Users/shimadalocal/src/Balancer2/MCUxpresso/Balancer_2025/lib/libBalancer2_lib.a(gyro.o)
                              ./src/control.o (ClearGyroVariables)
/Users/shimadalocal/src/Balancer2/MCUxpresso/Balancer_2025/lib/libBalancer2_lib.a(i2c.o)
                              /Users/shimadalocal/src/Balancer2/MCUxpresso/Balancer_2025/lib/libBalancer2_lib.a(gyro.o) (I2CMasterBuffer)
/Users/shimadalocal/src/Balancer2/MCUxpresso/Balancer_2025/lib/libBalancer2_lib.a(log.o)
                              ./src/main.o (isLogEnable)
/Users/shimadalocal/src/Balancer2/MCUxpresso/Balancer_2025/lib/libBalancer2_lib.a(system_LPC13xx.o)
                              ./src/cr_startup_lpc13.o (SystemInit)
/Users/shimadalocal/src/Balancer2/MCUxpresso/Balancer_2025/lib/libBalancer2_lib.a(uart.o)
                              ./src/main.o (UARTInit)
/Users/shimadalocal/src/Balancer2/MCUxpresso/Balancer_2025/lib/libBalancer2_lib.a(util.o)
                              /Users/shimadalocal/src/Balancer2/MCUxpresso/Balancer_2025/lib/libBalancer2_lib.a(current.o) (getCnt)
/Users/shimadalocal/src/Balancer2/MCUxpresso/Balancer_2025/lib/libBalancer2_lib.a(vs-bb022.o)
                              /Users/shimadalocal/src/Balancer2/MCUxpresso/Balancer_2025/lib/libBalancer2_lib.a(enc.o) (SystickSyncCnt)
/Users/shimadalocal/src/Balancer2/MCUxpresso/Balancer_2025/lib/libBalancer2_lib.a(flash.o)
                              /Users/shimadalocal/src/Balancer2/MCUxpresso/Balancer_2025/lib/libBalancer2_lib.a(log.o) (srcbuf)
/Users/shimadalocal/src/Balancer2/MCUxpresso/Balancer_2025/lib/libBalancer2_lib.a(mot.o)
                              /Users/shimadalocal/src/Balancer2/MCUxpresso/Balancer_2025/lib/libBalancer2_lib.a(flash.o) (Constmemmap)
/Users/shimadalocal/src/Balancer2/MCUxpresso/Balancer_2025/lib/libBalancer2_lib.a(pad.o)
                              /Users/shimadalocal/src/Balancer2/MCUxpresso/Balancer_2025/lib/libBalancer2_lib.a(vs-bb022.o) (PADProc)
/Users/shimadalocal/src/Balancer2/MCUxpresso/Balancer_2025/lib/libBalancer2_lib.a(usb_user.o)
                              /Users/shimadalocal/src/Balancer2/MCUxpresso/Balancer_2025/lib/libBalancer2_lib.a(vs-bb022.o) (USBInit)
/Users/shimadalocal/src/Balancer2/MCUxpresso/Balancer_2025/lib/libBalancer2_lib.a(usb_core.o)
                              /Users/shimadalocal/src/Balancer2/MCUxpresso/Balancer_2025/lib/libBalancer2_lib.a(usb_user.o) (USB_ResetCore)
/Users/shimadalocal/src/Balancer2/MCUxpresso/Balancer_2025/lib/libBalancer2_lib.a(usb_descriptors.o)
                              /Users/shimadalocal/src/Balancer2/MCUxpresso/Balancer_2025/lib/libBalancer2_lib.a(usb_core.o) (USB_StringDescriptor)
/Users/shimadalocal/src/Balancer2/MCUxpresso/Balancer_2025/lib/libBalancer2_lib.a(usb_hardware.o)
                              /Users/shimadalocal/src/Balancer2/MCUxpresso/Balancer_2025/lib/libBalancer2_lib.a(usb_user.o) (USB_Connect)
/Users/shimadalocal/src/Balancer2/MCUxpresso/Balancer_2025/lib/libBalancer2_lib.a(usb_hiduser.o)
                              /Users/shimadalocal/src/Balancer2/MCUxpresso/Balancer_2025/lib/libBalancer2_lib.a(usb_core.o) (HID_GetIdle)
/Applications/MCUXpressoIDE_24.12.148/ide/plugins/com.nxp.mcuxpresso.tools.macosx_24.12.0.202407110909/tools/bin/../lib/gcc/arm-none-eabi/13.2.1/../../../../arm-none-eabi/lib/thumb/v7-m/nofp/libcr_c.a(memset.o)
                              ./src/control.o (memset)
/Applications/MCUXpressoIDE_24.12.148/ide/plugins/com.nxp.mcuxpresso.tools.macosx_24.12.0.202407110909/tools/bin/../lib/gcc/arm-none-eabi/13.2.1/thumb/v7-m/nofp/libcr_eabihelpers.a(division_64.o)
                              ./src/control.o (__aeabi_ldivmod)
/Applications/MCUXpressoIDE_24.12.148/ide/plugins/com.nxp.mcuxpresso.tools.macosx_24.12.0.202407110909/tools/bin/../lib/gcc/arm-none-eabi/13.2.1/thumb/v7-m/nofp/libcr_eabihelpers.a(division_idiv0.o)
                              /Applications/MCUXpressoIDE_24.12.148/ide/plugins/com.nxp.mcuxpresso.tools.macosx_24.12.0.202407110909/tools/bin/../lib/gcc/arm-none-eabi/13.2.1/thumb/v7-m/nofp/libcr_eabihelpers.a(division_64.o) (__aeabi_idiv0)
[...]
Memory Configuration

Name             Origin             Length             Attributes
MFlash32         0x00000000         0x00007000         xr
FlashMap         0x00007000         0x00001000         xr
RamLoc8          0x10000000         0x00002000         xrw
*default*        0x00000000         0xffffffff

Linker script and memory map

LOAD ./src/control.o
LOAD ./src/cr_startup_lpc13.o
LOAD ./src/main.o
LOAD /Users/shimadalocal/src/Balancer2/MCUxpresso/Balancer_2025/lib/libBalancer2_lib.a
START GROUP
LOAD /Applications/MCUXpressoIDE_24.12.148/ide/plugins/com.nxp.mcuxpresso.tools.macosx_24.12.0.202407110909/tools/bin/../lib/gcc/arm-none-eabi/13.2.1/../../../../arm-none-eabi/lib/thumb/v7-m/nofp/libcr_semihost.a
LOAD /Applications/MCUXpressoIDE_24.12.148/ide/plugins/com.nxp.mcuxpresso.tools.macosx_24.12.0.202407110909/tools/bin/../lib/gcc/arm-none-eabi/13.2.1/../../../../arm-none-eabi/lib/thumb/v7-m/nofp/libcr_c.a
LOAD /Applications/MCUXpressoIDE_24.12.148/ide/plugins/com.nxp.mcuxpresso.tools.macosx_24.12.0.202407110909/tools/bin/../lib/gcc/arm-none-eabi/13.2.1/thumb/v7-m/nofp/libcr_eabihelpers.a
END GROUP
                0x00007000                        __top_MFlash32 = 0x7000
                0x00008000                        __top_FlashMap = 0x8000
                0x10002000                        __top_RamLoc8 = 0x10002000

.text           0x00000000     0x43bc
 *(.isr_vector)
 .isr_vector    0x00000000      0x124 ./src/cr_startup_lpc13.o
                0x00000000                g_pfnVectors
 *(.text*)
 .text.ClearVariables
                0x00000124       0x24 ./src/control.o
                0x00000124                ClearVariables
 .text.calibrarion
                0x00000148       0xf0 ./src/control.o
                0x00000148                calibrarion
 .text.Control_Feedback
                0x00000238       0x94 ./src/control.o
                0x00000238                Control_Feedback
 *fill*         0x000002cc        0x4 
 .text.Control  0x000002d0      0x138 ./src/control.o
                0x000002d0                Control
 .text.VS_C3Control
                0x00000408       0x7c ./src/control.o
                0x00000408                VS_C3Control
 *fill*         0x00000484        0x4 
 .text.isWhleeOverSpeed
                0x00000488       0xd8 ./src/control.o
                0x00000488                isWhleeOverSpeed
 .text.NMI_Handler
                0x00000560        0x2 ./src/cr_startup_lpc13.o
                0x00000560                NMI_Handler
 .text.HardFault_Handler
                0x00000562        0x2 ./src/cr_startup_lpc13.o
                0x00000562                HardFault_Handler
 .text.MemManage_Handler
                0x00000564        0x2 ./src/cr_startup_lpc13.o
                0x00000564                MemManage_Handler
 .text.BusFault_Handler
                0x00000566        0x2 ./src/cr_startup_lpc13.o
                0x00000566                BusFault_Handler
 .text.UsageFault_Handler
                0x00000568        0x2 ./src/cr_startup_lpc13.o
                0x00000568                UsageFault_Handler
 .text.SVCall_Handler
                0x0000056a        0x2 ./src/cr_startup_lpc13.o
                0x0000056a                SVCall_Handler
 .text.DebugMon_Handler
                0x0000056c        0x2 ./src/cr_startup_lpc13.o
                0x0000056c                DebugMon_Handler
 .text.PendSV_Handler
                0x0000056e        0x2 ./src/cr_startup_lpc13.o
                0x0000056e                PendSV_Handler
 .text.IntDefaultHandler
                0x00000570        0x2 ./src/cr_startup_lpc13.o
                0x00000570                FMC_IRQHandler
                0x00000570                TIMER32_1_IRQHandler
                0x00000570                PIOINT1_IRQHandler
                0x00000570                SSP_IRQHandler
                0x00000570                TIMER16_1_IRQHandler
                0x00000570                USB_FIQHandler
                0x00000570                PIOINT2_IRQHandler
                0x00000570                BOD_IRQHandler
                0x00000570                WAKEUP_IRQHandler
                0x00000570                PIOINT0_IRQHandler
                0x00000570                WDT_IRQHandler
                0x00000570                PIOINT3_IRQHandler
                0x00000570                TIMER16_0_IRQHandler
 *fill*         0x00000572        0x2 
 .text.Reset_Handler
                0x00000574       0x64 ./src/cr_startup_lpc13.o
                0x00000574                Reset_Handler
                0x00000574                ResetISR
 .text.LedBlink
                0x000005d8       0x50 ./src/main.o
                0x000005d8                LedBlink
 .text.main     0x00000628      0x130 ./src/main.o
                0x00000628                main
 .text.ADCInit  0x00000758       0xa0 /Users/shimadalocal/src/Balancer2/MCUxpresso/Balancer_2025/lib/libBalancer2_lib.a(adc.o)
                0x00000758                ADCInit
 .text.ADCRead  0x000007f8       0x24 /Users/shimadalocal/src/Balancer2/MCUxpresso/Balancer_2025/lib/libBalancer2_lib.a(adc.o)
                0x000007f8                ADCRead
 .text.ADC_IRQHandler
                0x0000081c      0x164 /Users/shimadalocal/src/Balancer2/MCUxpresso/Balancer_2025/lib/libBalancer2_lib.a(adc.o)
                0x0000081c                ADC_IRQHandler
 .text.ClearCurrentVariables
                0x00000980       0x64 /Users/shimadalocal/src/Balancer2/MCUxpresso/Balancer_2025/lib/libBalancer2_lib.a(current.o)
                0x00000980                ClearCurrentVariables
 .text.getCurrent
                0x000009e4       0x6c /Users/shimadalocal/src/Balancer2/MCUxpresso/Balancer_2025/lib/libBalancer2_lib.a(current.o)
                0x000009e4                getCurrent
 .text.CurrentControlDisable
                0x00000a50       0x10 /Users/shimadalocal/src/Balancer2/MCUxpresso/Balancer_2025/lib/libBalancer2_lib.a(current.o)
                0x00000a50                CurrentControlDisable
 .text.CurrentControlEnable
                0x00000a60       0x10 /Users/shimadalocal/src/Balancer2/MCUxpresso/Balancer_2025/lib/libBalancer2_lib.a(current.o)
                0x00000a60                CurrentControlEnable
 .text.MTRCurrentControlProc
                0x00000a70      0x234 /Users/shimadalocal/src/Balancer2/MCUxpresso/Balancer_2025/lib/libBalancer2_lib.a(current.o)
                0x00000a70                MTRCurrentControlProc
 .text.InitEncoder
                0x00000ca4       0x94 /Users/shimadalocal/src/Balancer2/MCUxpresso/Balancer_2025/lib/libBalancer2_lib.a(enc.o)
                0x00000ca4                InitEncoder
 .text.ClearEncVariables
                0x00000d38       0x28 /Users/shimadalocal/src/Balancer2/MCUxpresso/Balancer_2025/lib/libBalancer2_lib.a(enc.o)
                0x00000d38                ClearEncVariables
 .text.EncProc  0x00000d60      0x188 /Users/shimadalocal/src/Balancer2/MCUxpresso/Balancer_2025/lib/libBalancer2_lib.a(enc.o)
                0x00000d60                EncProc
 .text.IntEncoder
                0x00000ee8       0x90 /Users/shimadalocal/src/Balancer2/MCUxpresso/Balancer_2025/lib/libBalancer2_lib.a(enc.o)
                0x00000ee8                IntEncoder
 .text.SysTick_Handler
                0x00000f78       0x44 /Users/shimadalocal/src/Balancer2/MCUxpresso/Balancer_2025/lib/libBalancer2_lib.a(enc.o)
                0x00000f78                SysTick_Handler
 .text.GPIOSetDir
                0x00000fbc       0xf0 /Users/shimadalocal/src/Balancer2/MCUxpresso/Balancer_2025/lib/libBalancer2_lib.a(gpio.o)
                0x00000fbc                GPIOSetDir
 .text.GPIOSetValue
                0x000010ac       0x60 /Users/shimadalocal/src/Balancer2/MCUxpresso/Balancer_2025/lib/libBalancer2_lib.a(gpio.o)
                0x000010ac                GPIOSetValue
 .text.GPIOGetValueBit
                0x0000110c       0x60 /Users/shimadalocal/src/Balancer2/MCUxpresso/Balancer_2025/lib/libBalancer2_lib.a(gpio.o)
                0x0000110c                GPIOGetValueBit
 .text.ClearGyroVariables
                0x0000116c       0x1c /Users/shimadalocal/src/Balancer2/MCUxpresso/Balancer_2025/lib/libBalancer2_lib.a(gyro.o)
                0x0000116c                ClearGyroVariables
 .text.SetI2CGain
                0x00001188       0x70 /Users/shimadalocal/src/Balancer2/MCUxpresso/Balancer_2025/lib/libBalancer2_lib.a(gyro.o)
                0x00001188                SetI2CGain
 .text.getGyroI2C
                0x000011f8       0x50 /Users/shimadalocal/src/Balancer2/MCUxpresso/Balancer_2025/lib/libBalancer2_lib.a(gyro.o)
                0x000011f8                getGyroI2C
 .text.GyroProc
                0x00001248       0xe8 /Users/shimadalocal/src/Balancer2/MCUxpresso/Balancer_2025/lib/libBalancer2_lib.a(gyro.o)
                0x00001248                GyroProc
 .text.I2C_IRQHandler
                0x00001330      0x230 /Users/shimadalocal/src/Balancer2/MCUxpresso/Balancer_2025/lib/libBalancer2_lib.a(i2c.o)
                0x00001330                I2C_IRQHandler
 .text.I2CStart
                0x00001560       0x50 /Users/shimadalocal/src/Balancer2/MCUxpresso/Balancer_2025/lib/libBalancer2_lib.a(i2c.o)
                0x00001560                I2CStart
 .text.I2CStop  0x000015b0       0x1c /Users/shimadalocal/src/Balancer2/MCUxpresso/Balancer_2025/lib/libBalancer2_lib.a(i2c.o)
                0x000015b0                I2CStop
 .text.I2CInit  0x000015cc       0x70 /Users/shimadalocal/src/Balancer2/MCUxpresso/Balancer_2025/lib/libBalancer2_lib.a(i2c.o)
                0x000015cc                I2CInit
 .text.I2CEngine
                0x0000163c       0x34 /Users/shimadalocal/src/Balancer2/MCUxpresso/Balancer_2025/lib/libBalancer2_lib.a(i2c.o)
                0x0000163c                I2CEngine
 .text.isLogEnable
                0x00001670       0x10 /Users/shimadalocal/src/Balancer2/MCUxpresso/Balancer_2025/lib/libBalancer2_lib.a(log.o)
                0x00001670                isLogEnable
 .text.isLogRecoding
                0x00001680       0x14 /Users/shimadalocal/src/Balancer2/MCUxpresso/Balancer_2025/lib/libBalancer2_lib.a(log.o)
                0x00001680                isLogRecoding
 .text.LogStart
                0x00001694       0x14 /Users/shimadalocal/src/Balancer2/MCUxpresso/Balancer_2025/lib/libBalancer2_lib.a(log.o)
                0x00001694                LogStart
 .text.LogProc  0x000016a8      0x178 /Users/shimadalocal/src/Balancer2/MCUxpresso/Balancer_2025/lib/libBalancer2_lib.a(log.o)
                0x000016a8                LogProc
 .text.SystemInit
                0x00001820       0xec /Users/shimadalocal/src/Balancer2/MCUxpresso/Balancer_2025/lib/libBalancer2_lib.a(system_LPC13xx.o)
                0x00001820                SystemInit
 .text.UART_IRQHandler
                0x0000190c       0xd4 /Users/shimadalocal/src/Balancer2/MCUxpresso/Balancer_2025/lib/libBalancer2_lib.a(uart.o)
                0x0000190c                UART_IRQHandler
 .text.UARTInit
                0x000019e0       0xd8 /Users/shimadalocal/src/Balancer2/MCUxpresso/Balancer_2025/lib/libBalancer2_lib.a(uart.o)
                0x000019e0                UARTInit
 .text.getCnt   0x00001ab8       0x10 /Users/shimadalocal/src/Balancer2/MCUxpresso/Balancer_2025/lib/libBalancer2_lib.a(util.o)
                0x00001ab8                getCnt
 .text.Sync     0x00001ac8       0x30 /Users/shimadalocal/src/Balancer2/MCUxpresso/Balancer_2025/lib/libBalancer2_lib.a(vs-bb022.o)
                0x00001ac8                Sync
 .text.getSW    0x00001af8       0x14 /Users/shimadalocal/src/Balancer2/MCUxpresso/Balancer_2025/lib/libBalancer2_lib.a(vs-bb022.o)
                0x00001af8                getSW
 .text.Wait     0x00001b0c       0x44 /Users/shimadalocal/src/Balancer2/MCUxpresso/Balancer_2025/lib/libBalancer2_lib.a(vs-bb022.o)
                0x00001b0c                Wait
 .text.CycleProc
                0x00001b50       0x4c /Users/shimadalocal/src/Balancer2/MCUxpresso/Balancer_2025/lib/libBalancer2_lib.a(vs-bb022.o)
                0x00001b50                CycleProc
 .text.setLED   0x00001b9c       0x24 /Users/shimadalocal/src/Balancer2/MCUxpresso/Balancer_2025/lib/libBalancer2_lib.a(vs-bb022.o)
                0x00001b9c                setLED
 .text.InitMemmap
                0x00001bc0      0x1b8 /Users/shimadalocal/src/Balancer2/MCUxpresso/Balancer_2025/lib/libBalancer2_lib.a(vs-bb022.o)
                0x00001bc0                InitMemmap
 .text.SetMotorPwm
                0x00001d78      0x100 /Users/shimadalocal/src/Balancer2/MCUxpresso/Balancer_2025/lib/libBalancer2_lib.a(vs-bb022.o)
                0x00001d78                SetMotorPwm
 .text.Timer16Init
                0x00001e78       0x7c /Users/shimadalocal/src/Balancer2/MCUxpresso/Balancer_2025/lib/libBalancer2_lib.a(vs-bb022.o)
                0x00001e78                Timer16Init
 .text.Timer32Init
                0x00001ef4       0x3c /Users/shimadalocal/src/Balancer2/MCUxpresso/Balancer_2025/lib/libBalancer2_lib.a(vs-bb022.o)
                0x00001ef4                Timer32Init
 .text.TIMER32_0_IRQHandler
                0x00001f30       0x90 /Users/shimadalocal/src/Balancer2/MCUxpresso/Balancer_2025/lib/libBalancer2_lib.a(vs-bb022.o)
                0x00001f30                TIMER32_0_IRQHandler
 .text.DisableIntterupt
                0x00001fc0       0x3c /Users/shimadalocal/src/Balancer2/MCUxpresso/Balancer_2025/lib/libBalancer2_lib.a(vs-bb022.o)
                0x00001fc0                DisableIntterupt
 .text.Init     0x00001ffc      0x100 /Users/shimadalocal/src/Balancer2/MCUxpresso/Balancer_2025/lib/libBalancer2_lib.a(vs-bb022.o)
                0x00001ffc                Init
 .text.Balancer2Init
                0x000020fc       0x20 /Users/shimadalocal/src/Balancer2/MCUxpresso/Balancer_2025/lib/libBalancer2_lib.a(vs-bb022.o)
                0x000020fc                Balancer2Init
 .text.EnableIntterupt
                0x0000211c       0x20 /Users/shimadalocal/src/Balancer2/MCUxpresso/Balancer_2025/lib/libBalancer2_lib.a(vs-bb022.o)
                0x0000211c                EnableIntterupt
 .text.call_IAP
                0x0000213c       0x2c /Users/shimadalocal/src/Balancer2/MCUxpresso/Balancer_2025/lib/libBalancer2_lib.a(flash.o)
 .text.FLASH_ProgramPage
                0x00002168       0x48 /Users/shimadalocal/src/Balancer2/MCUxpresso/Balancer_2025/lib/libBalancer2_lib.a(flash.o)
                0x00002168                FLASH_ProgramPage
 .text.FLASH_ErasePage
                0x000021b0       0x30 /Users/shimadalocal/src/Balancer2/MCUxpresso/Balancer_2025/lib/libBalancer2_lib.a(flash.o)
                0x000021b0                FLASH_ErasePage
 .text.FLASH_WRITE_MEMMAP
                0x000021e0       0x48 /Users/shimadalocal/src/Balancer2/MCUxpresso/Balancer_2025/lib/libBalancer2_lib.a(flash.o)
                0x000021e0                FLASH_WRITE_MEMMAP
 .text.FLASH_READ_MEMMAP
                0x00002228       0x1c /Users/shimadalocal/src/Balancer2/MCUxpresso/Balancer_2025/lib/libBalancer2_lib.a(flash.o)
                0x00002228                FLASH_READ_MEMMAP
 .text.PadWait  0x00002244       0x10 /Users/shimadalocal/src/Balancer2/MCUxpresso/Balancer_2025/lib/libBalancer2_lib.a(pad.o)
                0x00002244                PadWait
 .text.Ds2rw    0x00002254       0x8c /Users/shimadalocal/src/Balancer2/MCUxpresso/Balancer_2025/lib/libBalancer2_lib.a(pad.o)
                0x00002254                Ds2rw
 .text.Ds2Com   0x000022e0       0x44 /Users/shimadalocal/src/Balancer2/MCUxpresso/Balancer_2025/lib/libBalancer2_lib.a(pad.o)
                0x000022e0                Ds2Com
 .text.PS_Set_AN
                0x00002324       0xa0 /Users/shimadalocal/src/Balancer2/MCUxpresso/Balancer_2025/lib/libBalancer2_lib.a(pad.o)
                0x00002324                PS_Set_AN
 .text.updatePAD
                0x000023c4       0xb8 /Users/shimadalocal/src/Balancer2/MCUxpresso/Balancer_2025/lib/libBalancer2_lib.a(pad.o)
                0x000023c4                updatePAD
 .text.PADProc  0x0000247c        0x8 /Users/shimadalocal/src/Balancer2/MCUxpresso/Balancer_2025/lib/libBalancer2_lib.a(pad.o)
                0x0000247c                PADProc
 .text.USBInit  0x00002484       0x70 /Users/shimadalocal/src/Balancer2/MCUxpresso/Balancer_2025/lib/libBalancer2_lib.a(usb_user.o)
                0x00002484                USBInit
 .text.USB_Reset_Event
                0x000024f4        0x8 /Users/shimadalocal/src/Balancer2/MCUxpresso/Balancer_2025/lib/libBalancer2_lib.a(usb_user.o)
                0x000024f4                USB_Reset_Event
 .text.SetUSBSendData
                0x000024fc       0x40 /Users/shimadalocal/src/Balancer2/MCUxpresso/Balancer_2025/lib/libBalancer2_lib.a(usb_user.o)
                0x000024fc                SetUSBSendData
 .text.InUSBDataProcces
                0x0000253c      0x19c /Users/shimadalocal/src/Balancer2/MCUxpresso/Balancer_2025/lib/libBalancer2_lib.a(usb_user.o)
                0x0000253c                InUSBDataProcces
 .text.USB_EndPoint1
                0x000026d8       0x18 /Users/shimadalocal/src/Balancer2/MCUxpresso/Balancer_2025/lib/libBalancer2_lib.a(usb_user.o)
                0x000026d8                USB_EndPoint1
 .text.USB_ResetCore
                0x000026f0       0x4c /Users/shimadalocal/src/Balancer2/MCUxpresso/Balancer_2025/lib/libBalancer2_lib.a(usb_core.o)
                0x000026f0                USB_ResetCore
 .text.USB_SetupStage
                0x0000273c       0x14 /Users/shimadalocal/src/Balancer2/MCUxpresso/Balancer_2025/lib/libBalancer2_lib.a(usb_core.o)
                0x0000273c                USB_SetupStage
 .text.USB_DataInStage
                0x00002750       0x58 /Users/shimadalocal/src/Balancer2/MCUxpresso/Balancer_2025/lib/libBalancer2_lib.a(usb_core.o)
                0x00002750                USB_DataInStage
 .text.USB_DataOutStage
                0x000027a8       0x3c /Users/shimadalocal/src/Balancer2/MCUxpresso/Balancer_2025/lib/libBalancer2_lib.a(usb_core.o)
                0x000027a8                USB_DataOutStage
 .text.USB_StatusInStage
                0x000027e4       0x10 /Users/shimadalocal/src/Balancer2/MCUxpresso/Balancer_2025/lib/libBalancer2_lib.a(usb_core.o)
                0x000027e4                USB_StatusInStage
 .text.USB_StatusOutStage
                0x000027f4       0x14 /Users/shimadalocal/src/Balancer2/MCUxpresso/Balancer_2025/lib/libBalancer2_lib.a(usb_core.o)
                0x000027f4                USB_StatusOutStage
 .text.USB_ReqGetStatus
                0x00002808       0xf4 /Users/shimadalocal/src/Balancer2/MCUxpresso/Balancer_2025/lib/libBalancer2_lib.a(usb_core.o)
                0x00002808                USB_ReqGetStatus
 .text.USB_ReqSetClrFeature
                0x000028fc      0x130 /Users/shimadalocal/src/Balancer2/MCUxpresso/Balancer_2025/lib/libBalancer2_lib.a(usb_core.o)
                0x000028fc                USB_ReqSetClrFeature
 .text.USB_ReqSetAddress
                0x00002a2c       0x3c /Users/shimadalocal/src/Balancer2/MCUxpresso/Balancer_2025/lib/libBalancer2_lib.a(usb_core.o)
                0x00002a2c                USB_ReqSetAddress
 .text.USB_ReqGetDescriptor
                0x00002a68      0x174 /Users/shimadalocal/src/Balancer2/MCUxpresso/Balancer_2025/lib/libBalancer2_lib.a(usb_core.o)
                0x00002a68                USB_ReqGetDescriptor
 .text.USB_ReqGetConfiguration
                0x00002bdc       0x38 /Users/shimadalocal/src/Balancer2/MCUxpresso/Balancer_2025/lib/libBalancer2_lib.a(usb_core.o)
                0x00002bdc                USB_ReqGetConfiguration
 .text.UsbAddPtr
                0x00002c14       0x24 /Users/shimadalocal/src/Balancer2/MCUxpresso/Balancer_2025/lib/libBalancer2_lib.a(usb_core.o)
                0x00002c14                UsbAddPtr
 .text.USB_ReqSetConfiguration
                0x00002c38      0x254 /Users/shimadalocal/src/Balancer2/MCUxpresso/Balancer_2025/lib/libBalancer2_lib.a(usb_core.o)
                0x00002c38                USB_ReqSetConfiguration
 .text.USB_ReqGetInterface
                0x00002e8c       0x68 /Users/shimadalocal/src/Balancer2/MCUxpresso/Balancer_2025/lib/libBalancer2_lib.a(usb_core.o)
                0x00002e8c                USB_ReqGetInterface
 .text.USB_ReqSetInterface
                0x00002ef4      0x1b8 /Users/shimadalocal/src/Balancer2/MCUxpresso/Balancer_2025/lib/libBalancer2_lib.a(usb_core.o)
                0x00002ef4                USB_ReqSetInterface
 .text.USB_EndPoint0
                0x000030ac      0x32c /Users/shimadalocal/src/Balancer2/MCUxpresso/Balancer_2025/lib/libBalancer2_lib.a(usb_core.o)
                0x000030ac                USB_EndPoint0
 .text.delay    0x000033d8       0x2c /Users/shimadalocal/src/Balancer2/MCUxpresso/Balancer_2025/lib/libBalancer2_lib.a(usb_hardware.o)
                0x000033d8                delay
 .text.EPAdr    0x00003404       0x30 /Users/shimadalocal/src/Balancer2/MCUxpresso/Balancer_2025/lib/libBalancer2_lib.a(usb_hardware.o)
                0x00003404                EPAdr
 .text.WrCmd    0x00003434       0x58 /Users/shimadalocal/src/Balancer2/MCUxpresso/Balancer_2025/lib/libBalancer2_lib.a(usb_hardware.o)
                0x00003434                WrCmd
 .text.WrCmdDat
                0x0000348c       0x1c /Users/shimadalocal/src/Balancer2/MCUxpresso/Balancer_2025/lib/libBalancer2_lib.a(usb_hardware.o)
                0x0000348c                WrCmdDat
 .text.WrCmdEP  0x000034a8       0x2c /Users/shimadalocal/src/Balancer2/MCUxpresso/Balancer_2025/lib/libBalancer2_lib.a(usb_hardware.o)
                0x000034a8                WrCmdEP
 .text.RdCmdDat
                0x000034d4       0x38 /Users/shimadalocal/src/Balancer2/MCUxpresso/Balancer_2025/lib/libBalancer2_lib.a(usb_hardware.o)
                0x000034d4                RdCmdDat
 .text.USB_Connect
                0x0000350c       0x5c /Users/shimadalocal/src/Balancer2/MCUxpresso/Balancer_2025/lib/libBalancer2_lib.a(usb_hardware.o)
                0x0000350c                USB_Connect
 .text.USB_Reset
                0x00003568       0x24 /Users/shimadalocal/src/Balancer2/MCUxpresso/Balancer_2025/lib/libBalancer2_lib.a(usb_hardware.o)
                0x00003568                USB_Reset
 .text.USB_WakeUpCfg
                0x0000358c       0x14 /Users/shimadalocal/src/Balancer2/MCUxpresso/Balancer_2025/lib/libBalancer2_lib.a(usb_hardware.o)
                0x0000358c                USB_WakeUpCfg
 .text.USB_SetAddress
                0x000035a0       0x3c /Users/shimadalocal/src/Balancer2/MCUxpresso/Balancer_2025/lib/libBalancer2_lib.a(usb_hardware.o)
                0x000035a0                USB_SetAddress
 .text.USB_Configure
                0x000035dc       0x30 /Users/shimadalocal/src/Balancer2/MCUxpresso/Balancer_2025/lib/libBalancer2_lib.a(usb_hardware.o)
                0x000035dc                USB_Configure
 .text.USB_ConfigEP
                0x0000360c       0x14 /Users/shimadalocal/src/Balancer2/MCUxpresso/Balancer_2025/lib/libBalancer2_lib.a(usb_hardware.o)
                0x0000360c                USB_ConfigEP
 .text.USB_DirCtrlEP
                0x00003620       0x14 /Users/shimadalocal/src/Balancer2/MCUxpresso/Balancer_2025/lib/libBalancer2_lib.a(usb_hardware.o)
                0x00003620                USB_DirCtrlEP
 .text.USB_EnableEP
                0x00003634       0x2c /Users/shimadalocal/src/Balancer2/MCUxpresso/Balancer_2025/lib/libBalancer2_lib.a(usb_hardware.o)
                0x00003634                USB_EnableEP
 .text.USB_DisableEP
                0x00003660       0x2c /Users/shimadalocal/src/Balancer2/MCUxpresso/Balancer_2025/lib/libBalancer2_lib.a(usb_hardware.o)
                0x00003660                USB_DisableEP
 .text.USB_ResetEP
                0x0000368c       0x2c /Users/shimadalocal/src/Balancer2/MCUxpresso/Balancer_2025/lib/libBalancer2_lib.a(usb_hardware.o)
                0x0000368c                USB_ResetEP
 .text.USB_SetStallEP
                0x000036b8       0x2c /Users/shimadalocal/src/Balancer2/MCUxpresso/Balancer_2025/lib/libBalancer2_lib.a(usb_hardware.o)
                0x000036b8                USB_SetStallEP
 .text.USB_ClrStallEP
                0x000036e4       0x2c /Users/shimadalocal/src/Balancer2/MCUxpresso/Balancer_2025/lib/libBalancer2_lib.a(usb_hardware.o)
                0x000036e4                USB_ClrStallEP
 .text.USB_ReadEP
                0x00003710       0x80 /Users/shimadalocal/src/Balancer2/MCUxpresso/Balancer_2025/lib/libBalancer2_lib.a(usb_hardware.o)
                0x00003710                USB_ReadEP
 .text.USB_WriteEP
                0x00003790       0xa8 /Users/shimadalocal/src/Balancer2/MCUxpresso/Balancer_2025/lib/libBalancer2_lib.a(usb_hardware.o)
                0x00003790                USB_WriteEP
 .text.USB_IRQHandler
                0x00003838      0x134 /Users/shimadalocal/src/Balancer2/MCUxpresso/Balancer_2025/lib/libBalancer2_lib.a(usb_hardware.o)
                0x00003838                USB_IRQHandler
 .text.HID_GetIdle
                0x0000396c       0x2c /Users/shimadalocal/src/Balancer2/MCUxpresso/Balancer_2025/lib/libBalancer2_lib.a(usb_hiduser.o)
                0x0000396c                HID_GetIdle
 .text.HID_SetIdle
                0x00003998       0x28 /Users/shimadalocal/src/Balancer2/MCUxpresso/Balancer_2025/lib/libBalancer2_lib.a(usb_hiduser.o)
                0x00003998                HID_SetIdle
 .text.HID_GetProtocol
                0x000039c0       0x20 /Users/shimadalocal/src/Balancer2/MCUxpresso/Balancer_2025/lib/libBalancer2_lib.a(usb_hiduser.o)
                0x000039c0                HID_GetProtocol
 .text.HID_SetProtocol
                0x000039e0       0x24 /Users/shimadalocal/src/Balancer2/MCUxpresso/Balancer_2025/lib/libBalancer2_lib.a(usb_hiduser.o)
                0x000039e0                HID_SetProtocol
 .text.memset   0x00003a04        0x4 /Applications/MCUXpressoIDE_24.12.148/ide/plugins/com.nxp.mcuxpresso.tools.macosx_24.12.0.202407110909/tools/bin/../lib/gcc/arm-none-eabi/13.2.1/../../../../arm-none-eabi/lib/thumb/v7-m/nofp/libcr_c.a(memset.o)
                0x00003a04                memset
 .text.__aeabi_division_ldivmod
                0x00003a08       0x26 /Applications/MCUXpressoIDE_24.12.148/ide/plugins/com.nxp.mcuxpresso.tools.macosx_24.12.0.202407110909/tools/bin/../lib/gcc/arm-none-eabi/13.2.1/thumb/v7-m/nofp/libcr_eabihelpers.a(division_64.o)
                0x00003a08                __aeabi_ldivmod
 .text.__aeabi_division_uldivmod
                0x00003a2e      0x174 /Applications/MCUXpressoIDE_24.12.148/ide/plugins/com.nxp.mcuxpresso.tools.macosx_24.12.0.202407110909/tools/bin/../lib/gcc/arm-none-eabi/13.2.1/thumb/v7-m/nofp/libcr_eabihelpers.a(division_64.o)
                0x00003a2e                __aeabi_uldivmod
                0x00003a32                __bhs_ldivmod1
 .text.__aeabi_division_idiv0
                0x00003ba2        0x2 /Applications/MCUXpressoIDE_24.12.148/ide/plugins/com.nxp.mcuxpresso.tools.macosx_24.12.0.202407110909/tools/bin/../lib/gcc/arm-none-eabi/13.2.1/thumb/v7-m/nofp/libcr_eabihelpers.a(division_idiv0.o)
                0x00003ba2                __aeabi_idiv0
 .text.__aeabi_dmul
                0x00003ba4       0xfc /Applications/MCUXpressoIDE_24.12.148/ide/plugins/com.nxp.mcuxpresso.tools.macosx_24.12.0.202407110909/tools/bin/../lib/gcc/arm-none-eabi/13.2.1/thumb/v7-m/nofp/libcr_eabihelpers.a(double.o)
                0x00003ba4                __aeabi_dmul
 .text.__aeabi_ddiv
                0x00003ca0      0x134 /Applications/MCUXpressoIDE_24.12.148/ide/plugins/com.nxp.mcuxpresso.tools.macosx_24.12.0.202407110909/tools/bin/../lib/gcc/arm-none-eabi/13.2.1/thumb/v7-m/nofp/libcr_eabihelpers.a(double.o)
                0x00003ca0                __aeabi_ddiv
 .text.__aeabi_dsub
                0x00003dd4      0x1b4 /Applications/MCUXpressoIDE_24.12.148/ide/plugins/com.nxp.mcuxpresso.tools.macosx_24.12.0.202407110909/tools/bin/../lib/gcc/arm-none-eabi/13.2.1/thumb/v7-m/nofp/libcr_eabihelpers.a(double.o)
                0x00003dd4                __aeabi_dsub
 .text.__aeabi_dadd
                0x00003f88      0x118 /Applications/MCUXpressoIDE_24.12.148/ide/plugins/com.nxp.mcuxpresso.tools.macosx_24.12.0.202407110909/tools/bin/../lib/gcc/arm-none-eabi/13.2.1/thumb/v7-m/nofp/libcr_eabihelpers.a(double.o)
                0x00003f88                __aeabi_dadd
 .text.__aeabi_d2iz
                0x000040a0       0x42 /Applications/MCUXpressoIDE_24.12.148/ide/plugins/com.nxp.mcuxpresso.tools.macosx_24.12.0.202407110909/tools/bin/../lib/gcc/arm-none-eabi/13.2.1/thumb/v7-m/nofp/libcr_eabihelpers.a(double.o)
                0x000040a0                __aeabi_d2iz
 .text.__bhs_ui2d
                0x000040e2       0x46 /Applications/MCUXpressoIDE_24.12.148/ide/plugins/com.nxp.mcuxpresso.tools.macosx_24.12.0.202407110909/tools/bin/../lib/gcc/arm-none-eabi/13.2.1/thumb/v7-m/nofp/libcr_eabihelpers.a(double.o)
                0x000040e2                __bhs_ui2d
 .text.__bhs_ul2d
                0x00004128       0x8a /Applications/MCUXpressoIDE_24.12.148/ide/plugins/com.nxp.mcuxpresso.tools.macosx_24.12.0.202407110909/tools/bin/../lib/gcc/arm-none-eabi/13.2.1/thumb/v7-m/nofp/libcr_eabihelpers.a(double.o)
                0x00004128                __bhs_ul2d
 .text.__aeabi_i2d
                0x000041b2       0x10 /Applications/MCUXpressoIDE_24.12.148/ide/plugins/com.nxp.mcuxpresso.tools.macosx_24.12.0.202407110909/tools/bin/../lib/gcc/arm-none-eabi/13.2.1/thumb/v7-m/nofp/libcr_eabihelpers.a(double.o)
                0x000041b2                __aeabi_i2d
 .text.__aeabi_ui2d
                0x000041c2        0x8 /Applications/MCUXpressoIDE_24.12.148/ide/plugins/com.nxp.mcuxpresso.tools.macosx_24.12.0.202407110909/tools/bin/../lib/gcc/arm-none-eabi/13.2.1/thumb/v7-m/nofp/libcr_eabihelpers.a(double.o)
                0x000041c2                __aeabi_ui2d
 .text.__aeabi_l2d
                0x000041ca       0x1c /Applications/MCUXpressoIDE_24.12.148/ide/plugins/com.nxp.mcuxpresso.tools.macosx_24.12.0.202407110909/tools/bin/../lib/gcc/arm-none-eabi/13.2.1/thumb/v7-m/nofp/libcr_eabihelpers.a(double.o)
                0x000041ca                __aeabi_l2d
 .text.__aeabi_dcmplt
                0x000041e6       0x56 /Applications/MCUXpressoIDE_24.12.148/ide/plugins/com.nxp.mcuxpresso.tools.macosx_24.12.0.202407110909/tools/bin/../lib/gcc/arm-none-eabi/13.2.1/thumb/v7-m/nofp/libcr_eabihelpers.a(double.o)
                0x000041e6                __aeabi_dcmplt
 .text.__aeabi_dcmpgt
                0x0000423c       0x56 /Applications/MCUXpressoIDE_24.12.148/ide/plugins/com.nxp.mcuxpresso.tools.macosx_24.12.0.202407110909/tools/bin/../lib/gcc/arm-none-eabi/13.2.1/thumb/v7-m/nofp/libcr_eabihelpers.a(double.o)
                0x0000423c                __aeabi_dcmpgt
 .text.__aeabi_memset_lowlevel
                0x00004292       0x32 /Applications/MCUXpressoIDE_24.12.148/ide/plugins/com.nxp.mcuxpresso.tools.macosx_24.12.0.202407110909/tools/bin/../lib/gcc/arm-none-eabi/13.2.1/thumb/v7-m/nofp/libcr_eabihelpers.a(memcpy.o)
                0x00004292                __aeabi_lowlevel_memset
 *(.rodata*)
 .rodata        0x000042c4       0x10 /Users/shimadalocal/src/Balancer2/MCUxpresso/Balancer_2025/lib/libBalancer2_lib.a(enc.o)
                0x000042c4                enctbl
 .rodata        0x000042d4       0x3c /Users/shimadalocal/src/Balancer2/MCUxpresso/Balancer_2025/lib/libBalancer2_lib.a(pad.o)
 .rodata        0x00004310       0x14 /Users/shimadalocal/src/Balancer2/MCUxpresso/Balancer_2025/lib/libBalancer2_lib.a(usb_user.o)
                0x00004310                USB_P_EP
 .rodata        0x00004324       0x98 /Users/shimadalocal/src/Balancer2/MCUxpresso/Balancer_2025/lib/libBalancer2_lib.a(usb_descriptors.o)
                0x00004324                USB_StringDescriptor
                0x0000435c                USB_ConfigDescriptor
                0x00004388                USB_DeviceDescriptor
                0x0000439a                HID_ReportDescSize
                0x0000439c                HID_ReportDescriptor

.glue_7         0x000043bc        0x0
 .glue_7        0x000043bc        0x0 linker stubs

.glue_7t        0x000043bc        0x0
 .glue_7t       0x000043bc        0x0 linker stubs

.vfp11_veneer   0x000043bc        0x0
 .vfp11_veneer  0x000043bc        0x0 linker stubs

.v4_bx          0x000043bc        0x0
 .v4_bx         0x000043bc        0x0 linker stubs

.iplt           0x000043bc        0x0
 .iplt          0x000043bc        0x0 ./src/control.o

.ARM.extab
 *(.ARM.extab* .gnu.linkonce.armextab.*)
                0x000043bc                        __exidx_start = .

.ARM.exidx
 *(.ARM.exidx* .gnu.linkonce.armexidx.*)
                0x000043bc                        __exidx_end = .
                0x000043bc                        _etext = .

.cmap           0x00007000      0x160
 *(.Const_Map*)
 .Const_Map     0x00007000      0x160 /Users/shimadalocal/src/Balancer2/MCUxpresso/Balancer_2025/lib/libBalancer2_lib.a(mot.o)
                0x00007000                Constmemmap

.rel.dyn        0x00007160        0x0
 .rel.iplt      0x00007160        0x0 ./src/control.o

.data           0x10000000       0x10 load address 0x000043bc
                0x10000000                        _data = .
 *(vtable)
 *(.data*)
 .data          0x10000000        0x4 /Users/shimadalocal/src/Balancer2/MCUxpresso/Balancer_2025/lib/libBalancer2_lib.a(log.o)
                0x10000000                databuffer
 .data          0x10000004        0x4 /Users/shimadalocal/src/Balancer2/MCUxpresso/Balancer_2025/lib/libBalancer2_lib.a(system_LPC13xx.o)
                0x10000004                SystemCoreClock
 .data          0x10000008        0x1 /Users/shimadalocal/src/Balancer2/MCUxpresso/Balancer_2025/lib/libBalancer2_lib.a(uart.o)
                0x10000008                UARTTxEmpty
 *fill*         0x10000009        0x3 
 .data          0x1000000c        0x4 /Users/shimadalocal/src/Balancer2/MCUxpresso/Balancer_2025/lib/libBalancer2_lib.a(flash.o)
                0x1000000c                iap_entry
                0x10000010                        _edata = .

.igot.plt       0x10000010        0x0 load address 0x000043cc
 .igot.plt      0x10000010        0x0 ./src/control.o

.bss            0x10000010     0x152e load address 0x000043cc
                0x10000010                        _bss = .
 *(.bss*)
 .bss           0x10000010       0x80 ./src/control.o
 .bss           0x10000090        0x8 ./src/main.o
                0x10000094                first_call
 .bss           0x10000098        0x4 /Users/shimadalocal/src/Balancer2/MCUxpresso/Balancer_2025/lib/libBalancer2_lib.a(adc.o)
                0x10000098                ADCIntDone
 .bss           0x1000009c        0x2 /Users/shimadalocal/src/Balancer2/MCUxpresso/Balancer_2025/lib/libBalancer2_lib.a(current.o)
                0x1000009c                current_cnt
 .bss           0x1000009e        0x4 /Users/shimadalocal/src/Balancer2/MCUxpresso/Balancer_2025/lib/libBalancer2_lib.a(enc.o)
                0x1000009e                enc_cnt
 *fill*         0x100000a2        0x6 
 .bss           0x100000a8       0x18 /Users/shimadalocal/src/Balancer2/MCUxpresso/Balancer_2025/lib/libBalancer2_lib.a(gyro.o)
                0x100000a8                i2cgain
                0x100000b0                gyro_old_p
                0x100000b8                gyro_old_AngureSpd
 .bss           0x100000c0       0x14 /Users/shimadalocal/src/Balancer2/MCUxpresso/Balancer_2025/lib/libBalancer2_lib.a(i2c.o)
                0x100000c0                WrIndex
                0x100000c4                I2CMasterState
                0x100000c8                RdIndex
                0x100000cc                I2CCount
                0x100000d0                I2CSlaveState
 .bss           0x100000d4        0x8 /Users/shimadalocal/src/Balancer2/MCUxpresso/Balancer_2025/lib/libBalancer2_lib.a(log.o)
                0x100000d4                logmode
                0x100000d8                logtimer
 .bss           0x100000dc        0xc /Users/shimadalocal/src/Balancer2/MCUxpresso/Balancer_2025/lib/libBalancer2_lib.a(uart.o)
                0x100000dc                UARTWriteCount
                0x100000e0                UARTReadCount
                0x100000e4                UARTBuffCount
 .bss           0x100000e8        0x2 /Users/shimadalocal/src/Balancer2/MCUxpresso/Balancer_2025/lib/libBalancer2_lib.a(vs-bb022.o)
                0x100000e9                EncFlag
 .bss           0x100000ea        0x1 /Users/shimadalocal/src/Balancer2/MCUxpresso/Balancer_2025/lib/libBalancer2_lib.a(pad.o)
 *fill*         0x100000eb        0x1 
 .bss           0x100000ec        0x4 /Users/shimadalocal/src/Balancer2/MCUxpresso/Balancer_2025/lib/libBalancer2_lib.a(usb_hardware.o)
                0x100000ec                systicktemp
 *(COMMON)
 COMMON         0x100000f0      0x20a /Users/shimadalocal/src/Balancer2/MCUxpresso/Balancer_2025/lib/libBalancer2_lib.a(adc.o)
                0x100000f0                USB_InPutData
                0x10000130                memmap
                0x10000298                ADCValue
                0x100002b8                USB_OutPutData
                0x100002f8                bSendUSBdata
                0x100002f9                isUSB_data_sending
 *fill*         0x100002fa        0x6 
 COMMON         0x10000300       0x90 /Users/shimadalocal/src/Balancer2/MCUxpresso/Balancer_2025/lib/libBalancer2_lib.a(current.o)
                0x10000300                CurrentValue
                0x10000370                current_old_p
                0x10000380                current_i
 COMMON         0x10000390       0x60 /Users/shimadalocal/src/Balancer2/MCUxpresso/Balancer_2025/lib/libBalancer2_lib.a(enc.o)
                0x10000390                newL
                0x10000398                newR
                0x100003a0                ENCSPDValue
 COMMON         0x100003f0       0x28 /Users/shimadalocal/src/Balancer2/MCUxpresso/Balancer_2025/lib/libBalancer2_lib.a(i2c.o)
                0x100003f0                I2CReadLength
                0x100003f4                I2CSlaveBuffer
                0x10000400                StatValue
                0x10000404                I2CMode
                0x10000408                I2CMasterBuffer
                0x10000414                I2CWriteLength
 COMMON         0x10000418       0x44 /Users/shimadalocal/src/Balancer2/MCUxpresso/Balancer_2025/lib/libBalancer2_lib.a(uart.o)
                0x10000418                UARTBuffer
                0x10000458                UARTStatus
 *fill*         0x1000045c        0x4 
 COMMON         0x10000460       0x40 /Users/shimadalocal/src/Balancer2/MCUxpresso/Balancer_2025/lib/libBalancer2_lib.a(vs-bb022.o)
                0x10000460                intteruptflag
                0x10000480                iBuzzerPitch
                0x10000484                bBuzzerFlag
                0x10000488                SystickModeCnt
                0x10000490                SystickWaitCnt
                0x10000498                SystickSyncCnt
 COMMON         0x100004a0     0x1024 /Users/shimadalocal/src/Balancer2/MCUxpresso/Balancer_2025/lib/libBalancer2_lib.a(flash.o)
                0x100004a0                command
                0x100004b4                srcbuf
                0x100014b4                result
 *fill*         0x100014c4        0x4 
 COMMON         0x100014c8       0x72 /Users/shimadalocal/src/Balancer2/MCUxpresso/Balancer_2025/lib/libBalancer2_lib.a(usb_core.o)
                0x100014c8                USB_AltSetting
                0x100014d0                EP0Buf
                0x10001510                USB_EndPointMask
                0x10001514                USB_DeviceAddress
                0x10001518                USB_EndPointStall
                0x1000151c                USB_EndPointHalt
                0x10001520                USB_Configuration
                0x10001524                SetupPacket
                0x1000152c                USB_NumInterfaces
                0x10001530                EP0Data
                0x10001538                USB_DeviceStatus
 *fill*         0x1000153a        0x2 
 COMMON         0x1000153c        0x2 /Users/shimadalocal/src/Balancer2/MCUxpresso/Balancer_2025/lib/libBalancer2_lib.a(usb_hiduser.o)
                0x1000153c                HID_IdleTime
                0x1000153d                HID_Protocol
                0x1000153e                        _ebss = .

.cr_heap        0x1000153e        0x0 load address 0x000043cc
                0x1000153e                        end = .
                0x1000153e                        _pvHeapStart = .
                0x10002000                        _vRamTop = __top_RamLoc8
                0x10002000                        _vStackTop = (_vRamTop - 0x0)
OUTPUT(Balancer_2025.axf elf32-littlearm)
LOAD linker stubs

.debug_info     0x00000000    0x10b02
 .debug_info    0x00000000      0xd72 ./src/control.o
 .debug_info    0x00000d72      0x200 ./src/cr_startup_lpc13.o
 .debug_info    0x00000f72      0x999 ./src/main.o
 .debug_info    0x0000190b      0xfda /Users/shimadalocal/src/Balancer2/MCUxpresso/Balancer_2025/lib/libBalancer2_lib.a(adc.o)
 .debug_info    0x000028e5      0x76a /Users/shimadalocal/src/Balancer2/MCUxpresso/Balancer_2025/lib/libBalancer2_lib.a(current.o)
 .debug_info    0x0000304f      0xcd9 /Users/shimadalocal/src/Balancer2/MCUxpresso/Balancer_2025/lib/libBalancer2_lib.a(enc.o)
 .debug_info    0x00003d28      0xb5a /Users/shimadalocal/src/Balancer2/MCUxpresso/Balancer_2025/lib/libBalancer2_lib.a(gpio.o)
 .debug_info    0x00004882      0x651 /Users/shimadalocal/src/Balancer2/MCUxpresso/Balancer_2025/lib/libBalancer2_lib.a(gyro.o)
 .debug_info    0x00004ed3      0xbe4 /Users/shimadalocal/src/Balancer2/MCUxpresso/Balancer_2025/lib/libBalancer2_lib.a(i2c.o)
 .debug_info    0x00005ab7      0x69e /Users/shimadalocal/src/Balancer2/MCUxpresso/Balancer_2025/lib/libBalancer2_lib.a(log.o)
 .debug_info    0x00006155      0x4be /Users/shimadalocal/src/Balancer2/MCUxpresso/Balancer_2025/lib/libBalancer2_lib.a(system_LPC13xx.o)
 .debug_info    0x00006613     0x11da /Users/shimadalocal/src/Balancer2/MCUxpresso/Balancer_2025/lib/libBalancer2_lib.a(uart.o)
 .debug_info    0x000077ed      0x545 /Users/shimadalocal/src/Balancer2/MCUxpresso/Balancer_2025/lib/libBalancer2_lib.a(util.o)
 .debug_info    0x00007d32     0x1859 /Users/shimadalocal/src/Balancer2/MCUxpresso/Balancer_2025/lib/libBalancer2_lib.a(vs-bb022.o)
 .debug_info    0x0000958b      0x8cb /Users/shimadalocal/src/Balancer2/MCUxpresso/Balancer_2025/lib/libBalancer2_lib.a(flash.o)
 .debug_info    0x00009e56      0x4bb /Users/shimadalocal/src/Balancer2/MCUxpresso/Balancer_2025/lib/libBalancer2_lib.a(mot.o)
 .debug_info    0x0000a311      0xb0c /Users/shimadalocal/src/Balancer2/MCUxpresso/Balancer_2025/lib/libBalancer2_lib.a(pad.o)
 .debug_info    0x0000ae1d     0x1302 /Users/shimadalocal/src/Balancer2/MCUxpresso/Balancer_2025/lib/libBalancer2_lib.a(usb_user.o)
 .debug_info    0x0000c11f      0xc93 /Users/shimadalocal/src/Balancer2/MCUxpresso/Balancer_2025/lib/libBalancer2_lib.a(usb_core.o)
 .debug_info    0x0000cdb2      0x5bd /Users/shimadalocal/src/Balancer2/MCUxpresso/Balancer_2025/lib/libBalancer2_lib.a(usb_descriptors.o)
 .debug_info    0x0000d36f      0xe91 /Users/shimadalocal/src/Balancer2/MCUxpresso/Balancer_2025/lib/libBalancer2_lib.a(usb_hardware.o)
 .debug_info    0x0000e200      0x6d5 /Users/shimadalocal/src/Balancer2/MCUxpresso/Balancer_2025/lib/libBalancer2_lib.a(usb_hiduser.o)
 .debug_info    0x0000e8d5       0xfc /Applications/MCUXpressoIDE_24.12.148/ide/plugins/com.nxp.mcuxpresso.tools.macosx_24.12.0.202407110909/tools/bin/../lib/gcc/arm-none-eabi/13.2.1/../../../../arm-none-eabi/lib/thumb/v7-m/nofp/libcr_c.a(memset.o)
 .debug_info    0x0000e9d1     0x2131 /Applications/MCUXpressoIDE_24.12.148/ide/plugins/com.nxp.mcuxpresso.tools.macosx_24.12.0.202407110909/tools/bin/../lib/gcc/arm-none-eabi/13.2.1/thumb/v7-m/nofp/libcr_eabihelpers.a(double.o)

.debug_abbrev   0x00000000     0x32e0
 .debug_abbrev  0x00000000      0x2a7 ./src/control.o
 .debug_abbrev  0x000002a7      0x119 ./src/cr_startup_lpc13.o
 .debug_abbrev  0x000003c0      0x24a ./src/main.o
 .debug_abbrev  0x0000060a      0x228 /Users/shimadalocal/src/Balancer2/MCUxpresso/Balancer_2025/lib/libBalancer2_lib.a(adc.o)
 .debug_abbrev  0x00000832      0x1e1 /Users/shimadalocal/src/Balancer2/MCUxpresso/Balancer_2025/lib/libBalancer2_lib.a(current.o)
 .debug_abbrev  0x00000a13      0x2e6 /Users/shimadalocal/src/Balancer2/MCUxpresso/Balancer_2025/lib/libBalancer2_lib.a(enc.o)
 .debug_abbrev  0x00000cf9      0x232 /Users/shimadalocal/src/Balancer2/MCUxpresso/Balancer_2025/lib/libBalancer2_lib.a(gpio.o)
 .debug_abbrev  0x00000f2b      0x1a6 /Users/shimadalocal/src/Balancer2/MCUxpresso/Balancer_2025/lib/libBalancer2_lib.a(gyro.o)
 .debug_abbrev  0x000010d1      0x1f1 /Users/shimadalocal/src/Balancer2/MCUxpresso/Balancer_2025/lib/libBalancer2_lib.a(i2c.o)
 .debug_abbrev  0x000012c2      0x1b3 /Users/shimadalocal/src/Balancer2/MCUxpresso/Balancer_2025/lib/libBalancer2_lib.a(log.o)
 .debug_abbrev  0x00001475       0xf8 /Users/shimadalocal/src/Balancer2/MCUxpresso/Balancer_2025/lib/libBalancer2_lib.a(system_LPC13xx.o)
 .debug_abbrev  0x0000156d      0x285 /Users/shimadalocal/src/Balancer2/MCUxpresso/Balancer_2025/lib/libBalancer2_lib.a(uart.o)
 .debug_abbrev  0x000017f2      0x1f5 /Users/shimadalocal/src/Balancer2/MCUxpresso/Balancer_2025/lib/libBalancer2_lib.a(util.o)
 .debug_abbrev  0x000019e7      0x46c /Users/shimadalocal/src/Balancer2/MCUxpresso/Balancer_2025/lib/libBalancer2_lib.a(vs-bb022.o)
 .debug_abbrev  0x00001e53      0x247 /Users/shimadalocal/src/Balancer2/MCUxpresso/Balancer_2025/lib/libBalancer2_lib.a(flash.o)
 .debug_abbrev  0x0000209a       0xc7 /Users/shimadalocal/src/Balancer2/MCUxpresso/Balancer_2025/lib/libBalancer2_lib.a(mot.o)
 .debug_abbrev  0x00002161      0x228 /Users/shimadalocal/src/Balancer2/MCUxpresso/Balancer_2025/lib/libBalancer2_lib.a(pad.o)
 .debug_abbrev  0x00002389      0x2f1 /Users/shimadalocal/src/Balancer2/MCUxpresso/Balancer_2025/lib/libBalancer2_lib.a(usb_user.o)
 .debug_abbrev  0x0000267a      0x2de /Users/shimadalocal/src/Balancer2/MCUxpresso/Balancer_2025/lib/libBalancer2_lib.a(usb_core.o)
 .debug_abbrev  0x00002958       0xd4 /Users/shimadalocal/src/Balancer2/MCUxpresso/Balancer_2025/lib/libBalancer2_lib.a(usb_descriptors.o)
 .debug_abbrev  0x00002a2c      0x318 /Users/shimadalocal/src/Balancer2/MCUxpresso/Balancer_2025/lib/libBalancer2_lib.a(usb_hardware.o)
 .debug_abbrev  0x00002d44      0x17c /Users/shimadalocal/src/Balancer2/MCUxpresso/Balancer_2025/lib/libBalancer2_lib.a(usb_hiduser.o)
 .debug_abbrev  0x00002ec0       0xa8 /Applications/MCUXpressoIDE_24.12.148/ide/plugins/com.nxp.mcuxpresso.tools.macosx_24.12.0.202407110909/tools/bin/../lib/gcc/arm-none-eabi/13.2.1/../../../../arm-none-eabi/lib/thumb/v7-m/nofp/libcr_c.a(memset.o)
 .debug_abbrev  0x00002f68      0x378 /Applications/MCUXpressoIDE_24.12.148/ide/plugins/com.nxp.mcuxpresso.tools.macosx_24.12.0.202407110909/tools/bin/../lib/gcc/arm-none-eabi/13.2.1/thumb/v7-m/nofp/libcr_eabihelpers.a(double.o)

.debug_loc      0x00000000     0x6378
 .debug_loc     0x00000000      0x535 ./src/control.o
 .debug_loc     0x00000535       0x31 ./src/cr_startup_lpc13.o
 .debug_loc     0x00000566       0xce ./src/main.o
 .debug_loc     0x00000634      0x13c /Users/shimadalocal/src/Balancer2/MCUxpresso/Balancer_2025/lib/libBalancer2_lib.a(adc.o)
 .debug_loc     0x00000770      0x17b /Users/shimadalocal/src/Balancer2/MCUxpresso/Balancer_2025/lib/libBalancer2_lib.a(current.o)
 .debug_loc     0x000008eb      0x11e /Users/shimadalocal/src/Balancer2/MCUxpresso/Balancer_2025/lib/libBalancer2_lib.a(enc.o)
 .debug_loc     0x00000a09      0xabb /Users/shimadalocal/src/Balancer2/MCUxpresso/Balancer_2025/lib/libBalancer2_lib.a(gpio.o)
 .debug_loc     0x000014c4       0x81 /Users/shimadalocal/src/Balancer2/MCUxpresso/Balancer_2025/lib/libBalancer2_lib.a(gyro.o)
 .debug_loc     0x00001545       0x40 /Users/shimadalocal/src/Balancer2/MCUxpresso/Balancer_2025/lib/libBalancer2_lib.a(i2c.o)
 .debug_loc     0x00001585      0x150 /Users/shimadalocal/src/Balancer2/MCUxpresso/Balancer_2025/lib/libBalancer2_lib.a(log.o)
 .debug_loc     0x000016d5      0x1cd /Users/shimadalocal/src/Balancer2/MCUxpresso/Balancer_2025/lib/libBalancer2_lib.a(system_LPC13xx.o)
 .debug_loc     0x000018a2      0x214 /Users/shimadalocal/src/Balancer2/MCUxpresso/Balancer_2025/lib/libBalancer2_lib.a(uart.o)
 .debug_loc     0x00001ab6      0x782 /Users/shimadalocal/src/Balancer2/MCUxpresso/Balancer_2025/lib/libBalancer2_lib.a(util.o)
 .debug_loc     0x00002238      0x255 /Users/shimadalocal/src/Balancer2/MCUxpresso/Balancer_2025/lib/libBalancer2_lib.a(vs-bb022.o)
 .debug_loc     0x0000248d      0x284 /Users/shimadalocal/src/Balancer2/MCUxpresso/Balancer_2025/lib/libBalancer2_lib.a(flash.o)
 .debug_loc     0x00002711      0x1a7 /Users/shimadalocal/src/Balancer2/MCUxpresso/Balancer_2025/lib/libBalancer2_lib.a(pad.o)
 .debug_loc     0x000028b8      0x293 /Users/shimadalocal/src/Balancer2/MCUxpresso/Balancer_2025/lib/libBalancer2_lib.a(usb_user.o)
 .debug_loc     0x00002b4b      0x5a3 /Users/shimadalocal/src/Balancer2/MCUxpresso/Balancer_2025/lib/libBalancer2_lib.a(usb_core.o)
 .debug_loc     0x000030ee      0x611 /Users/shimadalocal/src/Balancer2/MCUxpresso/Balancer_2025/lib/libBalancer2_lib.a(usb_hardware.o)
 .debug_loc     0x000036ff       0x81 /Applications/MCUXpressoIDE_24.12.148/ide/plugins/com.nxp.mcuxpresso.tools.macosx_24.12.0.202407110909/tools/bin/../lib/gcc/arm-none-eabi/13.2.1/../../../../arm-none-eabi/lib/thumb/v7-m/nofp/libcr_c.a(memset.o)
 .debug_loc     0x00003780     0x2bf8 /Applications/MCUXpressoIDE_24.12.148/ide/plugins/com.nxp.mcuxpresso.tools.macosx_24.12.0.202407110909/tools/bin/../lib/gcc/arm-none-eabi/13.2.1/thumb/v7-m/nofp/libcr_eabihelpers.a(double.o)

.debug_aranges  0x00000000      0x848
 .debug_aranges
                0x00000000       0x58 ./src/control.o
 .debug_aranges
                0x00000058       0x70 ./src/cr_startup_lpc13.o
 .debug_aranges
                0x000000c8       0x28 ./src/main.o
 .debug_aranges
                0x000000f0       0x38 /Users/shimadalocal/src/Balancer2/MCUxpresso/Balancer_2025/lib/libBalancer2_lib.a(adc.o)
 .debug_aranges
                0x00000128       0x40 /Users/shimadalocal/src/Balancer2/MCUxpresso/Balancer_2025/lib/libBalancer2_lib.a(current.o)
 .debug_aranges
                0x00000168       0x40 /Users/shimadalocal/src/Balancer2/MCUxpresso/Balancer_2025/lib/libBalancer2_lib.a(enc.o)
 .debug_aranges
                0x000001a8       0x68 /Users/shimadalocal/src/Balancer2/MCUxpresso/Balancer_2025/lib/libBalancer2_lib.a(gpio.o)
 .debug_aranges
                0x00000210       0x38 /Users/shimadalocal/src/Balancer2/MCUxpresso/Balancer_2025/lib/libBalancer2_lib.a(gyro.o)
 .debug_aranges
                0x00000248       0x40 /Users/shimadalocal/src/Balancer2/MCUxpresso/Balancer_2025/lib/libBalancer2_lib.a(i2c.o)
 .debug_aranges
                0x00000288       0x60 /Users/shimadalocal/src/Balancer2/MCUxpresso/Balancer_2025/lib/libBalancer2_lib.a(log.o)
 .debug_aranges
                0x000002e8       0x28 /Users/shimadalocal/src/Balancer2/MCUxpresso/Balancer_2025/lib/libBalancer2_lib.a(system_LPC13xx.o)
 .debug_aranges
                0x00000310       0x48 /Users/shimadalocal/src/Balancer2/MCUxpresso/Balancer_2025/lib/libBalancer2_lib.a(uart.o)
 .debug_aranges
                0x00000358       0x78 /Users/shimadalocal/src/Balancer2/MCUxpresso/Balancer_2025/lib/libBalancer2_lib.a(util.o)
 .debug_aranges
                0x000003d0       0xb0 /Users/shimadalocal/src/Balancer2/MCUxpresso/Balancer_2025/lib/libBalancer2_lib.a(vs-bb022.o)
 .debug_aranges
                0x00000480       0x48 /Users/shimadalocal/src/Balancer2/MCUxpresso/Balancer_2025/lib/libBalancer2_lib.a(flash.o)
 .debug_aranges
                0x000004c8       0x18 /Users/shimadalocal/src/Balancer2/MCUxpresso/Balancer_2025/lib/libBalancer2_lib.a(mot.o)
 .debug_aranges
                0x000004e0       0x48 /Users/shimadalocal/src/Balancer2/MCUxpresso/Balancer_2025/lib/libBalancer2_lib.a(pad.o)
 .debug_aranges
                0x00000528       0x50 /Users/shimadalocal/src/Balancer2/MCUxpresso/Balancer_2025/lib/libBalancer2_lib.a(usb_user.o)
 .debug_aranges
                0x00000578       0x98 /Users/shimadalocal/src/Balancer2/MCUxpresso/Balancer_2025/lib/libBalancer2_lib.a(usb_core.o)
 .debug_aranges
                0x00000610       0x18 /Users/shimadalocal/src/Balancer2/MCUxpresso/Balancer_2025/lib/libBalancer2_lib.a(usb_descriptors.o)
 .debug_aranges
                0x00000628       0xe8 /Users/shimadalocal/src/Balancer2/MCUxpresso/Balancer_2025/lib/libBalancer2_lib.a(usb_hardware.o)
 .debug_aranges
                0x00000710       0x38 /Users/shimadalocal/src/Balancer2/MCUxpresso/Balancer_2025/lib/libBalancer2_lib.a(usb_hiduser.o)
 .debug_aranges
                0x00000748       0x20 /Applications/MCUXpressoIDE_24.12.148/ide/plugins/com.nxp.mcuxpresso.tools.macosx_24.12.0.202407110909/tools/bin/../lib/gcc/arm-none-eabi/13.2.1/../../../../arm-none-eabi/lib/thumb/v7-m/nofp/libcr_c.a(memset.o)
 .debug_aranges
                0x00000768       0xe0 /Applications/MCUXpressoIDE_24.12.148/ide/plugins/com.nxp.mcuxpresso.tools.macosx_24.12.0.202407110909/tools/bin/../lib/gcc/arm-none-eabi/13.2.1/thumb/v7-m/nofp/libcr_eabihelpers.a(double.o)

.debug_ranges   0x00000000      0x928
 .debug_ranges  0x00000000       0xe0 ./src/control.o
 .debug_ranges  0x000000e0       0x60 ./src/cr_startup_lpc13.o
 .debug_ranges  0x00000140       0x38 ./src/main.o
 .debug_ranges  0x00000178       0x28 /Users/shimadalocal/src/Balancer2/MCUxpresso/Balancer_2025/lib/libBalancer2_lib.a(adc.o)
 .debug_ranges  0x000001a0       0x30 /Users/shimadalocal/src/Balancer2/MCUxpresso/Balancer_2025/lib/libBalancer2_lib.a(current.o)
 .debug_ranges  0x000001d0       0x30 /Users/shimadalocal/src/Balancer2/MCUxpresso/Balancer_2025/lib/libBalancer2_lib.a(enc.o)
 .debug_ranges  0x00000200       0x58 /Users/shimadalocal/src/Balancer2/MCUxpresso/Balancer_2025/lib/libBalancer2_lib.a(gpio.o)
 .debug_ranges  0x00000258       0x28 /Users/shimadalocal/src/Balancer2/MCUxpresso/Balancer_2025/lib/libBalancer2_lib.a(gyro.o)
 .debug_ranges  0x00000280       0x30 /Users/shimadalocal/src/Balancer2/MCUxpresso/Balancer_2025/lib/libBalancer2_lib.a(i2c.o)
 .debug_ranges  0x000002b0       0x50 /Users/shimadalocal/src/Balancer2/MCUxpresso/Balancer_2025/lib/libBalancer2_lib.a(log.o)
 .debug_ranges  0x00000300       0x18 /Users/shimadalocal/src/Balancer2/MCUxpresso/Balancer_2025/lib/libBalancer2_lib.a(system_LPC13xx.o)
 .debug_ranges  0x00000318       0x38 /Users/shimadalocal/src/Balancer2/MCUxpresso/Balancer_2025/lib/libBalancer2_lib.a(uart.o)
 .debug_ranges  0x00000350       0x80 /Users/shimadalocal/src/Balancer2/MCUxpresso/Balancer_2025/lib/libBalancer2_lib.a(util.o)
 .debug_ranges  0x000003d0       0xa0 /Users/shimadalocal/src/Balancer2/MCUxpresso/Balancer_2025/lib/libBalancer2_lib.a(vs-bb022.o)
 .debug_ranges  0x00000470       0x38 /Users/shimadalocal/src/Balancer2/MCUxpresso/Balancer_2025/lib/libBalancer2_lib.a(flash.o)
 .debug_ranges  0x000004a8       0x38 /Users/shimadalocal/src/Balancer2/MCUxpresso/Balancer_2025/lib/libBalancer2_lib.a(pad.o)
 .debug_ranges  0x000004e0       0x40 /Users/shimadalocal/src/Balancer2/MCUxpresso/Balancer_2025/lib/libBalancer2_lib.a(usb_user.o)
 .debug_ranges  0x00000520       0x88 /Users/shimadalocal/src/Balancer2/MCUxpresso/Balancer_2025/lib/libBalancer2_lib.a(usb_core.o)
 .debug_ranges  0x000005a8       0xd8 /Users/shimadalocal/src/Balancer2/MCUxpresso/Balancer_2025/lib/libBalancer2_lib.a(usb_hardware.o)
 .debug_ranges  0x00000680       0x28 /Users/shimadalocal/src/Balancer2/MCUxpresso/Balancer_2025/lib/libBalancer2_lib.a(usb_hiduser.o)
 .debug_ranges  0x000006a8       0x10 /Applications/MCUXpressoIDE_24.12.148/ide/plugins/com.nxp.mcuxpresso.tools.macosx_24.12.0.202407110909/tools/bin/../lib/gcc/arm-none-eabi/13.2.1/../../../../arm-none-eabi/lib/thumb/v7-m/nofp/libcr_c.a(memset.o)
 .debug_ranges  0x000006b8      0x270 /Applications/MCUXpressoIDE_24.12.148/ide/plugins/com.nxp.mcuxpresso.tools.macosx_24.12.0.202407110909/tools/bin/../lib/gcc/arm-none-eabi/13.2.1/thumb/v7-m/nofp/libcr_eabihelpers.a(double.o)

.debug_line     0x00000000     0x51cc
 .debug_line    0x00000000      0x704 ./src/control.o
 .debug_line    0x00000704      0x1d4 ./src/cr_startup_lpc13.o
 .debug_line    0x000008d8      0x319 ./src/main.o
 .debug_line    0x00000bf1      0x1e6 /Users/shimadalocal/src/Balancer2/MCUxpresso/Balancer_2025/lib/libBalancer2_lib.a(adc.o)
 .debug_line    0x00000dd7      0x1e3 /Users/shimadalocal/src/Balancer2/MCUxpresso/Balancer_2025/lib/libBalancer2_lib.a(current.o)
 .debug_line    0x00000fba      0x21d /Users/shimadalocal/src/Balancer2/MCUxpresso/Balancer_2025/lib/libBalancer2_lib.a(enc.o)
 .debug_line    0x000011d7      0x23c /Users/shimadalocal/src/Balancer2/MCUxpresso/Balancer_2025/lib/libBalancer2_lib.a(gpio.o)
 .debug_line    0x00001413      0x19f /Users/shimadalocal/src/Balancer2/MCUxpresso/Balancer_2025/lib/libBalancer2_lib.a(gyro.o)
 .debug_line    0x000015b2      0x196 /Users/shimadalocal/src/Balancer2/MCUxpresso/Balancer_2025/lib/libBalancer2_lib.a(i2c.o)
 .debug_line    0x00001748      0x21b /Users/shimadalocal/src/Balancer2/MCUxpresso/Balancer_2025/lib/libBalancer2_lib.a(log.o)
 .debug_line    0x00001963      0x18c /Users/shimadalocal/src/Balancer2/MCUxpresso/Balancer_2025/lib/libBalancer2_lib.a(system_LPC13xx.o)
 .debug_line    0x00001aef      0x22e /Users/shimadalocal/src/Balancer2/MCUxpresso/Balancer_2025/lib/libBalancer2_lib.a(uart.o)
 .debug_line    0x00001d1d      0x204 /Users/shimadalocal/src/Balancer2/MCUxpresso/Balancer_2025/lib/libBalancer2_lib.a(util.o)
 .debug_line    0x00001f21      0x416 /Users/shimadalocal/src/Balancer2/MCUxpresso/Balancer_2025/lib/libBalancer2_lib.a(vs-bb022.o)
 .debug_line    0x00002337      0x195 /Users/shimadalocal/src/Balancer2/MCUxpresso/Balancer_2025/lib/libBalancer2_lib.a(flash.o)
 .debug_line    0x000024cc       0x93 /Users/shimadalocal/src/Balancer2/MCUxpresso/Balancer_2025/lib/libBalancer2_lib.a(mot.o)
 .debug_line    0x0000255f      0x209 /Users/shimadalocal/src/Balancer2/MCUxpresso/Balancer_2025/lib/libBalancer2_lib.a(pad.o)
 .debug_line    0x00002768      0x2e8 /Users/shimadalocal/src/Balancer2/MCUxpresso/Balancer_2025/lib/libBalancer2_lib.a(usb_user.o)
 .debug_line    0x00002a50      0x477 /Users/shimadalocal/src/Balancer2/MCUxpresso/Balancer_2025/lib/libBalancer2_lib.a(usb_core.o)
 .debug_line    0x00002ec7      0x13c /Users/shimadalocal/src/Balancer2/MCUxpresso/Balancer_2025/lib/libBalancer2_lib.a(usb_descriptors.o)
 .debug_line    0x00003003      0x43e /Users/shimadalocal/src/Balancer2/MCUxpresso/Balancer_2025/lib/libBalancer2_lib.a(usb_hardware.o)
 .debug_line    0x00003441      0x19a /Users/shimadalocal/src/Balancer2/MCUxpresso/Balancer_2025/lib/libBalancer2_lib.a(usb_hiduser.o)
 .debug_line    0x000035db       0xb3 /Applications/MCUXpressoIDE_24.12.148/ide/plugins/com.nxp.mcuxpresso.tools.macosx_24.12.0.202407110909/tools/bin/../lib/gcc/arm-none-eabi/13.2.1/../../../../arm-none-eabi/lib/thumb/v7-m/nofp/libcr_c.a(memset.o)
 .debug_line    0x0000368e     0x1b3e /Applications/MCUXpressoIDE_24.12.148/ide/plugins/com.nxp.mcuxpresso.tools.macosx_24.12.0.202407110909/tools/bin/../lib/gcc/arm-none-eabi/13.2.1/thumb/v7-m/nofp/libcr_eabihelpers.a(double.o)

.debug_str      0x00000000     0x2756
 .debug_str     0x00000000     0x2756 ./src/control.o
                                0x6db (size before relaxing)
 .debug_str     0x00002756      0x28e ./src/cr_startup_lpc13.o
 .debug_str     0x00002756      0x683 ./src/main.o
 .debug_str     0x00002756      0xdf1 /Users/shimadalocal/src/Balancer2/MCUxpresso/Balancer_2025/lib/libBalancer2_lib.a(adc.o)
 .debug_str     0x00002756      0x622 /Users/shimadalocal/src/Balancer2/MCUxpresso/Balancer_2025/lib/libBalancer2_lib.a(current.o)
 .debug_str     0x00002756      0xad2 /Users/shimadalocal/src/Balancer2/MCUxpresso/Balancer_2025/lib/libBalancer2_lib.a(enc.o)
 .debug_str     0x00002756      0x916 /Users/shimadalocal/src/Balancer2/MCUxpresso/Balancer_2025/lib/libBalancer2_lib.a(gpio.o)
 .debug_str     0x00002756      0x5ef /Users/shimadalocal/src/Balancer2/MCUxpresso/Balancer_2025/lib/libBalancer2_lib.a(gyro.o)
 .debug_str     0x00002756      0xaf1 /Users/shimadalocal/src/Balancer2/MCUxpresso/Balancer_2025/lib/libBalancer2_lib.a(i2c.o)
 .debug_str     0x00002756      0x5da /Users/shimadalocal/src/Balancer2/MCUxpresso/Balancer_2025/lib/libBalancer2_lib.a(log.o)
 .debug_str     0x00002756      0x495 /Users/shimadalocal/src/Balancer2/MCUxpresso/Balancer_2025/lib/libBalancer2_lib.a(system_LPC13xx.o)
 .debug_str     0x00002756      0xeb2 /Users/shimadalocal/src/Balancer2/MCUxpresso/Balancer_2025/lib/libBalancer2_lib.a(uart.o)
 .debug_str     0x00002756      0x262 /Users/shimadalocal/src/Balancer2/MCUxpresso/Balancer_2025/lib/libBalancer2_lib.a(util.o)
 .debug_str     0x00002756     0x10df /Users/shimadalocal/src/Balancer2/MCUxpresso/Balancer_2025/lib/libBalancer2_lib.a(vs-bb022.o)
 .debug_str     0x00002756      0x5dd /Users/shimadalocal/src/Balancer2/MCUxpresso/Balancer_2025/lib/libBalancer2_lib.a(flash.o)
 .debug_str     0x00002756      0x504 /Users/shimadalocal/src/Balancer2/MCUxpresso/Balancer_2025/lib/libBalancer2_lib.a(mot.o)
 .debug_str     0x00002756      0x6bf /Users/shimadalocal/src/Balancer2/MCUxpresso/Balancer_2025/lib/libBalancer2_lib.a(pad.o)
 .debug_str     0x00002756      0xf06 /Users/shimadalocal/src/Balancer2/MCUxpresso/Balancer_2025/lib/libBalancer2_lib.a(usb_user.o)
 .debug_str     0x00002756      0x776 /Users/shimadalocal/src/Balancer2/MCUxpresso/Balancer_2025/lib/libBalancer2_lib.a(usb_core.o)
 .debug_str     0x00002756      0x5b9 /Users/shimadalocal/src/Balancer2/MCUxpresso/Balancer_2025/lib/libBalancer2_lib.a(usb_descriptors.o)
 .debug_str     0x00002756      0x7b3 /Users/shimadalocal/src/Balancer2/MCUxpresso/Balancer_2025/lib/libBalancer2_lib.a(usb_hardware.o)
 .debug_str     0x00002756      0x640 /Users/shimadalocal/src/Balancer2/MCUxpresso/Balancer_2025/lib/libBalancer2_lib.a(usb_hiduser.o)
 .debug_str     0x00002756      0x180 /Applications/MCUXpressoIDE_24.12.148/ide/plugins/com.nxp.mcuxpresso.tools.macosx_24.12.0.202407110909/tools/bin/../lib/gcc/arm-none-eabi/13.2.1/../../../../arm-none-eabi/lib/thumb/v7-m/nofp/libcr_c.a(memset.o)
 .debug_str     0x00002756      0x374 /Applications/MCUXpressoIDE_24.12.148/ide/plugins/com.nxp.mcuxpresso.tools.macosx_24.12.0.202407110909/tools/bin/../lib/gcc/arm-none-eabi/13.2.1/thumb/v7-m/nofp/libcr_eabihelpers.a(double.o)

.comment        0x00000000       0xb4
 .comment       0x00000000       0xb4 ./src/control.o
                                 0x45 (size before relaxing)
 .comment       0x000000b4       0x45 ./src/cr_startup_lpc13.o
 .comment       0x000000b4       0x45 ./src/main.o
 .comment       0x000000b4       0x71 /Users/shimadalocal/src/Balancer2/MCUxpresso/Balancer_2025/lib/libBalancer2_lib.a(adc.o)
 .comment       0x000000b4       0x71 /Users/shimadalocal/src/Balancer2/MCUxpresso/Balancer_2025/lib/libBalancer2_lib.a(current.o)
 .comment       0x000000b4       0x71 /Users/shimadalocal/src/Balancer2/MCUxpresso/Balancer_2025/lib/libBalancer2_lib.a(enc.o)
 .comment       0x000000b4       0x71 /Users/shimadalocal/src/Balancer2/MCUxpresso/Balancer_2025/lib/libBalancer2_lib.a(gpio.o)
 .comment       0x000000b4       0x71 /Users/shimadalocal/src/Balancer2/MCUxpresso/Balancer_2025/lib/libBalancer2_lib.a(gyro.o)
 .comment       0x000000b4       0x71 /Users/shimadalocal/src/Balancer2/MCUxpresso/Balancer_2025/lib/libBalancer2_lib.a(i2c.o)
 .comment       0x000000b4       0x71 /Users/shimadalocal/src/Balancer2/MCUxpresso/Balancer_2025/lib/libBalancer2_lib.a(log.o)
 .comment       0x000000b4       0x71 /Users/shimadalocal/src/Balancer2/MCUxpresso/Balancer_2025/lib/libBalancer2_lib.a(system_LPC13xx.o)
 .comment       0x000000b4       0x71 /Users/shimadalocal/src/Balancer2/MCUxpresso/Balancer_2025/lib/libBalancer2_lib.a(uart.o)
 .comment       0x000000b4       0x71 /Users/shimadalocal/src/Balancer2/MCUxpresso/Balancer_2025/lib/libBalancer2_lib.a(util.o)
 .comment       0x000000b4       0x71 /Users/shimadalocal/src/Balancer2/MCUxpresso/Balancer_2025/lib/libBalancer2_lib.a(vs-bb022.o)
 .comment       0x000000b4       0x71 /Users/shimadalocal/src/Balancer2/MCUxpresso/Balancer_2025/lib/libBalancer2_lib.a(flash.o)
 .comment       0x000000b4       0x71 /Users/shimadalocal/src/Balancer2/MCUxpresso/Balancer_2025/lib/libBalancer2_lib.a(mot.o)
 .comment       0x000000b4       0x71 /Users/shimadalocal/src/Balancer2/MCUxpresso/Balancer_2025/lib/libBalancer2_lib.a(pad.o)
 .comment       0x000000b4       0x71 /Users/shimadalocal/src/Balancer2/MCUxpresso/Balancer_2025/lib/libBalancer2_lib.a(usb_user.o)
 .comment       0x000000b4       0x71 /Users/shimadalocal/src/Balancer2/MCUxpresso/Balancer_2025/lib/libBalancer2_lib.a(usb_core.o)
 .comment       0x000000b4       0x71 /Users/shimadalocal/src/Balancer2/MCUxpresso/Balancer_2025/lib/libBalancer2_lib.a(usb_descriptors.o)
 .comment       0x000000b4       0x71 /Users/shimadalocal/src/Balancer2/MCUxpresso/Balancer_2025/lib/libBalancer2_lib.a(usb_hardware.o)
 .comment       0x000000b4       0x71 /Users/shimadalocal/src/Balancer2/MCUxpresso/Balancer_2025/lib/libBalancer2_lib.a(usb_hiduser.o)
 .comment       0x000000b4       0x45 /Applications/MCUXpressoIDE_24.12.148/ide/plugins/com.nxp.mcuxpresso.tools.macosx_24.12.0.202407110909/tools/bin/../lib/gcc/arm-none-eabi/13.2.1/../../../../arm-none-eabi/lib/thumb/v7-m/nofp/libcr_c.a(memset.o)
 .comment       0x000000b4       0x45 /Applications/MCUXpressoIDE_24.12.148/ide/plugins/com.nxp.mcuxpresso.tools.macosx_24.12.0.202407110909/tools/bin/../lib/gcc/arm-none-eabi/13.2.1/thumb/v7-m/nofp/libcr_eabihelpers.a(double.o)

.ARM.attributes
                0x00000000       0x2b
 .ARM.attributes
                0x00000000       0x2d ./src/control.o
 .ARM.attributes
                0x0000002d       0x2d ./src/cr_startup_lpc13.o
 .ARM.attributes
                0x0000005a       0x2d ./src/main.o
 .ARM.attributes
                0x00000087       0x33 /Users/shimadalocal/src/Balancer2/MCUxpresso/Balancer_2025/lib/libBalancer2_lib.a(adc.o)
 .ARM.attributes
                0x000000ba       0x33 /Users/shimadalocal/src/Balancer2/MCUxpresso/Balancer_2025/lib/libBalancer2_lib.a(current.o)
 .ARM.attributes
                0x000000ed       0x33 /Users/shimadalocal/src/Balancer2/MCUxpresso/Balancer_2025/lib/libBalancer2_lib.a(enc.o)
 .ARM.attributes
                0x00000120       0x33 /Users/shimadalocal/src/Balancer2/MCUxpresso/Balancer_2025/lib/libBalancer2_lib.a(gpio.o)
 .ARM.attributes
                0x00000153       0x33 /Users/shimadalocal/src/Balancer2/MCUxpresso/Balancer_2025/lib/libBalancer2_lib.a(gyro.o)
 .ARM.attributes
                0x00000186       0x33 /Users/shimadalocal/src/Balancer2/MCUxpresso/Balancer_2025/lib/libBalancer2_lib.a(i2c.o)
 .ARM.attributes
                0x000001b9       0x33 /Users/shimadalocal/src/Balancer2/MCUxpresso/Balancer_2025/lib/libBalancer2_lib.a(log.o)
 .ARM.attributes
                0x000001ec       0x33 /Users/shimadalocal/src/Balancer2/MCUxpresso/Balancer_2025/lib/libBalancer2_lib.a(system_LPC13xx.o)
 .ARM.attributes
                0x0000021f       0x33 /Users/shimadalocal/src/Balancer2/MCUxpresso/Balancer_2025/lib/libBalancer2_lib.a(uart.o)
 .ARM.attributes
                0x00000252       0x33 /Users/shimadalocal/src/Balancer2/MCUxpresso/Balancer_2025/lib/libBalancer2_lib.a(util.o)
 .ARM.attributes
                0x00000285       0x33 /Users/shimadalocal/src/Balancer2/MCUxpresso/Balancer_2025/lib/libBalancer2_lib.a(vs-bb022.o)
 .ARM.attributes
                0x000002b8       0x33 /Users/shimadalocal/src/Balancer2/MCUxpresso/Balancer_2025/lib/libBalancer2_lib.a(flash.o)
 .ARM.attributes
                0x000002eb       0x33 /Users/shimadalocal/src/Balancer2/MCUxpresso/Balancer_2025/lib/libBalancer2_lib.a(mot.o)
 .ARM.attributes
                0x0000031e       0x33 /Users/shimadalocal/src/Balancer2/MCUxpresso/Balancer_2025/lib/libBalancer2_lib.a(pad.o)
 .ARM.attributes
                0x00000351       0x33 /Users/shimadalocal/src/Balancer2/MCUxpresso/Balancer_2025/lib/libBalancer2_lib.a(usb_user.o)
 .ARM.attributes
                0x00000384       0x33 /Users/shimadalocal/src/Balancer2/MCUxpresso/Balancer_2025/lib/libBalancer2_lib.a(usb_core.o)
 .ARM.attributes
                0x000003b7       0x33 /Users/shimadalocal/src/Balancer2/MCUxpresso/Balancer_2025/lib/libBalancer2_lib.a(usb_descriptors.o)
 .ARM.attributes
                0x000003ea       0x33 /Users/shimadalocal/src/Balancer2/MCUxpresso/Balancer_2025/lib/libBalancer2_lib.a(usb_hardware.o)
 .ARM.attributes
                0x0000041d       0x33 /Users/shimadalocal/src/Balancer2/MCUxpresso/Balancer_2025/lib/libBalancer2_lib.a(usb_hiduser.o)
 .ARM.attributes
                0x00000450       0x2d /Applications/MCUXpressoIDE_24.12.148/ide/plugins/com.nxp.mcuxpresso.tools.macosx_24.12.0.202407110909/tools/bin/../lib/gcc/arm-none-eabi/13.2.1/../../../../arm-none-eabi/lib/thumb/v7-m/nofp/libcr_c.a(memset.o)
 .ARM.attributes
                0x0000047d       0x1b /Applications/MCUXpressoIDE_24.12.148/ide/plugins/com.nxp.mcuxpresso.tools.macosx_24.12.0.202407110909/tools/bin/../lib/gcc/arm-none-eabi/13.2.1/thumb/v7-m/nofp/libcr_eabihelpers.a(division_64.o)
 .ARM.attributes
                0x00000498       0x1b /Applications/MCUXpressoIDE_24.12.148/ide/plugins/com.nxp.mcuxpresso.tools.macosx_24.12.0.202407110909/tools/bin/../lib/gcc/arm-none-eabi/13.2.1/thumb/v7-m/nofp/libcr_eabihelpers.a(division_idiv0.o)
 .ARM.attributes
                0x000004b3       0x2d /Applications/MCUXpressoIDE_24.12.148/ide/plugins/com.nxp.mcuxpresso.tools.macosx_24.12.0.202407110909/tools/bin/../lib/gcc/arm-none-eabi/13.2.1/thumb/v7-m/nofp/libcr_eabihelpers.a(double.o)
 .ARM.attributes
                0x000004e0       0x1b /Applications/MCUXpressoIDE_24.12.148/ide/plugins/com.nxp.mcuxpresso.tools.macosx_24.12.0.202407110909/tools/bin/../lib/gcc/arm-none-eabi/13.2.1/thumb/v7-m/nofp/libcr_eabihelpers.a(memcpy.o)

.debug_frame    0x00000000     0x142c
 .debug_frame   0x00000000      0x140 ./src/control.o
 .debug_frame   0x00000140       0xc8 ./src/cr_startup_lpc13.o
 .debug_frame   0x00000208       0x50 ./src/main.o
 .debug_frame   0x00000258       0x58 /Users/shimadalocal/src/Balancer2/MCUxpresso/Balancer_2025/lib/libBalancer2_lib.a(adc.o)
 .debug_frame   0x000002b0       0x94 /Users/shimadalocal/src/Balancer2/MCUxpresso/Balancer_2025/lib/libBalancer2_lib.a(current.o)
 .debug_frame   0x00000344       0x90 /Users/shimadalocal/src/Balancer2/MCUxpresso/Balancer_2025/lib/libBalancer2_lib.a(enc.o)
 .debug_frame   0x000003d4       0xd4 /Users/shimadalocal/src/Balancer2/MCUxpresso/Balancer_2025/lib/libBalancer2_lib.a(gpio.o)
 .debug_frame   0x000004a8       0x78 /Users/shimadalocal/src/Balancer2/MCUxpresso/Balancer_2025/lib/libBalancer2_lib.a(gyro.o)
 .debug_frame   0x00000520       0x74 /Users/shimadalocal/src/Balancer2/MCUxpresso/Balancer_2025/lib/libBalancer2_lib.a(i2c.o)
 .debug_frame   0x00000594       0xc0 /Users/shimadalocal/src/Balancer2/MCUxpresso/Balancer_2025/lib/libBalancer2_lib.a(log.o)
 .debug_frame   0x00000654       0x30 /Users/shimadalocal/src/Balancer2/MCUxpresso/Balancer_2025/lib/libBalancer2_lib.a(system_LPC13xx.o)
 .debug_frame   0x00000684       0x88 /Users/shimadalocal/src/Balancer2/MCUxpresso/Balancer_2025/lib/libBalancer2_lib.a(uart.o)
 .debug_frame   0x0000070c      0x144 /Users/shimadalocal/src/Balancer2/MCUxpresso/Balancer_2025/lib/libBalancer2_lib.a(util.o)
 .debug_frame   0x00000850      0x1b4 /Users/shimadalocal/src/Balancer2/MCUxpresso/Balancer_2025/lib/libBalancer2_lib.a(vs-bb022.o)
 .debug_frame   0x00000a04       0xb0 /Users/shimadalocal/src/Balancer2/MCUxpresso/Balancer_2025/lib/libBalancer2_lib.a(flash.o)
 .debug_frame   0x00000ab4       0xb0 /Users/shimadalocal/src/Balancer2/MCUxpresso/Balancer_2025/lib/libBalancer2_lib.a(pad.o)
 .debug_frame   0x00000b64       0xb0 /Users/shimadalocal/src/Balancer2/MCUxpresso/Balancer_2025/lib/libBalancer2_lib.a(usb_user.o)
 .debug_frame   0x00000c14      0x1d8 /Users/shimadalocal/src/Balancer2/MCUxpresso/Balancer_2025/lib/libBalancer2_lib.a(usb_core.o)
 .debug_frame   0x00000dec      0x318 /Users/shimadalocal/src/Balancer2/MCUxpresso/Balancer_2025/lib/libBalancer2_lib.a(usb_hardware.o)
 .debug_frame   0x00001104       0x70 /Users/shimadalocal/src/Balancer2/MCUxpresso/Balancer_2025/lib/libBalancer2_lib.a(usb_hiduser.o)
 .debug_frame   0x00001174       0x20 /Applications/MCUXpressoIDE_24.12.148/ide/plugins/com.nxp.mcuxpresso.tools.macosx_24.12.0.202407110909/tools/bin/../lib/gcc/arm-none-eabi/13.2.1/../../../../arm-none-eabi/lib/thumb/v7-m/nofp/libcr_c.a(memset.o)
 .debug_frame   0x00001194      0x298 /Applications/MCUXpressoIDE_24.12.148/ide/plugins/com.nxp.mcuxpresso.tools.macosx_24.12.0.202407110909/tools/bin/../lib/gcc/arm-none-eabi/13.2.1/thumb/v7-m/nofp/libcr_eabihelpers.a(double.o)
