Archive member included to satisfy reference by file (symbol)

/Users/shimadalocal/src/Balancer2/MCUxpresso/Balancer_2025/lib/libBalancer2_lib.a(adc.o)
                              ./src/control.o (memmap)
/Users/shimadalocal/src/Balancer2/MCUxpresso/Balancer_2025/lib/libBalancer2_lib.a(current.o)
                              ./src/control.o (ClearCurrentVariables)
/Users/shimadalocal/src/Balancer2/MCUxpresso/Balancer_2025/lib/libBalancer2_lib.a(enc.o)
                              ./src/control.o (ClearEncVariables)
/Users/shimadalocal/src/Balancer2/MCUxpresso/Balancer_2025/lib/libBalancer2_lib.a(gpio.o)
                              /Users/shimadalocal/src/Balancer2/MCUxpresso/Balancer_2025/lib/libBalancer2_lib.a(enc.o) (GPIOSetDir)
/Users/shimadalocal/src/Balancer2/MCUxpresso/Balancer_2025/lib/libBalancer2_lib.a(gyro.o)
                              ./src/control.o (ClearGyroVariables)
/Users/shimadalocal/src/Balancer2/MCUxpresso/Balancer_2025/lib/libBalancer2_lib.a(i2c.o)
                              /Users/shimadalocal/src/Balancer2/MCUxpresso/Balancer_2025/lib/libBalancer2_lib.a(gyro.o) (I2CMasterBuffer)
/Users/shimadalocal/src/Balancer2/MCUxpresso/Balancer_2025/lib/libBalancer2_lib.a(log.o)
                              ./src/main.o (isLogEnable)
/Users/shimadalocal/src/Balancer2/MCUxpresso/Balancer_2025/lib/libBalancer2_lib.a(system_LPC13xx.o)
                              ./src/cr_startup_lpc13.o (SystemInit)
/Users/shimadalocal/src/Balancer2/MCUxpresso/Balancer_2025/lib/libBalancer2_lib.a(uart.o)
                              ./src/main.o (UARTInit)
/Users/shimadalocal/src/Balancer2/MCUxpresso/Balancer_2025/lib/libBalancer2_lib.a(util.o)
                              /Users/shimadalocal/src/Balancer2/MCUxpresso/Balancer_2025/lib/libBalancer2_lib.a(current.o) (getCnt)
/Users/shimadalocal/src/Balancer2/MCUxpresso/Balancer_2025/lib/libBalancer2_lib.a(vs-bb022.o)
                              /Users/shimadalocal/src/Balancer2/MCUxpresso/Balancer_2025/lib/libBalancer2_lib.a(enc.o) (SystickSyncCnt)
/Users/shimadalocal/src/Balancer2/MCUxpresso/Balancer_2025/lib/libBalancer2_lib.a(flash.o)
                              /Users/shimadalocal/src/Balancer2/MCUxpresso/Balancer_2025/lib/libBalancer2_lib.a(log.o) (srcbuf)
/Users/shimadalocal/src/Balancer2/MCUxpresso/Balancer_2025/lib/libBalancer2_lib.a(mot.o)
                              /Users/shimadalocal/src/Balancer2/MCUxpresso/Balancer_2025/lib/libBalancer2_lib.a(flash.o) (Constmemmap)
/Users/shimadalocal/src/Balancer2/MCUxpresso/Balancer_2025/lib/libBalancer2_lib.a(pad.o)
                              /Users/shimadalocal/src/Balancer2/MCUxpresso/Balancer_2025/lib/libBalancer2_lib.a(vs-bb022.o) (PADProc)
/Users/shimadalocal/src/Balancer2/MCUxpresso/Balancer_2025/lib/libBalancer2_lib.a(usb_user.o)
                              /Users/shimadalocal/src/Balancer2/MCUxpresso/Balancer_2025/lib/libBalancer2_lib.a(vs-bb022.o) (USBInit)
/Users/shimadalocal/src/Balancer2/MCUxpresso/Balancer_2025/lib/libBalancer2_lib.a(usb_core.o)
                              /Users/shimadalocal/src/Balancer2/MCUxpresso/Balancer_2025/lib/libBalancer2_lib.a(usb_user.o) (USB_ResetCore)
/Users/shimadalocal/src/Balancer2/MCUxpresso/Balancer_2025/lib/libBalancer2_lib.a(usb_descriptors.o)
                              /Users/shimadalocal/src/Balancer2/MCUxpresso/Balancer_2025/lib/libBalancer2_lib.a(usb_core.o) (USB_StringDescriptor)
/Users/shimadalocal/src/Balancer2/MCUxpresso/Balancer_2025/lib/libBalancer2_lib.a(usb_hardware.o)
                              /Users/shimadalocal/src/Balancer2/MCUxpresso/Balancer_2025/lib/libBalancer2_lib.a(usb_user.o) (USB_Connect)
/Users/shimadalocal/src/Balancer2/MCUxpresso/Balancer_2025/lib/libBalancer2_lib.a(usb_hiduser.o)
                              /Users/shimadalocal/src/Balancer2/MCUxpresso/Balancer_2025/lib/libBalancer2_lib.a(usb_core.o) (HID_GetIdle)
/Applications/MCUXpressoIDE_24.12.148/ide/plugins/com.nxp.mcuxpresso.tools.macosx_24.12.0.202407110909/tools/bin/../lib/gcc/arm-none-eabi/13.2.1/../../../../arm-none-eabi/lib/thumb/v7-m/nofp/libcr_c.a(memcpy.o)
                              ./src/control.o (memcpy)
/Applications/MCUXpressoIDE_24.12.148/ide/plugins/com.nxp.mcuxpresso.tools.macosx_24.12.0.202407110909/tools/bin/../lib/gcc/arm-none-eabi/13.2.1/../../../../arm-none-eabi/lib/thumb/v7-m/nofp/libcr_c.a(memset.o)
                              ./src/control.o (memset)
/Applications/MCUXpressoIDE_24.12.148/ide/plugins/com.nxp.mcuxpresso.tools.macosx_24.12.0.202407110909/tools/bin/../lib/gcc/arm-none-eabi/13.2.1/thumb/v7-m/nofp/libcr_eabihelpers.a(division_64.o)
                              ./src/control.o (__aeabi_ldivmod)
/Applications/MCUXpressoIDE_24.12.148/ide/plugins/com.nxp.mcuxpresso.tools.macosx_24.12.0.202407110909/tools/bin/../lib/gcc/arm-none-eabi/13.2.1/thumb/v7-m/nofp/libcr_eabihelpers.a(division_idiv0.o)
[...]
Memory Configuration

Name             Origin             Length             Attributes
MFlash32         0x00000000         0x00007000         xr
FlashMap         0x00007000         0x00001000         xr
RamLoc8          0x10000000         0x00002000         xrw
*default*        0x00000000         0xffffffff

Linker script and memory map

LOAD ./src/control.o
LOAD ./src/cr_startup_lpc13.o
LOAD ./src/main.o
LOAD /Users/shimadalocal/src/Balancer2/MCUxpresso/Balancer_2025/lib/libBalancer2_lib.a
START GROUP
LOAD /Applications/MCUXpressoIDE_24.12.148/ide/plugins/com.nxp.mcuxpresso.tools.macosx_24.12.0.202407110909/tools/bin/../lib/gcc/arm-none-eabi/13.2.1/../../../../arm-none-eabi/lib/thumb/v7-m/nofp/libcr_semihost.a
LOAD /Applications/MCUXpressoIDE_24.12.148/ide/plugins/com.nxp.mcuxpresso.tools.macosx_24.12.0.202407110909/tools/bin/../lib/gcc/arm-none-eabi/13.2.1/../../../../arm-none-eabi/lib/thumb/v7-m/nofp/libcr_c.a
LOAD /Applications/MCUXpressoIDE_24.12.148/ide/plugins/com.nxp.mcuxpresso.tools.macosx_24.12.0.202407110909/tools/bin/../lib/gcc/arm-none-eabi/13.2.1/thumb/v7-m/nofp/libcr_eabihelpers.a
END GROUP
                0x00007000                        __top_MFlash32 = 0x7000
                0x00008000                        __top_FlashMap = 0x8000
                0x10002000                        __top_RamLoc8 = 0x10002000

.text           0x00000000     0x4778
 *(.isr_vector)
 .isr_vector    0x00000000      0x124 ./src/cr_startup_lpc13.o
                0x00000000                g_pfnVectors
 *(.text*)
 .text.ClearVariables
                0x00000124       0x24 ./src/control.o
                0x00000124                ClearVariables
 .text.calibrarion
                0x00000148       0xf0 ./src/control.o
                0x00000148                calibrarion
 .text.Control_Adaptive
                0x00000238      0x2d4 ./src/control.o
                0x00000238                Control_Adaptive
 *fill*         0x0000050c        0x4 
 .text.Control  0x00000510      0x138 ./src/control.o
                0x00000510                Control
 .text.VS_C3Control
                0x00000648       0x7c ./src/control.o
                0x00000648                VS_C3Control
 *fill*         0x000006c4        0x4 
 .text.isWhleeOverSpeed
                0x000006c8       0xd8 ./src/control.o
                0x000006c8                isWhleeOverSpeed
 .text.NMI_Handler
                0x000007a0        0x2 ./src/cr_startup_lpc13.o
                0x000007a0                NMI_Handler
 .text.HardFault_Handler
                0x000007a2        0x2 ./src/cr_startup_lpc13.o
                0x000007a2                HardFault_Handler
 .text.MemManage_Handler
                0x000007a4        0x2 ./src/cr_startup_lpc13.o
                0x000007a4                MemManage_Handler
 .text.BusFault_Handler
                0x000007a6        0x2 ./src/cr_startup_lpc13.o
                0x000007a6                BusFault_Handler
 .text.UsageFault_Handler
                0x000007a8        0x2 ./src/cr_startup_lpc13.o
                0x000007a8                UsageFault_Handler
 .text.SVCall_Handler
                0x000007aa        0x2 ./src/cr_startup_lpc13.o
                0x000007aa                SVCall_Handler
 .text.DebugMon_Handler
                0x000007ac        0x2 ./src/cr_startup_lpc13.o
                0x000007ac                DebugMon_Handler
 .text.PendSV_Handler
                0x000007ae        0x2 ./src/cr_startup_lpc13.o
                0x000007ae                PendSV_Handler
 .text.IntDefaultHandler
                0x000007b0        0x2 ./src/cr_startup_lpc13.o
                0x000007b0                FMC_IRQHandler
                0x000007b0                TIMER32_1_IRQHandler
                0x000007b0                PIOINT1_IRQHandler
                0x000007b0                SSP_IRQHandler
                0x000007b0                TIMER16_1_IRQHandler
                0x000007b0                USB_FIQHandler
                0x000007b0                PIOINT2_IRQHandler
                0x000007b0                BOD_IRQHandler
                0x000007b0                WAKEUP_IRQHandler
                0x000007b0                PIOINT0_IRQHandler
                0x000007b0                WDT_IRQHandler
                0x000007b0                PIOINT3_IRQHandler
                0x000007b0                TIMER16_0_IRQHandler
 *fill*         0x000007b2        0x2 
 .text.Reset_Handler
                0x000007b4       0x64 ./src/cr_startup_lpc13.o
                0x000007b4                Reset_Handler
                0x000007b4                ResetISR
 .text.LedBlink
                0x00000818       0x50 ./src/main.o
                0x00000818                LedBlink
 .text.main     0x00000868      0x130 ./src/main.o
                0x00000868                main
 .text.ADCInit  0x00000998       0xa0 /Users/shimadalocal/src/Balancer2/MCUxpresso/Balancer_2025/lib/libBalancer2_lib.a(adc.o)
                0x00000998                ADCInit
 .text.ADCRead  0x00000a38       0x24 /Users/shimadalocal/src/Balancer2/MCUxpresso/Balancer_2025/lib/libBalancer2_lib.a(adc.o)
                0x00000a38                ADCRead
 .text.ADC_IRQHandler
                0x00000a5c      0x164 /Users/shimadalocal/src/Balancer2/MCUxpresso/Balancer_2025/lib/libBalancer2_lib.a(adc.o)
                0x00000a5c                ADC_IRQHandler
 .text.ClearCurrentVariables
                0x00000bc0       0x64 /Users/shimadalocal/src/Balancer2/MCUxpresso/Balancer_2025/lib/libBalancer2_lib.a(current.o)
                0x00000bc0                ClearCurrentVariables
 .text.getCurrent
                0x00000c24       0x6c /Users/shimadalocal/src/Balancer2/MCUxpresso/Balancer_2025/lib/libBalancer2_lib.a(current.o)
                0x00000c24                getCurrent
 .text.CurrentControlDisable
                0x00000c90       0x10 /Users/shimadalocal/src/Balancer2/MCUxpresso/Balancer_2025/lib/libBalancer2_lib.a(current.o)
                0x00000c90                CurrentControlDisable
 .text.CurrentControlEnable
                0x00000ca0       0x10 /Users/shimadalocal/src/Balancer2/MCUxpresso/Balancer_2025/lib/libBalancer2_lib.a(current.o)
                0x00000ca0                CurrentControlEnable
 .text.MTRCurrentControlProc
                0x00000cb0      0x234 /Users/shimadalocal/src/Balancer2/MCUxpresso/Balancer_2025/lib/libBalancer2_lib.a(current.o)
                0x00000cb0                MTRCurrentControlProc
 .text.InitEncoder
                0x00000ee4       0x94 /Users/shimadalocal/src/Balancer2/MCUxpresso/Balancer_2025/lib/libBalancer2_lib.a(enc.o)
                0x00000ee4                InitEncoder
 .text.ClearEncVariables
                0x00000f78       0x28 /Users/shimadalocal/src/Balancer2/MCUxpresso/Balancer_2025/lib/libBalancer2_lib.a(enc.o)
                0x00000f78                ClearEncVariables
 .text.EncProc  0x00000fa0      0x188 /Users/shimadalocal/src/Balancer2/MCUxpresso/Balancer_2025/lib/libBalancer2_lib.a(enc.o)
                0x00000fa0                EncProc
 .text.IntEncoder
                0x00001128       0x90 /Users/shimadalocal/src/Balancer2/MCUxpresso/Balancer_2025/lib/libBalancer2_lib.a(enc.o)
                0x00001128                IntEncoder
 .text.SysTick_Handler
                0x000011b8       0x44 /Users/shimadalocal/src/Balancer2/MCUxpresso/Balancer_2025/lib/libBalancer2_lib.a(enc.o)
                0x000011b8                SysTick_Handler
 .text.GPIOSetDir
                0x000011fc       0xf0 /Users/shimadalocal/src/Balancer2/MCUxpresso/Balancer_2025/lib/libBalancer2_lib.a(gpio.o)
                0x000011fc                GPIOSetDir
 .text.GPIOSetValue
                0x000012ec       0x60 /Users/shimadalocal/src/Balancer2/MCUxpresso/Balancer_2025/lib/libBalancer2_lib.a(gpio.o)
                0x000012ec                GPIOSetValue
 .text.GPIOGetValueBit
                0x0000134c       0x60 /Users/shimadalocal/src/Balancer2/MCUxpresso/Balancer_2025/lib/libBalancer2_lib.a(gpio.o)
                0x0000134c                GPIOGetValueBit
 .text.ClearGyroVariables
                0x000013ac       0x1c /Users/shimadalocal/src/Balancer2/MCUxpresso/Balancer_2025/lib/libBalancer2_lib.a(gyro.o)
                0x000013ac                ClearGyroVariables
 .text.SetI2CGain
                0x000013c8       0x70 /Users/shimadalocal/src/Balancer2/MCUxpresso/Balancer_2025/lib/libBalancer2_lib.a(gyro.o)
                0x000013c8                SetI2CGain
 .text.getGyroI2C
                0x00001438       0x50 /Users/shimadalocal/src/Balancer2/MCUxpresso/Balancer_2025/lib/libBalancer2_lib.a(gyro.o)
                0x00001438                getGyroI2C
 .text.GyroProc
                0x00001488       0xe8 /Users/shimadalocal/src/Balancer2/MCUxpresso/Balancer_2025/lib/libBalancer2_lib.a(gyro.o)
                0x00001488                GyroProc
 .text.I2C_IRQHandler
                0x00001570      0x230 /Users/shimadalocal/src/Balancer2/MCUxpresso/Balancer_2025/lib/libBalancer2_lib.a(i2c.o)
                0x00001570                I2C_IRQHandler
 .text.I2CStart
                0x000017a0       0x50 /Users/shimadalocal/src/Balancer2/MCUxpresso/Balancer_2025/lib/libBalancer2_lib.a(i2c.o)
                0x000017a0                I2CStart
 .text.I2CStop  0x000017f0       0x1c /Users/shimadalocal/src/Balancer2/MCUxpresso/Balancer_2025/lib/libBalancer2_lib.a(i2c.o)
                0x000017f0                I2CStop
 .text.I2CInit  0x0000180c       0x70 /Users/shimadalocal/src/Balancer2/MCUxpresso/Balancer_2025/lib/libBalancer2_lib.a(i2c.o)
                0x0000180c                I2CInit
 .text.I2CEngine
                0x0000187c       0x34 /Users/shimadalocal/src/Balancer2/MCUxpresso/Balancer_2025/lib/libBalancer2_lib.a(i2c.o)
                0x0000187c                I2CEngine
 .text.isLogEnable
                0x000018b0       0x10 /Users/shimadalocal/src/Balancer2/MCUxpresso/Balancer_2025/lib/libBalancer2_lib.a(log.o)
                0x000018b0                isLogEnable
 .text.isLogRecoding
                0x000018c0       0x14 /Users/shimadalocal/src/Balancer2/MCUxpresso/Balancer_2025/lib/libBalancer2_lib.a(log.o)
                0x000018c0                isLogRecoding
 .text.LogStart
                0x000018d4       0x14 /Users/shimadalocal/src/Balancer2/MCUxpresso/Balancer_2025/lib/libBalancer2_lib.a(log.o)
                0x000018d4                LogStart
 .text.LogProc  0x000018e8      0x178 /Users/shimadalocal/src/Balancer2/MCUxpresso/Balancer_2025/lib/libBalancer2_lib.a(log.o)
                0x000018e8                LogProc
 .text.SystemInit
                0x00001a60       0xec /Users/shimadalocal/src/Balancer2/MCUxpresso/Balancer_2025/lib/libBalancer2_lib.a(system_LPC13xx.o)
                0x00001a60                SystemInit
 .text.UART_IRQHandler
                0x00001b4c       0xd4 /Users/shimadalocal/src/Balancer2/MCUxpresso/Balancer_2025/lib/libBalancer2_lib.a(uart.o)
                0x00001b4c                UART_IRQHandler
 .text.UARTInit
                0x00001c20       0xd8 /Users/shimadalocal/src/Balancer2/MCUxpresso/Balancer_2025/lib/libBalancer2_lib.a(uart.o)
                0x00001c20                UARTInit
 .text.getCnt   0x00001cf8       0x10 /Users/shimadalocal/src/Balancer2/MCUxpresso/Balancer_2025/lib/libBalancer2_lib.a(util.o)
                0x00001cf8                getCnt
 .text.Sync     0x00001d08       0x30 /Users/shimadalocal/src/Balancer2/MCUxpresso/Balancer_2025/lib/libBalancer2_lib.a(vs-bb022.o)
                0x00001d08                Sync
 .text.getSW    0x00001d38       0x14 /Users/shimadalocal/src/Balancer2/MCUxpresso/Balancer_2025/lib/libBalancer2_lib.a(vs-bb022.o)
                0x00001d38                getSW
 .text.Wait     0x00001d4c       0x44 /Users/shimadalocal/src/Balancer2/MCUxpresso/Balancer_2025/lib/libBalancer2_lib.a(vs-bb022.o)
                0x00001d4c                Wait
 .text.CycleProc
                0x00001d90       0x4c /Users/shimadalocal/src/Balancer2/MCUxpresso/Balancer_2025/lib/libBalancer2_lib.a(vs-bb022.o)
                0x00001d90                CycleProc
 .text.setLED   0x00001ddc       0x24 /Users/shimadalocal/src/Balancer2/MCUxpresso/Balancer_2025/lib/libBalancer2_lib.a(vs-bb022.o)
                0x00001ddc                setLED
 .text.InitMemmap
                0x00001e00      0x1b8 /Users/shimadalocal/src/Balancer2/MCUxpresso/Balancer_2025/lib/libBalancer2_lib.a(vs-bb022.o)
                0x00001e00                InitMemmap
 .text.SetMotorPwm
                0x00001fb8      0x100 /Users/shimadalocal/src/Balancer2/MCUxpresso/Balancer_2025/lib/libBalancer2_lib.a(vs-bb022.o)
                0x00001fb8                SetMotorPwm
 .text.Timer16Init
                0x000020b8       0x7c /Users/shimadalocal/src/Balancer2/MCUxpresso/Balancer_2025/lib/libBalancer2_lib.a(vs-bb022.o)
                0x000020b8                Timer16Init
 .text.Timer32Init
                0x00002134       0x3c /Users/shimadalocal/src/Balancer2/MCUxpresso/Balancer_2025/lib/libBalancer2_lib.a(vs-bb022.o)
                0x00002134                Timer32Init
 .text.TIMER32_0_IRQHandler
                0x00002170       0x90 /Users/shimadalocal/src/Balancer2/MCUxpresso/Balancer_2025/lib/libBalancer2_lib.a(vs-bb022.o)
                0x00002170                TIMER32_0_IRQHandler
 .text.DisableIntterupt
                0x00002200       0x3c /Users/shimadalocal/src/Balancer2/MCUxpresso/Balancer_2025/lib/libBalancer2_lib.a(vs-bb022.o)
                0x00002200                DisableIntterupt
 .text.Init     0x0000223c      0x100 /Users/shimadalocal/src/Balancer2/MCUxpresso/Balancer_2025/lib/libBalancer2_lib.a(vs-bb022.o)
                0x0000223c                Init
 .text.Balancer2Init
                0x0000233c       0x20 /Users/shimadalocal/src/Balancer2/MCUxpresso/Balancer_2025/lib/libBalancer2_lib.a(vs-bb022.o)
                0x0000233c                Balancer2Init
 .text.EnableIntterupt
                0x0000235c       0x20 /Users/shimadalocal/src/Balancer2/MCUxpresso/Balancer_2025/lib/libBalancer2_lib.a(vs-bb022.o)
                0x0000235c                EnableIntterupt
 .text.call_IAP
                0x0000237c       0x2c /Users/shimadalocal/src/Balancer2/MCUxpresso/Balancer_2025/lib/libBalancer2_lib.a(flash.o)
 .text.FLASH_ProgramPage
                0x000023a8       0x48 /Users/shimadalocal/src/Balancer2/MCUxpresso/Balancer_2025/lib/libBalancer2_lib.a(flash.o)
                0x000023a8                FLASH_ProgramPage
 .text.FLASH_ErasePage
                0x000023f0       0x30 /Users/shimadalocal/src/Balancer2/MCUxpresso/Balancer_2025/lib/libBalancer2_lib.a(flash.o)
                0x000023f0                FLASH_ErasePage
 .text.FLASH_WRITE_MEMMAP
                0x00002420       0x48 /Users/shimadalocal/src/Balancer2/MCUxpresso/Balancer_2025/lib/libBalancer2_lib.a(flash.o)
                0x00002420                FLASH_WRITE_MEMMAP
 .text.FLASH_READ_MEMMAP
                0x00002468       0x1c /Users/shimadalocal/src/Balancer2/MCUxpresso/Balancer_2025/lib/libBalancer2_lib.a(flash.o)
                0x00002468                FLASH_READ_MEMMAP
 .text.PadWait  0x00002484       0x10 /Users/shimadalocal/src/Balancer2/MCUxpresso/Balancer_2025/lib/libBalancer2_lib.a(pad.o)
                0x00002484                PadWait
 .text.Ds2rw    0x00002494       0x8c /Users/shimadalocal/src/Balancer2/MCUxpresso/Balancer_2025/lib/libBalancer2_lib.a(pad.o)
                0x00002494                Ds2rw
 .text.Ds2Com   0x00002520       0x44 /Users/shimadalocal/src/Balancer2/MCUxpresso/Balancer_2025/lib/libBalancer2_lib.a(pad.o)
                0x00002520                Ds2Com
 .text.PS_Set_AN
                0x00002564       0xa0 /Users/shimadalocal/src/Balancer2/MCUxpresso/Balancer_2025/lib/libBalancer2_lib.a(pad.o)
                0x00002564                PS_Set_AN
 .text.updatePAD
                0x00002604       0xb8 /Users/shimadalocal/src/Balancer2/MCUxpresso/Balancer_2025/lib/libBalancer2_lib.a(pad.o)
                0x00002604                updatePAD
 .text.PADProc  0x000026bc        0x8 /Users/shimadalocal/src/Balancer2/MCUxpresso/Balancer_2025/lib/libBalancer2_lib.a(pad.o)
                0x000026bc                PADProc
 .text.USBInit  0x000026c4       0x70 /Users/shimadalocal/src/Balancer2/MCUxpresso/Balancer_2025/lib/libBalancer2_lib.a(usb_user.o)
                0x000026c4                USBInit
 .text.USB_Reset_Event
                0x00002734        0x8 /Users/shimadalocal/src/Balancer2/MCUxpresso/Balancer_2025/lib/libBalancer2_lib.a(usb_user.o)
                0x00002734                USB_Reset_Event
 .text.SetUSBSendData
                0x0000273c       0x40 /Users/shimadalocal/src/Balancer2/MCUxpresso/Balancer_2025/lib/libBalancer2_lib.a(usb_user.o)
                0x0000273c                SetUSBSendData
 .text.InUSBDataProcces
                0x0000277c      0x19c /Users/shimadalocal/src/Balancer2/MCUxpresso/Balancer_2025/lib/libBalancer2_lib.a(usb_user.o)
                0x0000277c                InUSBDataProcces
 .text.USB_EndPoint1
                0x00002918       0x18 /Users/shimadalocal/src/Balancer2/MCUxpresso/Balancer_2025/lib/libBalancer2_lib.a(usb_user.o)
                0x00002918                USB_EndPoint1
 .text.USB_ResetCore
                0x00002930       0x4c /Users/shimadalocal/src/Balancer2/MCUxpresso/Balancer_2025/lib/libBalancer2_lib.a(usb_core.o)
                0x00002930                USB_ResetCore
 .text.USB_SetupStage
                0x0000297c       0x14 /Users/shimadalocal/src/Balancer2/MCUxpresso/Balancer_2025/lib/libBalancer2_lib.a(usb_core.o)
                0x0000297c                USB_SetupStage
 .text.USB_DataInStage
                0x00002990       0x58 /Users/shimadalocal/src/Balancer2/MCUxpresso/Balancer_2025/lib/libBalancer2_lib.a(usb_core.o)
                0x00002990                USB_DataInStage
 .text.USB_DataOutStage
                0x000029e8       0x3c /Users/shimadalocal/src/Balancer2/MCUxpresso/Balancer_2025/lib/libBalancer2_lib.a(usb_core.o)
                0x000029e8                USB_DataOutStage
 .text.USB_StatusInStage
                0x00002a24       0x10 /Users/shimadalocal/src/Balancer2/MCUxpresso/Balancer_2025/lib/libBalancer2_lib.a(usb_core.o)
                0x00002a24                USB_StatusInStage
 .text.USB_StatusOutStage
                0x00002a34       0x14 /Users/shimadalocal/src/Balancer2/MCUxpresso/Balancer_2025/lib/libBalancer2_lib.a(usb_core.o)
                0x00002a34                USB_StatusOutStage
 .text.USB_ReqGetStatus
                0x00002a48       0xf4 /Users/shimadalocal/src/Balancer2/MCUxpresso/Balancer_2025/lib/libBalancer2_lib.a(usb_core.o)
                0x00002a48                USB_ReqGetStatus
 .text.USB_ReqSetClrFeature
                0x00002b3c      0x130 /Users/shimadalocal/src/Balancer2/MCUxpresso/Balancer_2025/lib/libBalancer2_lib.a(usb_core.o)
                0x00002b3c                USB_ReqSetClrFeature
 .text.USB_ReqSetAddress
                0x00002c6c       0x3c /Users/shimadalocal/src/Balancer2/MCUxpresso/Balancer_2025/lib/libBalancer2_lib.a(usb_core.o)
                0x00002c6c                USB_ReqSetAddress
 .text.USB_ReqGetDescriptor
                0x00002ca8      0x174 /Users/shimadalocal/src/Balancer2/MCUxpresso/Balancer_2025/lib/libBalancer2_lib.a(usb_core.o)
                0x00002ca8                USB_ReqGetDescriptor
 .text.USB_ReqGetConfiguration
                0x00002e1c       0x38 /Users/shimadalocal/src/Balancer2/MCUxpresso/Balancer_2025/lib/libBalancer2_lib.a(usb_core.o)
                0x00002e1c                USB_ReqGetConfiguration
 .text.UsbAddPtr
                0x00002e54       0x24 /Users/shimadalocal/src/Balancer2/MCUxpresso/Balancer_2025/lib/libBalancer2_lib.a(usb_core.o)
                0x00002e54                UsbAddPtr
 .text.USB_ReqSetConfiguration
                0x00002e78      0x254 /Users/shimadalocal/src/Balancer2/MCUxpresso/Balancer_2025/lib/libBalancer2_lib.a(usb_core.o)
                0x00002e78                USB_ReqSetConfiguration
 .text.USB_ReqGetInterface
                0x000030cc       0x68 /Users/shimadalocal/src/Balancer2/MCUxpresso/Balancer_2025/lib/libBalancer2_lib.a(usb_core.o)
                0x000030cc                USB_ReqGetInterface
 .text.USB_ReqSetInterface
                0x00003134      0x1b8 /Users/shimadalocal/src/Balancer2/MCUxpresso/Balancer_2025/lib/libBalancer2_lib.a(usb_core.o)
                0x00003134                USB_ReqSetInterface
 .text.USB_EndPoint0
                0x000032ec      0x32c /Users/shimadalocal/src/Balancer2/MCUxpresso/Balancer_2025/lib/libBalancer2_lib.a(usb_core.o)
                0x000032ec                USB_EndPoint0
 .text.delay    0x00003618       0x2c /Users/shimadalocal/src/Balancer2/MCUxpresso/Balancer_2025/lib/libBalancer2_lib.a(usb_hardware.o)
                0x00003618                delay
 .text.EPAdr    0x00003644       0x30 /Users/shimadalocal/src/Balancer2/MCUxpresso/Balancer_2025/lib/libBalancer2_lib.a(usb_hardware.o)
                0x00003644                EPAdr
 .text.WrCmd    0x00003674       0x58 /Users/shimadalocal/src/Balancer2/MCUxpresso/Balancer_2025/lib/libBalancer2_lib.a(usb_hardware.o)
                0x00003674                WrCmd
 .text.WrCmdDat
                0x000036cc       0x1c /Users/shimadalocal/src/Balancer2/MCUxpresso/Balancer_2025/lib/libBalancer2_lib.a(usb_hardware.o)
                0x000036cc                WrCmdDat
 .text.WrCmdEP  0x000036e8       0x2c /Users/shimadalocal/src/Balancer2/MCUxpresso/Balancer_2025/lib/libBalancer2_lib.a(usb_hardware.o)
                0x000036e8                WrCmdEP
 .text.RdCmdDat
                0x00003714       0x38 /Users/shimadalocal/src/Balancer2/MCUxpresso/Balancer_2025/lib/libBalancer2_lib.a(usb_hardware.o)
                0x00003714                RdCmdDat
 .text.USB_Connect
                0x0000374c       0x5c /Users/shimadalocal/src/Balancer2/MCUxpresso/Balancer_2025/lib/libBalancer2_lib.a(usb_hardware.o)
                0x0000374c                USB_Connect
 .text.USB_Reset
                0x000037a8       0x24 /Users/shimadalocal/src/Balancer2/MCUxpresso/Balancer_2025/lib/libBalancer2_lib.a(usb_hardware.o)
                0x000037a8                USB_Reset
 .text.USB_WakeUpCfg
                0x000037cc       0x14 /Users/shimadalocal/src/Balancer2/MCUxpresso/Balancer_2025/lib/libBalancer2_lib.a(usb_hardware.o)
                0x000037cc                USB_WakeUpCfg
 .text.USB_SetAddress
                0x000037e0       0x3c /Users/shimadalocal/src/Balancer2/MCUxpresso/Balancer_2025/lib/libBalancer2_lib.a(usb_hardware.o)
                0x000037e0                USB_SetAddress
 .text.USB_Configure
                0x0000381c       0x30 /Users/shimadalocal/src/Balancer2/MCUxpresso/Balancer_2025/lib/libBalancer2_lib.a(usb_hardware.o)
                0x0000381c                USB_Configure
 .text.USB_ConfigEP
                0x0000384c       0x14 /Users/shimadalocal/src/Balancer2/MCUxpresso/Balancer_2025/lib/libBalancer2_lib.a(usb_hardware.o)
                0x0000384c                USB_ConfigEP
 .text.USB_DirCtrlEP
                0x00003860       0x14 /Users/shimadalocal/src/Balancer2/MCUxpresso/Balancer_2025/lib/libBalancer2_lib.a(usb_hardware.o)
                0x00003860                USB_DirCtrlEP
 .text.USB_EnableEP
                0x00003874       0x2c /Users/shimadalocal/src/Balancer2/MCUxpresso/Balancer_2025/lib/libBalancer2_lib.a(usb_hardware.o)
                0x00003874                USB_EnableEP
 .text.USB_DisableEP
                0x000038a0       0x2c /Users/shimadalocal/src/Balancer2/MCUxpresso/Balancer_2025/lib/libBalancer2_lib.a(usb_hardware.o)
                0x000038a0                USB_DisableEP
 .text.USB_ResetEP
                0x000038cc       0x2c /Users/shimadalocal/src/Balancer2/MCUxpresso/Balancer_2025/lib/libBalancer2_lib.a(usb_hardware.o)
                0x000038cc                USB_ResetEP
 .text.USB_SetStallEP
                0x000038f8       0x2c /Users/shimadalocal/src/Balancer2/MCUxpresso/Balancer_2025/lib/libBalancer2_lib.a(usb_hardware.o)
                0x000038f8                USB_SetStallEP
 .text.USB_ClrStallEP
                0x00003924       0x2c /Users/shimadalocal/src/Balancer2/MCUxpresso/Balancer_2025/lib/libBalancer2_lib.a(usb_hardware.o)
                0x00003924                USB_ClrStallEP
 .text.USB_ReadEP
                0x00003950       0x80 /Users/shimadalocal/src/Balancer2/MCUxpresso/Balancer_2025/lib/libBalancer2_lib.a(usb_hardware.o)
                0x00003950                USB_ReadEP
 .text.USB_WriteEP
                0x000039d0       0xa8 /Users/shimadalocal/src/Balancer2/MCUxpresso/Balancer_2025/lib/libBalancer2_lib.a(usb_hardware.o)
                0x000039d0                USB_WriteEP
 .text.USB_IRQHandler
                0x00003a78      0x134 /Users/shimadalocal/src/Balancer2/MCUxpresso/Balancer_2025/lib/libBalancer2_lib.a(usb_hardware.o)
                0x00003a78                USB_IRQHandler
 .text.HID_GetIdle
                0x00003bac       0x2c /Users/shimadalocal/src/Balancer2/MCUxpresso/Balancer_2025/lib/libBalancer2_lib.a(usb_hiduser.o)
                0x00003bac                HID_GetIdle
 .text.HID_SetIdle
                0x00003bd8       0x28 /Users/shimadalocal/src/Balancer2/MCUxpresso/Balancer_2025/lib/libBalancer2_lib.a(usb_hiduser.o)
                0x00003bd8                HID_SetIdle
 .text.HID_GetProtocol
                0x00003c00       0x20 /Users/shimadalocal/src/Balancer2/MCUxpresso/Balancer_2025/lib/libBalancer2_lib.a(usb_hiduser.o)
                0x00003c00                HID_GetProtocol
 .text.HID_SetProtocol
                0x00003c20       0x24 /Users/shimadalocal/src/Balancer2/MCUxpresso/Balancer_2025/lib/libBalancer2_lib.a(usb_hiduser.o)
                0x00003c20                HID_SetProtocol
 .text.memcpy   0x00003c44        0x4 /Applications/MCUXpressoIDE_24.12.148/ide/plugins/com.nxp.mcuxpresso.tools.macosx_24.12.0.202407110909/tools/bin/../lib/gcc/arm-none-eabi/13.2.1/../../../../arm-none-eabi/lib/thumb/v7-m/nofp/libcr_c.a(memcpy.o)
                0x00003c44                memcpy
 .text.memset   0x00003c48        0x4 /Applications/MCUXpressoIDE_24.12.148/ide/plugins/com.nxp.mcuxpresso.tools.macosx_24.12.0.202407110909/tools/bin/../lib/gcc/arm-none-eabi/13.2.1/../../../../arm-none-eabi/lib/thumb/v7-m/nofp/libcr_c.a(memset.o)
                0x00003c48                memset
 .text.__aeabi_division_ldivmod
                0x00003c4c       0x26 /Applications/MCUXpressoIDE_24.12.148/ide/plugins/com.nxp.mcuxpresso.tools.macosx_24.12.0.202407110909/tools/bin/../lib/gcc/arm-none-eabi/13.2.1/thumb/v7-m/nofp/libcr_eabihelpers.a(division_64.o)
                0x00003c4c                __aeabi_ldivmod
 .text.__aeabi_division_uldivmod
                0x00003c72      0x174 /Applications/MCUXpressoIDE_24.12.148/ide/plugins/com.nxp.mcuxpresso.tools.macosx_24.12.0.202407110909/tools/bin/../lib/gcc/arm-none-eabi/13.2.1/thumb/v7-m/nofp/libcr_eabihelpers.a(division_64.o)
                0x00003c72                __aeabi_uldivmod
                0x00003c76                __bhs_ldivmod1
 .text.__aeabi_division_idiv0
                0x00003de6        0x2 /Applications/MCUXpressoIDE_24.12.148/ide/plugins/com.nxp.mcuxpresso.tools.macosx_24.12.0.202407110909/tools/bin/../lib/gcc/arm-none-eabi/13.2.1/thumb/v7-m/nofp/libcr_eabihelpers.a(division_idiv0.o)
                0x00003de6                __aeabi_idiv0
 .text.__aeabi_dmul
                0x00003de8       0xfc /Applications/MCUXpressoIDE_24.12.148/ide/plugins/com.nxp.mcuxpresso.tools.macosx_24.12.0.202407110909/tools/bin/../lib/gcc/arm-none-eabi/13.2.1/thumb/v7-m/nofp/libcr_eabihelpers.a(double.o)
                0x00003de8                __aeabi_dmul
 .text.__aeabi_ddiv
                0x00003ee4      0x134 /Applications/MCUXpressoIDE_24.12.148/ide/plugins/com.nxp.mcuxpresso.tools.macosx_24.12.0.202407110909/tools/bin/../lib/gcc/arm-none-eabi/13.2.1/thumb/v7-m/nofp/libcr_eabihelpers.a(double.o)
                0x00003ee4                __aeabi_ddiv
 .text.__aeabi_dsub
                0x00004018      0x1b4 /Applications/MCUXpressoIDE_24.12.148/ide/plugins/com.nxp.mcuxpresso.tools.macosx_24.12.0.202407110909/tools/bin/../lib/gcc/arm-none-eabi/13.2.1/thumb/v7-m/nofp/libcr_eabihelpers.a(double.o)
                0x00004018                __aeabi_dsub
 .text.__aeabi_dadd
                0x000041cc      0x118 /Applications/MCUXpressoIDE_24.12.148/ide/plugins/com.nxp.mcuxpresso.tools.macosx_24.12.0.202407110909/tools/bin/../lib/gcc/arm-none-eabi/13.2.1/thumb/v7-m/nofp/libcr_eabihelpers.a(double.o)
                0x000041cc                __aeabi_dadd
 .text.__aeabi_d2iz
                0x000042e4       0x42 /Applications/MCUXpressoIDE_24.12.148/ide/plugins/com.nxp.mcuxpresso.tools.macosx_24.12.0.202407110909/tools/bin/../lib/gcc/arm-none-eabi/13.2.1/thumb/v7-m/nofp/libcr_eabihelpers.a(double.o)
                0x000042e4                __aeabi_d2iz
 .text.__bhs_ui2d
                0x00004326       0x46 /Applications/MCUXpressoIDE_24.12.148/ide/plugins/com.nxp.mcuxpresso.tools.macosx_24.12.0.202407110909/tools/bin/../lib/gcc/arm-none-eabi/13.2.1/thumb/v7-m/nofp/libcr_eabihelpers.a(double.o)
                0x00004326                __bhs_ui2d
 .text.__bhs_ul2d
                0x0000436c       0x8a /Applications/MCUXpressoIDE_24.12.148/ide/plugins/com.nxp.mcuxpresso.tools.macosx_24.12.0.202407110909/tools/bin/../lib/gcc/arm-none-eabi/13.2.1/thumb/v7-m/nofp/libcr_eabihelpers.a(double.o)
                0x0000436c                __bhs_ul2d
 .text.__aeabi_i2d
                0x000043f6       0x10 /Applications/MCUXpressoIDE_24.12.148/ide/plugins/com.nxp.mcuxpresso.tools.macosx_24.12.0.202407110909/tools/bin/../lib/gcc/arm-none-eabi/13.2.1/thumb/v7-m/nofp/libcr_eabihelpers.a(double.o)
                0x000043f6                __aeabi_i2d
 .text.__aeabi_ui2d
                0x00004406        0x8 /Applications/MCUXpressoIDE_24.12.148/ide/plugins/com.nxp.mcuxpresso.tools.macosx_24.12.0.202407110909/tools/bin/../lib/gcc/arm-none-eabi/13.2.1/thumb/v7-m/nofp/libcr_eabihelpers.a(double.o)
                0x00004406                __aeabi_ui2d
 .text.__aeabi_l2d
                0x0000440e       0x1c /Applications/MCUXpressoIDE_24.12.148/ide/plugins/com.nxp.mcuxpresso.tools.macosx_24.12.0.202407110909/tools/bin/../lib/gcc/arm-none-eabi/13.2.1/thumb/v7-m/nofp/libcr_eabihelpers.a(double.o)
                0x0000440e                __aeabi_l2d
 .text.__aeabi_dcmplt
                0x0000442a       0x56 /Applications/MCUXpressoIDE_24.12.148/ide/plugins/com.nxp.mcuxpresso.tools.macosx_24.12.0.202407110909/tools/bin/../lib/gcc/arm-none-eabi/13.2.1/thumb/v7-m/nofp/libcr_eabihelpers.a(double.o)
                0x0000442a                __aeabi_dcmplt
 .text.__aeabi_dcmpgt
                0x00004480       0x56 /Applications/MCUXpressoIDE_24.12.148/ide/plugins/com.nxp.mcuxpresso.tools.macosx_24.12.0.202407110909/tools/bin/../lib/gcc/arm-none-eabi/13.2.1/thumb/v7-m/nofp/libcr_eabihelpers.a(double.o)
                0x00004480                __aeabi_dcmpgt
 .text.__aeabi_memcpy
                0x000044d6       0x34 /Applications/MCUXpressoIDE_24.12.148/ide/plugins/com.nxp.mcuxpresso.tools.macosx_24.12.0.202407110909/tools/bin/../lib/gcc/arm-none-eabi/13.2.1/thumb/v7-m/nofp/libcr_eabihelpers.a(memcpy.o)
                0x000044d6                __aeabi_memcpy
                0x000044e0                __aeabi_memcpy4
                0x000044e0                __aeabi_memcpy8
 .text.__aeabi_memset_lowlevel
                0x0000450a       0x32 /Applications/MCUXpressoIDE_24.12.148/ide/plugins/com.nxp.mcuxpresso.tools.macosx_24.12.0.202407110909/tools/bin/../lib/gcc/arm-none-eabi/13.2.1/thumb/v7-m/nofp/libcr_eabihelpers.a(memcpy.o)
                0x0000450a                __aeabi_lowlevel_memset
 *(.rodata*)
 *fill*         0x0000453c        0x4 
 .rodata        0x00004540      0x140 ./src/control.o
 .rodata        0x00004680       0x10 /Users/shimadalocal/src/Balancer2/MCUxpresso/Balancer_2025/lib/libBalancer2_lib.a(enc.o)
                0x00004680                enctbl
 .rodata        0x00004690       0x3c /Users/shimadalocal/src/Balancer2/MCUxpresso/Balancer_2025/lib/libBalancer2_lib.a(pad.o)
 .rodata        0x000046cc       0x14 /Users/shimadalocal/src/Balancer2/MCUxpresso/Balancer_2025/lib/libBalancer2_lib.a(usb_user.o)
                0x000046cc                USB_P_EP
 .rodata        0x000046e0       0x98 /Users/shimadalocal/src/Balancer2/MCUxpresso/Balancer_2025/lib/libBalancer2_lib.a(usb_descriptors.o)
                0x000046e0                USB_StringDescriptor
                0x00004718                USB_ConfigDescriptor
                0x00004744                USB_DeviceDescriptor
                0x00004756                HID_ReportDescSize
                0x00004758                HID_ReportDescriptor

.glue_7         0x00004778        0x0
 .glue_7        0x00004778        0x0 linker stubs

.glue_7t        0x00004778        0x0
 .glue_7t       0x00004778        0x0 linker stubs

.vfp11_veneer   0x00004778        0x0
 .vfp11_veneer  0x00004778        0x0 linker stubs

.v4_bx          0x00004778        0x0
 .v4_bx         0x00004778        0x0 linker stubs

.iplt           0x00004778        0x0
 .iplt          0x00004778        0x0 ./src/control.o

.ARM.extab
 *(.ARM.extab* .gnu.linkonce.armextab.*)
                0x00004778                        __exidx_start = .

.ARM.exidx
 *(.ARM.exidx* .gnu.linkonce.armexidx.*)
                0x00004778                        __exidx_end = .
                0x00004778                        _etext = .

.cmap           0x00007000      0x160
 *(.Const_Map*)
 .Const_Map     0x00007000      0x160 /Users/shimadalocal/src/Balancer2/MCUxpresso/Balancer_2025/lib/libBalancer2_lib.a(mot.o)
                0x00007000                Constmemmap

.rel.dyn        0x00007160        0x0
 .rel.iplt      0x00007160        0x0 ./src/control.o

.data           0x10000000       0x10 load address 0x00004778
                0x10000000                        _data = .
 *(vtable)
 *(.data*)
 .data          0x10000000        0x4 /Users/shimadalocal/src/Balancer2/MCUxpresso/Balancer_2025/lib/libBalancer2_lib.a(log.o)
                0x10000000                databuffer
 .data          0x10000004        0x4 /Users/shimadalocal/src/Balancer2/MCUxpresso/Balancer_2025/lib/libBalancer2_lib.a(system_LPC13xx.o)
                0x10000004                SystemCoreClock
 .data          0x10000008        0x1 /Users/shimadalocal/src/Balancer2/MCUxpresso/Balancer_2025/lib/libBalancer2_lib.a(uart.o)
                0x10000008                UARTTxEmpty
 *fill*         0x10000009        0x3 
 .data          0x1000000c        0x4 /Users/shimadalocal/src/Balancer2/MCUxpresso/Balancer_2025/lib/libBalancer2_lib.a(flash.o)
                0x1000000c                iap_entry
                0x10000010                        _edata = .

.igot.plt       0x10000010        0x0 load address 0x00004788
 .igot.plt      0x10000010        0x0 ./src/control.o

.bss            0x10000010     0x152e load address 0x00004788
                0x10000010                        _bss = .
 *(.bss*)
 .bss           0x10000010       0x80 ./src/control.o
 .bss           0x10000090        0x8 ./src/main.o
                0x10000094                first_call
 .bss           0x10000098        0x4 /Users/shimadalocal/src/Balancer2/MCUxpresso/Balancer_2025/lib/libBalancer2_lib.a(adc.o)
                0x10000098                ADCIntDone
 .bss           0x1000009c        0x2 /Users/shimadalocal/src/Balancer2/MCUxpresso/Balancer_2025/lib/libBalancer2_lib.a(current.o)
                0x1000009c                current_cnt
 .bss           0x1000009e        0x4 /Users/shimadalocal/src/Balancer2/MCUxpresso/Balancer_2025/lib/libBalancer2_lib.a(enc.o)
                0x1000009e                enc_cnt
 *fill*         0x100000a2        0x6 
 .bss           0x100000a8       0x18 /Users/shimadalocal/src/Balancer2/MCUxpresso/Balancer_2025/lib/libBalancer2_lib.a(gyro.o)
                0x100000a8                i2cgain
                0x100000b0                gyro_old_p
                0x100000b8                gyro_old_AngureSpd
 .bss           0x100000c0       0x14 /Users/shimadalocal/src/Balancer2/MCUxpresso/Balancer_2025/lib/libBalancer2_lib.a(i2c.o)
                0x100000c0                WrIndex
                0x100000c4                I2CMasterState
                0x100000c8                RdIndex
                0x100000cc                I2CCount
                0x100000d0                I2CSlaveState
 .bss           0x100000d4        0x8 /Users/shimadalocal/src/Balancer2/MCUxpresso/Balancer_2025/lib/libBalancer2_lib.a(log.o)
                0x100000d4                logmode
                0x100000d8                logtimer
 .bss           0x100000dc        0xc /Users/shimadalocal/src/Balancer2/MCUxpresso/Balancer_2025/lib/libBalancer2_lib.a(uart.o)
                0x100000dc                UARTWriteCount
                0x100000e0                UARTReadCount
                0x100000e4                UARTBuffCount
 .bss           0x100000e8        0x2 /Users/shimadalocal/src/Balancer2/MCUxpresso/Balancer_2025/lib/libBalancer2_lib.a(vs-bb022.o)
                0x100000e9                EncFlag
 .bss           0x100000ea        0x1 /Users/shimadalocal/src/Balancer2/MCUxpresso/Balancer_2025/lib/libBalancer2_lib.a(pad.o)
 *fill*         0x100000eb        0x1 
 .bss           0x100000ec        0x4 /Users/shimadalocal/src/Balancer2/MCUxpresso/Balancer_2025/lib/libBalancer2_lib.a(usb_hardware.o)
                0x100000ec                systicktemp
 *(COMMON)
 COMMON         0x100000f0      0x20a /Users/shimadalocal/src/Balancer2/MCUxpresso/Balancer_2025/lib/libBalancer2_lib.a(adc.o)
                0x100000f0                USB_InPutData
                0x10000130                memmap
                0x10000298                ADCValue
                0x100002b8                USB_OutPutData
                0x100002f8                bSendUSBdata
                0x100002f9                isUSB_data_sending
 *fill*         0x100002fa        0x6 
 COMMON         0x10000300       0x90 /Users/shimadalocal/src/Balancer2/MCUxpresso/Balancer_2025/lib/libBalancer2_lib.a(current.o)
                0x10000300                CurrentValue
                0x10000370                current_old_p
                0x10000380                current_i
 COMMON         0x10000390       0x60 /Users/shimadalocal/src/Balancer2/MCUxpresso/Balancer_2025/lib/libBalancer2_lib.a(enc.o)
                0x10000390                newL
                0x10000398                newR
                0x100003a0                ENCSPDValue
 COMMON         0x100003f0       0x28 /Users/shimadalocal/src/Balancer2/MCUxpresso/Balancer_2025/lib/libBalancer2_lib.a(i2c.o)
                0x100003f0                I2CReadLength
                0x100003f4                I2CSlaveBuffer
                0x10000400                StatValue
                0x10000404                I2CMode
                0x10000408                I2CMasterBuffer
                0x10000414                I2CWriteLength
 COMMON         0x10000418       0x44 /Users/shimadalocal/src/Balancer2/MCUxpresso/Balancer_2025/lib/libBalancer2_lib.a(uart.o)
                0x10000418                UARTBuffer
                0x10000458                UARTStatus
 *fill*         0x1000045c        0x4 
 COMMON         0x10000460       0x40 /Users/shimadalocal/src/Balancer2/MCUxpresso/Balancer_2025/lib/libBalancer2_lib.a(vs-bb022.o)
                0x10000460                intteruptflag
                0x10000480                iBuzzerPitch
                0x10000484                bBuzzerFlag
                0x10000488                SystickModeCnt
                0x10000490                SystickWaitCnt
                0x10000498                SystickSyncCnt
 COMMON         0x100004a0     0x1024 /Users/shimadalocal/src/Balancer2/MCUxpresso/Balancer_2025/lib/libBalancer2_lib.a(flash.o)
                0x100004a0                command
                0x100004b4                srcbuf
                0x100014b4                result
 *fill*         0x100014c4        0x4 
 COMMON         0x100014c8       0x72 /Users/shimadalocal/src/Balancer2/MCUxpresso/Balancer_2025/lib/libBalancer2_lib.a(usb_core.o)
                0x100014c8                USB_AltSetting
                0x100014d0                EP0Buf
                0x10001510                USB_EndPointMask
                0x10001514                USB_DeviceAddress
                0x10001518                USB_EndPointStall
                0x1000151c                USB_EndPointHalt
                0x10001520                USB_Configuration
                0x10001524                SetupPacket
                0x1000152c                USB_NumInterfaces
                0x10001530                EP0Data
                0x10001538                USB_DeviceStatus
 *fill*         0x1000153a        0x2 
 COMMON         0x1000153c        0x2 /Users/shimadalocal/src/Balancer2/MCUxpresso/Balancer_2025/lib/libBalancer2_lib.a(usb_hiduser.o)
                0x1000153c                HID_IdleTime
                0x1000153d                HID_Protocol
                0x1000153e                        _ebss = .

.cr_heap        0x1000153e        0x0 load address 0x00004788
                0x1000153e                        end = .
                0x1000153e                        _pvHeapStart = .
                0x10002000                        _vRamTop = __top_RamLoc8
                0x10002000                        _vStackTop = (_vRamTop - 0x0)
OUTPUT(Balancer_2025.axf elf32-littlearm)
LOAD linker stubs

.debug_info     0x00000000    0x10c99
 .debug_info    0x00000000      0xdde ./src/control.o
 .debug_info    0x00000dde      0x200 ./src/cr_startup_lpc13.o
 .debug_info    0x00000fde      0x999 ./src/main.o
 .debug_info    0x00001977      0xfda /Users/shimadalocal/src/Balancer2/MCUxpresso/Balancer_2025/lib/libBalancer2_lib.a(adc.o)
 .debug_info    0x00002951      0x76a /Users/shimadalocal/src/Balancer2/MCUxpresso/Balancer_2025/lib/libBalancer2_lib.a(current.o)
 .debug_info    0x000030bb      0xcd9 /Users/shimadalocal/src/Balancer2/MCUxpresso/Balancer_2025/lib/libBalancer2_lib.a(enc.o)
 .debug_info    0x00003d94      0xb5a /Users/shimadalocal/src/Balancer2/MCUxpresso/Balancer_2025/lib/libBalancer2_lib.a(gpio.o)
 .debug_info    0x000048ee      0x651 /Users/shimadalocal/src/Balancer2/MCUxpresso/Balancer_2025/lib/libBalancer2_lib.a(gyro.o)
 .debug_info    0x00004f3f      0xbe4 /Users/shimadalocal/src/Balancer2/MCUxpresso/Balancer_2025/lib/libBalancer2_lib.a(i2c.o)
 .debug_info    0x00005b23      0x69e /Users/shimadalocal/src/Balancer2/MCUxpresso/Balancer_2025/lib/libBalancer2_lib.a(log.o)
 .debug_info    0x000061c1      0x4be /Users/shimadalocal/src/Balancer2/MCUxpresso/Balancer_2025/lib/libBalancer2_lib.a(system_LPC13xx.o)
 .debug_info    0x0000667f     0x11da /Users/shimadalocal/src/Balancer2/MCUxpresso/Balancer_2025/lib/libBalancer2_lib.a(uart.o)
 .debug_info    0x00007859      0x545 /Users/shimadalocal/src/Balancer2/MCUxpresso/Balancer_2025/lib/libBalancer2_lib.a(util.o)
 .debug_info    0x00007d9e     0x1859 /Users/shimadalocal/src/Balancer2/MCUxpresso/Balancer_2025/lib/libBalancer2_lib.a(vs-bb022.o)
 .debug_info    0x000095f7      0x8cb /Users/shimadalocal/src/Balancer2/MCUxpresso/Balancer_2025/lib/libBalancer2_lib.a(flash.o)
 .debug_info    0x00009ec2      0x4bb /Users/shimadalocal/src/Balancer2/MCUxpresso/Balancer_2025/lib/libBalancer2_lib.a(mot.o)
 .debug_info    0x0000a37d      0xb0c /Users/shimadalocal/src/Balancer2/MCUxpresso/Balancer_2025/lib/libBalancer2_lib.a(pad.o)
 .debug_info    0x0000ae89     0x1302 /Users/shimadalocal/src/Balancer2/MCUxpresso/Balancer_2025/lib/libBalancer2_lib.a(usb_user.o)
 .debug_info    0x0000c18b      0xc93 /Users/shimadalocal/src/Balancer2/MCUxpresso/Balancer_2025/lib/libBalancer2_lib.a(usb_core.o)
 .debug_info    0x0000ce1e      0x5bd /Users/shimadalocal/src/Balancer2/MCUxpresso/Balancer_2025/lib/libBalancer2_lib.a(usb_descriptors.o)
 .debug_info    0x0000d3db      0xe91 /Users/shimadalocal/src/Balancer2/MCUxpresso/Balancer_2025/lib/libBalancer2_lib.a(usb_hardware.o)
 .debug_info    0x0000e26c      0x6d5 /Users/shimadalocal/src/Balancer2/MCUxpresso/Balancer_2025/lib/libBalancer2_lib.a(usb_hiduser.o)
 .debug_info    0x0000e941      0x12b /Applications/MCUXpressoIDE_24.12.148/ide/plugins/com.nxp.mcuxpresso.tools.macosx_24.12.0.202407110909/tools/bin/../lib/gcc/arm-none-eabi/13.2.1/../../../../arm-none-eabi/lib/thumb/v7-m/nofp/libcr_c.a(memcpy.o)
 .debug_info    0x0000ea6c       0xfc /Applications/MCUXpressoIDE_24.12.148/ide/plugins/com.nxp.mcuxpresso.tools.macosx_24.12.0.202407110909/tools/bin/../lib/gcc/arm-none-eabi/13.2.1/../../../../arm-none-eabi/lib/thumb/v7-m/nofp/libcr_c.a(memset.o)
 .debug_info    0x0000eb68     0x2131 /Applications/MCUXpressoIDE_24.12.148/ide/plugins/com.nxp.mcuxpresso.tools.macosx_24.12.0.202407110909/tools/bin/../lib/gcc/arm-none-eabi/13.2.1/thumb/v7-m/nofp/libcr_eabihelpers.a(double.o)

.debug_abbrev   0x00000000     0x33aa
 .debug_abbrev  0x00000000      0x2bb ./src/control.o
 .debug_abbrev  0x000002bb      0x119 ./src/cr_startup_lpc13.o
 .debug_abbrev  0x000003d4      0x24a ./src/main.o
 .debug_abbrev  0x0000061e      0x228 /Users/shimadalocal/src/Balancer2/MCUxpresso/Balancer_2025/lib/libBalancer2_lib.a(adc.o)
 .debug_abbrev  0x00000846      0x1e1 /Users/shimadalocal/src/Balancer2/MCUxpresso/Balancer_2025/lib/libBalancer2_lib.a(current.o)
 .debug_abbrev  0x00000a27      0x2e6 /Users/shimadalocal/src/Balancer2/MCUxpresso/Balancer_2025/lib/libBalancer2_lib.a(enc.o)
 .debug_abbrev  0x00000d0d      0x232 /Users/shimadalocal/src/Balancer2/MCUxpresso/Balancer_2025/lib/libBalancer2_lib.a(gpio.o)
 .debug_abbrev  0x00000f3f      0x1a6 /Users/shimadalocal/src/Balancer2/MCUxpresso/Balancer_2025/lib/libBalancer2_lib.a(gyro.o)
 .debug_abbrev  0x000010e5      0x1f1 /Users/shimadalocal/src/Balancer2/MCUxpresso/Balancer_2025/lib/libBalancer2_lib.a(i2c.o)
 .debug_abbrev  0x000012d6      0x1b3 /Users/shimadalocal/src/Balancer2/MCUxpresso/Balancer_2025/lib/libBalancer2_lib.a(log.o)
 .debug_abbrev  0x00001489       0xf8 /Users/shimadalocal/src/Balancer2/MCUxpresso/Balancer_2025/lib/libBalancer2_lib.a(system_LPC13xx.o)
 .debug_abbrev  0x00001581      0x285 /Users/shimadalocal/src/Balancer2/MCUxpresso/Balancer_2025/lib/libBalancer2_lib.a(uart.o)
 .debug_abbrev  0x00001806      0x1f5 /Users/shimadalocal/src/Balancer2/MCUxpresso/Balancer_2025/lib/libBalancer2_lib.a(util.o)
 .debug_abbrev  0x000019fb      0x46c /Users/shimadalocal/src/Balancer2/MCUxpresso/Balancer_2025/lib/libBalancer2_lib.a(vs-bb022.o)
 .debug_abbrev  0x00001e67      0x247 /Users/shimadalocal/src/Balancer2/MCUxpresso/Balancer_2025/lib/libBalancer2_lib.a(flash.o)
 .debug_abbrev  0x000020ae       0xc7 /Users/shimadalocal/src/Balancer2/MCUxpresso/Balancer_2025/lib/libBalancer2_lib.a(mot.o)
 .debug_abbrev  0x00002175      0x228 /Users/shimadalocal/src/Balancer2/MCUxpresso/Balancer_2025/lib/libBalancer2_lib.a(pad.o)
 .debug_abbrev  0x0000239d      0x2f1 /Users/shimadalocal/src/Balancer2/MCUxpresso/Balancer_2025/lib/libBalancer2_lib.a(usb_user.o)
 .debug_abbrev  0x0000268e      0x2de /Users/shimadalocal/src/Balancer2/MCUxpresso/Balancer_2025/lib/libBalancer2_lib.a(usb_core.o)
 .debug_abbrev  0x0000296c       0xd4 /Users/shimadalocal/src/Balancer2/MCUxpresso/Balancer_2025/lib/libBalancer2_lib.a(usb_descriptors.o)
 .debug_abbrev  0x00002a40      0x318 /Users/shimadalocal/src/Balancer2/MCUxpresso/Balancer_2025/lib/libBalancer2_lib.a(usb_hardware.o)
 .debug_abbrev  0x00002d58      0x17c /Users/shimadalocal/src/Balancer2/MCUxpresso/Balancer_2025/lib/libBalancer2_lib.a(usb_hiduser.o)
 .debug_abbrev  0x00002ed4       0xb6 /Applications/MCUXpressoIDE_24.12.148/ide/plugins/com.nxp.mcuxpresso.tools.macosx_24.12.0.202407110909/tools/bin/../lib/gcc/arm-none-eabi/13.2.1/../../../../arm-none-eabi/lib/thumb/v7-m/nofp/libcr_c.a(memcpy.o)
 .debug_abbrev  0x00002f8a       0xa8 /Applications/MCUXpressoIDE_24.12.148/ide/plugins/com.nxp.mcuxpresso.tools.macosx_24.12.0.202407110909/tools/bin/../lib/gcc/arm-none-eabi/13.2.1/../../../../arm-none-eabi/lib/thumb/v7-m/nofp/libcr_c.a(memset.o)
 .debug_abbrev  0x00003032      0x378 /Applications/MCUXpressoIDE_24.12.148/ide/plugins/com.nxp.mcuxpresso.tools.macosx_24.12.0.202407110909/tools/bin/../lib/gcc/arm-none-eabi/13.2.1/thumb/v7-m/nofp/libcr_eabihelpers.a(double.o)

.debug_loc      0x00000000     0x63a7
 .debug_loc     0x00000000      0x4e3 ./src/control.o
 .debug_loc     0x000004e3       0x31 ./src/cr_startup_lpc13.o
 .debug_loc     0x00000514       0xce ./src/main.o
 .debug_loc     0x000005e2      0x13c /Users/shimadalocal/src/Balancer2/MCUxpresso/Balancer_2025/lib/libBalancer2_lib.a(adc.o)
 .debug_loc     0x0000071e      0x17b /Users/shimadalocal/src/Balancer2/MCUxpresso/Balancer_2025/lib/libBalancer2_lib.a(current.o)
 .debug_loc     0x00000899      0x11e /Users/shimadalocal/src/Balancer2/MCUxpresso/Balancer_2025/lib/libBalancer2_lib.a(enc.o)
 .debug_loc     0x000009b7      0xabb /Users/shimadalocal/src/Balancer2/MCUxpresso/Balancer_2025/lib/libBalancer2_lib.a(gpio.o)
 .debug_loc     0x00001472       0x81 /Users/shimadalocal/src/Balancer2/MCUxpresso/Balancer_2025/lib/libBalancer2_lib.a(gyro.o)
 .debug_loc     0x000014f3       0x40 /Users/shimadalocal/src/Balancer2/MCUxpresso/Balancer_2025/lib/libBalancer2_lib.a(i2c.o)
 .debug_loc     0x00001533      0x150 /Users/shimadalocal/src/Balancer2/MCUxpresso/Balancer_2025/lib/libBalancer2_lib.a(log.o)
 .debug_loc     0x00001683      0x1cd /Users/shimadalocal/src/Balancer2/MCUxpresso/Balancer_2025/lib/libBalancer2_lib.a(system_LPC13xx.o)
 .debug_loc     0x00001850      0x214 /Users/shimadalocal/src/Balancer2/MCUxpresso/Balancer_2025/lib/libBalancer2_lib.a(uart.o)
 .debug_loc     0x00001a64      0x782 /Users/shimadalocal/src/Balancer2/MCUxpresso/Balancer_2025/lib/libBalancer2_lib.a(util.o)
 .debug_loc     0x000021e6      0x255 /Users/shimadalocal/src/Balancer2/MCUxpresso/Balancer_2025/lib/libBalancer2_lib.a(vs-bb022.o)
 .debug_loc     0x0000243b      0x284 /Users/shimadalocal/src/Balancer2/MCUxpresso/Balancer_2025/lib/libBalancer2_lib.a(flash.o)
 .debug_loc     0x000026bf      0x1a7 /Users/shimadalocal/src/Balancer2/MCUxpresso/Balancer_2025/lib/libBalancer2_lib.a(pad.o)
 .debug_loc     0x00002866      0x293 /Users/shimadalocal/src/Balancer2/MCUxpresso/Balancer_2025/lib/libBalancer2_lib.a(usb_user.o)
 .debug_loc     0x00002af9      0x5a3 /Users/shimadalocal/src/Balancer2/MCUxpresso/Balancer_2025/lib/libBalancer2_lib.a(usb_core.o)
 .debug_loc     0x0000309c      0x611 /Users/shimadalocal/src/Balancer2/MCUxpresso/Balancer_2025/lib/libBalancer2_lib.a(usb_hardware.o)
 .debug_loc     0x000036ad       0x81 /Applications/MCUXpressoIDE_24.12.148/ide/plugins/com.nxp.mcuxpresso.tools.macosx_24.12.0.202407110909/tools/bin/../lib/gcc/arm-none-eabi/13.2.1/../../../../arm-none-eabi/lib/thumb/v7-m/nofp/libcr_c.a(memcpy.o)
 .debug_loc     0x0000372e       0x81 /Applications/MCUXpressoIDE_24.12.148/ide/plugins/com.nxp.mcuxpresso.tools.macosx_24.12.0.202407110909/tools/bin/../lib/gcc/arm-none-eabi/13.2.1/../../../../arm-none-eabi/lib/thumb/v7-m/nofp/libcr_c.a(memset.o)
 .debug_loc     0x000037af     0x2bf8 /Applications/MCUXpressoIDE_24.12.148/ide/plugins/com.nxp.mcuxpresso.tools.macosx_24.12.0.202407110909/tools/bin/../lib/gcc/arm-none-eabi/13.2.1/thumb/v7-m/nofp/libcr_eabihelpers.a(double.o)

.debug_aranges  0x00000000      0x868
 .debug_aranges
                0x00000000       0x58 ./src/control.o
 .debug_aranges
                0x00000058       0x70 ./src/cr_startup_lpc13.o
 .debug_aranges
                0x000000c8       0x28 ./src/main.o
 .debug_aranges
                0x000000f0       0x38 /Users/shimadalocal/src/Balancer2/MCUxpresso/Balancer_2025/lib/libBalancer2_lib.a(adc.o)
 .debug_aranges
                0x00000128       0x40 /Users/shimadalocal/src/Balancer2/MCUxpresso/Balancer_2025/lib/libBalancer2_lib.a(current.o)
 .debug_aranges
                0x00000168       0x40 /Users/shimadalocal/src/Balancer2/MCUxpresso/Balancer_2025/lib/libBalancer2_lib.a(enc.o)
 .debug_aranges
                0x000001a8       0x68 /Users/shimadalocal/src/Balancer2/MCUxpresso/Balancer_2025/lib/libBalancer2_lib.a(gpio.o)
 .debug_aranges
                0x00000210       0x38 /Users/shimadalocal/src/Balancer2/MCUxpresso/Balancer_2025/lib/libBalancer2_lib.a(gyro.o)
 .debug_aranges
                0x00000248       0x40 /Users/shimadalocal/src/Balancer2/MCUxpresso/Balancer_2025/lib/libBalancer2_lib.a(i2c.o)
 .debug_aranges
                0x00000288       0x60 /Users/shimadalocal/src/Balancer2/MCUxpresso/Balancer_2025/lib/libBalancer2_lib.a(log.o)
 .debug_aranges
                0x000002e8       0x28 /Users/shimadalocal/src/Balancer2/MCUxpresso/Balancer_2025/lib/libBalancer2_lib.a(system_LPC13xx.o)
 .debug_aranges
                0x00000310       0x48 /Users/shimadalocal/src/Balancer2/MCUxpresso/Balancer_2025/lib/libBalancer2_lib.a(uart.o)
 .debug_aranges
                0x00000358       0x78 /Users/shimadalocal/src/Balancer2/MCUxpresso/Balancer_2025/lib/libBalancer2_lib.a(util.o)
 .debug_aranges
                0x000003d0       0xb0 /Users/shimadalocal/src/Balancer2/MCUxpresso/Balancer_2025/lib/libBalancer2_lib.a(vs-bb022.o)
 .debug_aranges
                0x00000480       0x48 /Users/shimadalocal/src/Balancer2/MCUxpresso/Balancer_2025/lib/libBalancer2_lib.a(flash.o)
 .debug_aranges
                0x000004c8       0x18 /Users/shimadalocal/src/Balancer2/MCUxpresso/Balancer_2025/lib/libBalancer2_lib.a(mot.o)
 .debug_aranges
                0x000004e0       0x48 /Users/shimadalocal/src/Balancer2/MCUxpresso/Balancer_2025/lib/libBalancer2_lib.a(pad.o)
 .debug_aranges
                0x00000528       0x50 /Users/shimadalocal/src/Balancer2/MCUxpresso/Balancer_2025/lib/libBalancer2_lib.a(usb_user.o)
 .debug_aranges
                0x00000578       0x98 /Users/shimadalocal/src/Balancer2/MCUxpresso/Balancer_2025/lib/libBalancer2_lib.a(usb_core.o)
 .debug_aranges
                0x00000610       0x18 /Users/shimadalocal/src/Balancer2/MCUxpresso/Balancer_2025/lib/libBalancer2_lib.a(usb_descriptors.o)
 .debug_aranges
                0x00000628       0xe8 /Users/shimadalocal/src/Balancer2/MCUxpresso/Balancer_2025/lib/libBalancer2_lib.a(usb_hardware.o)
 .debug_aranges
                0x00000710       0x38 /Users/shimadalocal/src/Balancer2/MCUxpresso/Balancer_2025/lib/libBalancer2_lib.a(usb_hiduser.o)
 .debug_aranges
                0x00000748       0x20 /Applications/MCUXpressoIDE_24.12.148/ide/plugins/com.nxp.mcuxpresso.tools.macosx_24.12.0.202407110909/tools/bin/../lib/gcc/arm-none-eabi/13.2.1/../../../../arm-none-eabi/lib/thumb/v7-m/nofp/libcr_c.a(memcpy.o)
 .debug_aranges
                0x00000768       0x20 /Applications/MCUXpressoIDE_24.12.148/ide/plugins/com.nxp.mcuxpresso.tools.macosx_24.12.0.202407110909/tools/bin/../lib/gcc/arm-none-eabi/13.2.1/../../../../arm-none-eabi/lib/thumb/v7-m/nofp/libcr_c.a(memset.o)
 .debug_aranges
                0x00000788       0xe0 /Applications/MCUXpressoIDE_24.12.148/ide/plugins/com.nxp.mcuxpresso.tools.macosx_24.12.0.202407110909/tools/bin/../lib/gcc/arm-none-eabi/13.2.1/thumb/v7-m/nofp/libcr_eabihelpers.a(double.o)

.debug_ranges   0x00000000      0x938
 .debug_ranges  0x00000000       0xe0 ./src/control.o
 .debug_ranges  0x000000e0       0x60 ./src/cr_startup_lpc13.o
 .debug_ranges  0x00000140       0x38 ./src/main.o
 .debug_ranges  0x00000178       0x28 /Users/shimadalocal/src/Balancer2/MCUxpresso/Balancer_2025/lib/libBalancer2_lib.a(adc.o)
 .debug_ranges  0x000001a0       0x30 /Users/shimadalocal/src/Balancer2/MCUxpresso/Balancer_2025/lib/libBalancer2_lib.a(current.o)
 .debug_ranges  0x000001d0       0x30 /Users/shimadalocal/src/Balancer2/MCUxpresso/Balancer_2025/lib/libBalancer2_lib.a(enc.o)
 .debug_ranges  0x00000200       0x58 /Users/shimadalocal/src/Balancer2/MCUxpresso/Balancer_2025/lib/libBalancer2_lib.a(gpio.o)
 .debug_ranges  0x00000258       0x28 /Users/shimadalocal/src/Balancer2/MCUxpresso/Balancer_2025/lib/libBalancer2_lib.a(gyro.o)
 .debug_ranges  0x00000280       0x30 /Users/shimadalocal/src/Balancer2/MCUxpresso/Balancer_2025/lib/libBalancer2_lib.a(i2c.o)
 .debug_ranges  0x000002b0       0x50 /Users/shimadalocal/src/Balancer2/MCUxpresso/Balancer_2025/lib/libBalancer2_lib.a(log.o)
 .debug_ranges  0x00000300       0x18 /Users/shimadalocal/src/Balancer2/MCUxpresso/Balancer_2025/lib/libBalancer2_lib.a(system_LPC13xx.o)
 .debug_ranges  0x00000318       0x38 /Users/shimadalocal/src/Balancer2/MCUxpresso/Balancer_2025/lib/libBalancer2_lib.a(uart.o)
 .debug_ranges  0x00000350       0x80 /Users/shimadalocal/src/Balancer2/MCUxpresso/Balancer_2025/lib/libBalancer2_lib.a(util.o)
 .debug_ranges  0x000003d0       0xa0 /Users/shimadalocal/src/Balancer2/MCUxpresso/Balancer_2025/lib/libBalancer2_lib.a(vs-bb022.o)
 .debug_ranges  0x00000470       0x38 /Users/shimadalocal/src/Balancer2/MCUxpresso/Balancer_2025/lib/libBalancer2_lib.a(flash.o)
 .debug_ranges  0x000004a8       0x38 /Users/shimadalocal/src/Balancer2/MCUxpresso/Balancer_2025/lib/libBalancer2_lib.a(pad.o)
 .debug_ranges  0x000004e0       0x40 /Users/shimadalocal/src/Balancer2/MCUxpresso/Balancer_2025/lib/libBalancer2_lib.a(usb_user.o)
 .debug_ranges  0x00000520       0x88 /Users/shimadalocal/src/Balancer2/MCUxpresso/Balancer_2025/lib/libBalancer2_lib.a(usb_core.o)
 .debug_ranges  0x000005a8       0xd8 /Users/shimadalocal/src/Balancer2/MCUxpresso/Balancer_2025/lib/libBalancer2_lib.a(usb_hardware.o)
 .debug_ranges  0x00000680       0x28 /Users/shimadalocal/src/Balancer2/MCUxpresso/Balancer_2025/lib/libBalancer2_lib.a(usb_hiduser.o)
 .debug_ranges  0x000006a8       0x10 /Applications/MCUXpressoIDE_24.12.148/ide/plugins/com.nxp.mcuxpresso.tools.macosx_24.12.0.202407110909/tools/bin/../lib/gcc/arm-none-eabi/13.2.1/../../../../arm-none-eabi/lib/thumb/v7-m/nofp/libcr_c.a(memcpy.o)
 .debug_ranges  0x000006b8       0x10 /Applications/MCUXpressoIDE_24.12.148/ide/plugins/com.nxp.mcuxpresso.tools.macosx_24.12.0.202407110909/tools/bin/../lib/gcc/arm-none-eabi/13.2.1/../../../../arm-none-eabi/lib/thumb/v7-m/nofp/libcr_c.a(memset.o)
 .debug_ranges  0x000006c8      0x270 /Applications/MCUXpressoIDE_24.12.148/ide/plugins/com.nxp.mcuxpresso.tools.macosx_24.12.0.202407110909/tools/bin/../lib/gcc/arm-none-eabi/13.2.1/thumb/v7-m/nofp/libcr_eabihelpers.a(double.o)

.debug_line     0x00000000     0x534e
 .debug_line    0x00000000      0x77b ./src/control.o
 .debug_line    0x0000077b      0x1d4 ./src/cr_startup_lpc13.o
 .debug_line    0x0000094f      0x319 ./src/main.o
 .debug_line    0x00000c68      0x1e6 /Users/shimadalocal/src/Balancer2/MCUxpresso/Balancer_2025/lib/libBalancer2_lib.a(adc.o)
 .debug_line    0x00000e4e      0x1e3 /Users/shimadalocal/src/Balancer2/MCUxpresso/Balancer_2025/lib/libBalancer2_lib.a(current.o)
 .debug_line    0x00001031      0x21d /Users/shimadalocal/src/Balancer2/MCUxpresso/Balancer_2025/lib/libBalancer2_lib.a(enc.o)
 .debug_line    0x0000124e      0x23c /Users/shimadalocal/src/Balancer2/MCUxpresso/Balancer_2025/lib/libBalancer2_lib.a(gpio.o)
 .debug_line    0x0000148a      0x19f /Users/shimadalocal/src/Balancer2/MCUxpresso/Balancer_2025/lib/libBalancer2_lib.a(gyro.o)
 .debug_line    0x00001629      0x196 /Users/shimadalocal/src/Balancer2/MCUxpresso/Balancer_2025/lib/libBalancer2_lib.a(i2c.o)
 .debug_line    0x000017bf      0x21b /Users/shimadalocal/src/Balancer2/MCUxpresso/Balancer_2025/lib/libBalancer2_lib.a(log.o)
 .debug_line    0x000019da      0x18c /Users/shimadalocal/src/Balancer2/MCUxpresso/Balancer_2025/lib/libBalancer2_lib.a(system_LPC13xx.o)
 .debug_line    0x00001b66      0x22e /Users/shimadalocal/src/Balancer2/MCUxpresso/Balancer_2025/lib/libBalancer2_lib.a(uart.o)
 .debug_line    0x00001d94      0x204 /Users/shimadalocal/src/Balancer2/MCUxpresso/Balancer_2025/lib/libBalancer2_lib.a(util.o)
 .debug_line    0x00001f98      0x416 /Users/shimadalocal/src/Balancer2/MCUxpresso/Balancer_2025/lib/libBalancer2_lib.a(vs-bb022.o)
 .debug_line    0x000023ae      0x195 /Users/shimadalocal/src/Balancer2/MCUxpresso/Balancer_2025/lib/libBalancer2_lib.a(flash.o)
 .debug_line    0x00002543       0x93 /Users/shimadalocal/src/Balancer2/MCUxpresso/Balancer_2025/lib/libBalancer2_lib.a(mot.o)
 .debug_line    0x000025d6      0x209 /Users/shimadalocal/src/Balancer2/MCUxpresso/Balancer_2025/lib/libBalancer2_lib.a(pad.o)
 .debug_line    0x000027df      0x2e8 /Users/shimadalocal/src/Balancer2/MCUxpresso/Balancer_2025/lib/libBalancer2_lib.a(usb_user.o)
 .debug_line    0x00002ac7      0x477 /Users/shimadalocal/src/Balancer2/MCUxpresso/Balancer_2025/lib/libBalancer2_lib.a(usb_core.o)
 .debug_line    0x00002f3e      0x13c /Users/shimadalocal/src/Balancer2/MCUxpresso/Balancer_2025/lib/libBalancer2_lib.a(usb_descriptors.o)
 .debug_line    0x0000307a      0x43e /Users/shimadalocal/src/Balancer2/MCUxpresso/Balancer_2025/lib/libBalancer2_lib.a(usb_hardware.o)
 .debug_line    0x000034b8      0x19a /Users/shimadalocal/src/Balancer2/MCUxpresso/Balancer_2025/lib/libBalancer2_lib.a(usb_hiduser.o)
 .debug_line    0x00003652      0x10b /Applications/MCUXpressoIDE_24.12.148/ide/plugins/com.nxp.mcuxpresso.tools.macosx_24.12.0.202407110909/tools/bin/../lib/gcc/arm-none-eabi/13.2.1/../../../../arm-none-eabi/lib/thumb/v7-m/nofp/libcr_c.a(memcpy.o)
 .debug_line    0x0000375d       0xb3 /Applications/MCUXpressoIDE_24.12.148/ide/plugins/com.nxp.mcuxpresso.tools.macosx_24.12.0.202407110909/tools/bin/../lib/gcc/arm-none-eabi/13.2.1/../../../../arm-none-eabi/lib/thumb/v7-m/nofp/libcr_c.a(memset.o)
 .debug_line    0x00003810     0x1b3e /Applications/MCUXpressoIDE_24.12.148/ide/plugins/com.nxp.mcuxpresso.tools.macosx_24.12.0.202407110909/tools/bin/../lib/gcc/arm-none-eabi/13.2.1/thumb/v7-m/nofp/libcr_eabihelpers.a(double.o)

.debug_str      0x00000000     0x278f
 .debug_str     0x00000000     0x278f ./src/control.o
                                0x6f3 (size before relaxing)
 .debug_str     0x0000278f      0x28e ./src/cr_startup_lpc13.o
 .debug_str     0x0000278f      0x683 ./src/main.o
 .debug_str     0x0000278f      0xdf1 /Users/shimadalocal/src/Balancer2/MCUxpresso/Balancer_2025/lib/libBalancer2_lib.a(adc.o)
 .debug_str     0x0000278f      0x622 /Users/shimadalocal/src/Balancer2/MCUxpresso/Balancer_2025/lib/libBalancer2_lib.a(current.o)
 .debug_str     0x0000278f      0xad2 /Users/shimadalocal/src/Balancer2/MCUxpresso/Balancer_2025/lib/libBalancer2_lib.a(enc.o)
 .debug_str     0x0000278f      0x916 /Users/shimadalocal/src/Balancer2/MCUxpresso/Balancer_2025/lib/libBalancer2_lib.a(gpio.o)
 .debug_str     0x0000278f      0x5ef /Users/shimadalocal/src/Balancer2/MCUxpresso/Balancer_2025/lib/libBalancer2_lib.a(gyro.o)
 .debug_str     0x0000278f      0xaf1 /Users/shimadalocal/src/Balancer2/MCUxpresso/Balancer_2025/lib/libBalancer2_lib.a(i2c.o)
 .debug_str     0x0000278f      0x5da /Users/shimadalocal/src/Balancer2/MCUxpresso/Balancer_2025/lib/libBalancer2_lib.a(log.o)
 .debug_str     0x0000278f      0x495 /Users/shimadalocal/src/Balancer2/MCUxpresso/Balancer_2025/lib/libBalancer2_lib.a(system_LPC13xx.o)
 .debug_str     0x0000278f      0xeb2 /Users/shimadalocal/src/Balancer2/MCUxpresso/Balancer_2025/lib/libBalancer2_lib.a(uart.o)
 .debug_str     0x0000278f      0x262 /Users/shimadalocal/src/Balancer2/MCUxpresso/Balancer_2025/lib/libBalancer2_lib.a(util.o)
 .debug_str     0x0000278f     0x10df /Users/shimadalocal/src/Balancer2/MCUxpresso/Balancer_2025/lib/libBalancer2_lib.a(vs-bb022.o)
 .debug_str     0x0000278f      0x5dd /Users/shimadalocal/src/Balancer2/MCUxpresso/Balancer_2025/lib/libBalancer2_lib.a(flash.o)
 .debug_str     0x0000278f      0x504 /Users/shimadalocal/src/Balancer2/MCUxpresso/Balancer_2025/lib/libBalancer2_lib.a(mot.o)
 .debug_str     0x0000278f      0x6bf /Users/shimadalocal/src/Balancer2/MCUxpresso/Balancer_2025/lib/libBalancer2_lib.a(pad.o)
 .debug_str     0x0000278f      0xf06 /Users/shimadalocal/src/Balancer2/MCUxpresso/Balancer_2025/lib/libBalancer2_lib.a(usb_user.o)
 .debug_str     0x0000278f      0x776 /Users/shimadalocal/src/Balancer2/MCUxpresso/Balancer_2025/lib/libBalancer2_lib.a(usb_core.o)
 .debug_str     0x0000278f      0x5b9 /Users/shimadalocal/src/Balancer2/MCUxpresso/Balancer_2025/lib/libBalancer2_lib.a(usb_descriptors.o)
 .debug_str     0x0000278f      0x7b3 /Users/shimadalocal/src/Balancer2/MCUxpresso/Balancer_2025/lib/libBalancer2_lib.a(usb_hardware.o)
 .debug_str     0x0000278f      0x640 /Users/shimadalocal/src/Balancer2/MCUxpresso/Balancer_2025/lib/libBalancer2_lib.a(usb_hiduser.o)
 .debug_str     0x0000278f      0x1b7 /Applications/MCUXpressoIDE_24.12.148/ide/plugins/com.nxp.mcuxpresso.tools.macosx_24.12.0.202407110909/tools/bin/../lib/gcc/arm-none-eabi/13.2.1/../../../../arm-none-eabi/lib/thumb/v7-m/nofp/libcr_c.a(memcpy.o)
 .debug_str     0x0000278f      0x180 /Applications/MCUXpressoIDE_24.12.148/ide/plugins/com.nxp.mcuxpresso.tools.macosx_24.12.0.202407110909/tools/bin/../lib/gcc/arm-none-eabi/13.2.1/../../../../arm-none-eabi/lib/thumb/v7-m/nofp/libcr_c.a(memset.o)
 .debug_str     0x0000278f      0x374 /Applications/MCUXpressoIDE_24.12.148/ide/plugins/com.nxp.mcuxpresso.tools.macosx_24.12.0.202407110909/tools/bin/../lib/gcc/arm-none-eabi/13.2.1/thumb/v7-m/nofp/libcr_eabihelpers.a(double.o)

.comment        0x00000000       0xb4
 .comment       0x00000000       0xb4 ./src/control.o
                                 0x45 (size before relaxing)
 .comment       0x000000b4       0x45 ./src/cr_startup_lpc13.o
 .comment       0x000000b4       0x45 ./src/main.o
 .comment       0x000000b4       0x71 /Users/shimadalocal/src/Balancer2/MCUxpresso/Balancer_2025/lib/libBalancer2_lib.a(adc.o)
 .comment       0x000000b4       0x71 /Users/shimadalocal/src/Balancer2/MCUxpresso/Balancer_2025/lib/libBalancer2_lib.a(current.o)
 .comment       0x000000b4       0x71 /Users/shimadalocal/src/Balancer2/MCUxpresso/Balancer_2025/lib/libBalancer2_lib.a(enc.o)
 .comment       0x000000b4       0x71 /Users/shimadalocal/src/Balancer2/MCUxpresso/Balancer_2025/lib/libBalancer2_lib.a(gpio.o)
 .comment       0x000000b4       0x71 /Users/shimadalocal/src/Balancer2/MCUxpresso/Balancer_2025/lib/libBalancer2_lib.a(gyro.o)
 .comment       0x000000b4       0x71 /Users/shimadalocal/src/Balancer2/MCUxpresso/Balancer_2025/lib/libBalancer2_lib.a(i2c.o)
 .comment       0x000000b4       0x71 /Users/shimadalocal/src/Balancer2/MCUxpresso/Balancer_2025/lib/libBalancer2_lib.a(log.o)
 .comment       0x000000b4       0x71 /Users/shimadalocal/src/Balancer2/MCUxpresso/Balancer_2025/lib/libBalancer2_lib.a(system_LPC13xx.o)
 .comment       0x000000b4       0x71 /Users/shimadalocal/src/Balancer2/MCUxpresso/Balancer_2025/lib/libBalancer2_lib.a(uart.o)
 .comment       0x000000b4       0x71 /Users/shimadalocal/src/Balancer2/MCUxpresso/Balancer_2025/lib/libBalancer2_lib.a(util.o)
 .comment       0x000000b4       0x71 /Users/shimadalocal/src/Balancer2/MCUxpresso/Balancer_2025/lib/libBalancer2_lib.a(vs-bb022.o)
 .comment       0x000000b4       0x71 /Users/shimadalocal/src/Balancer2/MCUxpresso/Balancer_2025/lib/libBalancer2_lib.a(flash.o)
 .comment       0x000000b4       0x71 /Users/shimadalocal/src/Balancer2/MCUxpresso/Balancer_2025/lib/libBalancer2_lib.a(mot.o)
 .comment       0x000000b4       0x71 /Users/shimadalocal/src/Balancer2/MCUxpresso/Balancer_2025/lib/libBalancer2_lib.a(pad.o)
 .comment       0x000000b4       0x71 /Users/shimadalocal/src/Balancer2/MCUxpresso/Balancer_2025/lib/libBalancer2_lib.a(usb_user.o)
 .comment       0x000000b4       0x71 /Users/shimadalocal/src/Balancer2/MCUxpresso/Balancer_2025/lib/libBalancer2_lib.a(usb_core.o)
 .comment       0x000000b4       0x71 /Users/shimadalocal/src/Balancer2/MCUxpresso/Balancer_2025/lib/libBalancer2_lib.a(usb_descriptors.o)
 .comment       0x000000b4       0x71 /Users/shimadalocal/src/Balancer2/MCUxpresso/Balancer_2025/lib/libBalancer2_lib.a(usb_hardware.o)
 .comment       0x000000b4       0x71 /Users/shimadalocal/src/Balancer2/MCUxpresso/Balancer_2025/lib/libBalancer2_lib.a(usb_hiduser.o)
 .comment       0x000000b4       0x45 /Applications/MCUXpressoIDE_24.12.148/ide/plugins/com.nxp.mcuxpresso.tools.macosx_24.12.0.202407110909/tools/bin/../lib/gcc/arm-none-eabi/13.2.1/../../../../arm-none-eabi/lib/thumb/v7-m/nofp/libcr_c.a(memcpy.o)
 .comment       0x000000b4       0x45 /Applications/MCUXpressoIDE_24.12.148/ide/plugins/com.nxp.mcuxpresso.tools.macosx_24.12.0.202407110909/tools/bin/../lib/gcc/arm-none-eabi/13.2.1/../../../../arm-none-eabi/lib/thumb/v7-m/nofp/libcr_c.a(memset.o)
 .comment       0x000000b4       0x45 /Applications/MCUXpressoIDE_24.12.148/ide/plugins/com.nxp.mcuxpresso.tools.macosx_24.12.0.202407110909/tools/bin/../lib/gcc/arm-none-eabi/13.2.1/thumb/v7-m/nofp/libcr_eabihelpers.a(double.o)

.ARM.attributes
                0x00000000       0x2b
 .ARM.attributes
                0x00000000       0x2d ./src/control.o
 .ARM.attributes
                0x0000002d       0x2d ./src/cr_startup_lpc13.o
 .ARM.attributes
                0x0000005a       0x2d ./src/main.o
 .ARM.attributes
                0x00000087       0x33 /Users/shimadalocal/src/Balancer2/MCUxpresso/Balancer_2025/lib/libBalancer2_lib.a(adc.o)
 .ARM.attributes
                0x000000ba       0x33 /Users/shimadalocal/src/Balancer2/MCUxpresso/Balancer_2025/lib/libBalancer2_lib.a(current.o)
 .ARM.attributes
                0x000000ed       0x33 /Users/shimadalocal/src/Balancer2/MCUxpresso/Balancer_2025/lib/libBalancer2_lib.a(enc.o)
 .ARM.attributes
                0x00000120       0x33 /Users/shimadalocal/src/Balancer2/MCUxpresso/Balancer_2025/lib/libBalancer2_lib.a(gpio.o)
 .ARM.attributes
                0x00000153       0x33 /Users/shimadalocal/src/Balancer2/MCUxpresso/Balancer_2025/lib/libBalancer2_lib.a(gyro.o)
 .ARM.attributes
                0x00000186       0x33 /Users/shimadalocal/src/Balancer2/MCUxpresso/Balancer_2025/lib/libBalancer2_lib.a(i2c.o)
 .ARM.attributes
                0x000001b9       0x33 /Users/shimadalocal/src/Balancer2/MCUxpresso/Balancer_2025/lib/libBalancer2_lib.a(log.o)
 .ARM.attributes
                0x000001ec       0x33 /Users/shimadalocal/src/Balancer2/MCUxpresso/Balancer_2025/lib/libBalancer2_lib.a(system_LPC13xx.o)
 .ARM.attributes
                0x0000021f       0x33 /Users/shimadalocal/src/Balancer2/MCUxpresso/Balancer_2025/lib/libBalancer2_lib.a(uart.o)
 .ARM.attributes
                0x00000252       0x33 /Users/shimadalocal/src/Balancer2/MCUxpresso/Balancer_2025/lib/libBalancer2_lib.a(util.o)
 .ARM.attributes
                0x00000285       0x33 /Users/shimadalocal/src/Balancer2/MCUxpresso/Balancer_2025/lib/libBalancer2_lib.a(vs-bb022.o)
 .ARM.attributes
                0x000002b8       0x33 /Users/shimadalocal/src/Balancer2/MCUxpresso/Balancer_2025/lib/libBalancer2_lib.a(flash.o)
 .ARM.attributes
                0x000002eb       0x33 /Users/shimadalocal/src/Balancer2/MCUxpresso/Balancer_2025/lib/libBalancer2_lib.a(mot.o)
 .ARM.attributes
                0x0000031e       0x33 /Users/shimadalocal/src/Balancer2/MCUxpresso/Balancer_2025/lib/libBalancer2_lib.a(pad.o)
 .ARM.attributes
                0x00000351       0x33 /Users/shimadalocal/src/Balancer2/MCUxpresso/Balancer_2025/lib/libBalancer2_lib.a(usb_user.o)
 .ARM.attributes
                0x00000384       0x33 /Users/shimadalocal/src/Balancer2/MCUxpresso/Balancer_2025/lib/libBalancer2_lib.a(usb_core.o)
 .ARM.attributes
                0x000003b7       0x33 /Users/shimadalocal/src/Balancer2/MCUxpresso/Balancer_2025/lib/libBalancer2_lib.a(usb_descriptors.o)
 .ARM.attributes
                0x000003ea       0x33 /Users/shimadalocal/src/Balancer2/MCUxpresso/Balancer_2025/lib/libBalancer2_lib.a(usb_hardware.o)
 .ARM.attributes
                0x0000041d       0x33 /Users/shimadalocal/src/Balancer2/MCUxpresso/Balancer_2025/lib/libBalancer2_lib.a(usb_hiduser.o)
 .ARM.attributes
                0x00000450       0x2d /Applications/MCUXpressoIDE_24.12.148/ide/plugins/com.nxp.mcuxpresso.tools.macosx_24.12.0.202407110909/tools/bin/../lib/gcc/arm-none-eabi/13.2.1/../../../../arm-none-eabi/lib/thumb/v7-m/nofp/libcr_c.a(memcpy.o)
 .ARM.attributes
                0x0000047d       0x2d /Applications/MCUXpressoIDE_24.12.148/ide/plugins/com.nxp.mcuxpresso.tools.macosx_24.12.0.202407110909/tools/bin/../lib/gcc/arm-none-eabi/13.2.1/../../../../arm-none-eabi/lib/thumb/v7-m/nofp/libcr_c.a(memset.o)
 .ARM.attributes
                0x000004aa       0x1b /Applications/MCUXpressoIDE_24.12.148/ide/plugins/com.nxp.mcuxpresso.tools.macosx_24.12.0.202407110909/tools/bin/../lib/gcc/arm-none-eabi/13.2.1/thumb/v7-m/nofp/libcr_eabihelpers.a(division_64.o)
 .ARM.attributes
                0x000004c5       0x1b /Applications/MCUXpressoIDE_24.12.148/ide/plugins/com.nxp.mcuxpresso.tools.macosx_24.12.0.202407110909/tools/bin/../lib/gcc/arm-none-eabi/13.2.1/thumb/v7-m/nofp/libcr_eabihelpers.a(division_idiv0.o)
 .ARM.attributes
                0x000004e0       0x2d /Applications/MCUXpressoIDE_24.12.148/ide/plugins/com.nxp.mcuxpresso.tools.macosx_24.12.0.202407110909/tools/bin/../lib/gcc/arm-none-eabi/13.2.1/thumb/v7-m/nofp/libcr_eabihelpers.a(double.o)
 .ARM.attributes
                0x0000050d       0x1b /Applications/MCUXpressoIDE_24.12.148/ide/plugins/com.nxp.mcuxpresso.tools.macosx_24.12.0.202407110909/tools/bin/../lib/gcc/arm-none-eabi/13.2.1/thumb/v7-m/nofp/libcr_eabihelpers.a(memcpy.o)

.debug_frame    0x00000000     0x144c
 .debug_frame   0x00000000      0x140 ./src/control.o
 .debug_frame   0x00000140       0xc8 ./src/cr_startup_lpc13.o
 .debug_frame   0x00000208       0x50 ./src/main.o
 .debug_frame   0x00000258       0x58 /Users/shimadalocal/src/Balancer2/MCUxpresso/Balancer_2025/lib/libBalancer2_lib.a(adc.o)
 .debug_frame   0x000002b0       0x94 /Users/shimadalocal/src/Balancer2/MCUxpresso/Balancer_2025/lib/libBalancer2_lib.a(current.o)
 .debug_frame   0x00000344       0x90 /Users/shimadalocal/src/Balancer2/MCUxpresso/Balancer_2025/lib/libBalancer2_lib.a(enc.o)
 .debug_frame   0x000003d4       0xd4 /Users/shimadalocal/src/Balancer2/MCUxpresso/Balancer_2025/lib/libBalancer2_lib.a(gpio.o)
 .debug_frame   0x000004a8       0x78 /Users/shimadalocal/src/Balancer2/MCUxpresso/Balancer_2025/lib/libBalancer2_lib.a(gyro.o)
 .debug_frame   0x00000520       0x74 /Users/shimadalocal/src/Balancer2/MCUxpresso/Balancer_2025/lib/libBalancer2_lib.a(i2c.o)
 .debug_frame   0x00000594       0xc0 /Users/shimadalocal/src/Balancer2/MCUxpresso/Balancer_2025/lib/libBalancer2_lib.a(log.o)
 .debug_frame   0x00000654       0x30 /Users/shimadalocal/src/Balancer2/MCUxpresso/Balancer_2025/lib/libBalancer2_lib.a(system_LPC13xx.o)
 .debug_frame   0x00000684       0x88 /Users/shimadalocal/src/Balancer2/MCUxpresso/Balancer_2025/lib/libBalancer2_lib.a(uart.o)
 .debug_frame   0x0000070c      0x144 /Users/shimadalocal/src/Balancer2/MCUxpresso/Balancer_2025/lib/libBalancer2_lib.a(util.o)
 .debug_frame   0x00000850      0x1b4 /Users/shimadalocal/src/Balancer2/MCUxpresso/Balancer_2025/lib/libBalancer2_lib.a(vs-bb022.o)
 .debug_frame   0x00000a04       0xb0 /Users/shimadalocal/src/Balancer2/MCUxpresso/Balancer_2025/lib/libBalancer2_lib.a(flash.o)
 .debug_frame   0x00000ab4       0xb0 /Users/shimadalocal/src/Balancer2/MCUxpresso/Balancer_2025/lib/libBalancer2_lib.a(pad.o)
 .debug_frame   0x00000b64       0xb0 /Users/shimadalocal/src/Balancer2/MCUxpresso/Balancer_2025/lib/libBalancer2_lib.a(usb_user.o)
 .debug_frame   0x00000c14      0x1d8 /Users/shimadalocal/src/Balancer2/MCUxpresso/Balancer_2025/lib/libBalancer2_lib.a(usb_core.o)
 .debug_frame   0x00000dec      0x318 /Users/shimadalocal/src/Balancer2/MCUxpresso/Balancer_2025/lib/libBalancer2_lib.a(usb_hardware.o)
 .debug_frame   0x00001104       0x70 /Users/shimadalocal/src/Balancer2/MCUxpresso/Balancer_2025/lib/libBalancer2_lib.a(usb_hiduser.o)
 .debug_frame   0x00001174       0x20 /Applications/MCUXpressoIDE_24.12.148/ide/plugins/com.nxp.mcuxpresso.tools.macosx_24.12.0.202407110909/tools/bin/../lib/gcc/arm-none-eabi/13.2.1/../../../../arm-none-eabi/lib/thumb/v7-m/nofp/libcr_c.a(memcpy.o)
 .debug_frame   0x00001194       0x20 /Applications/MCUXpressoIDE_24.12.148/ide/plugins/com.nxp.mcuxpresso.tools.macosx_24.12.0.202407110909/tools/bin/../lib/gcc/arm-none-eabi/13.2.1/../../../../arm-none-eabi/lib/thumb/v7-m/nofp/libcr_c.a(memset.o)
 .debug_frame   0x000011b4      0x298 /Applications/MCUXpressoIDE_24.12.148/ide/plugins/com.nxp.mcuxpresso.tools.macosx_24.12.0.202407110909/tools/bin/../lib/gcc/arm-none-eabi/13.2.1/thumb/v7-m/nofp/libcr_eabihelpers.a(double.o)
