Archive member included to satisfy reference by file (symbol)

/home/okui/mcuxpresso/BeuatoBalancer2/Balancer2/MCUxpresso/Balancer2_firm_Default/lib/libBalancer2_lib.a(adc.o)
                              ./src/control.o (memmap)
/home/okui/mcuxpresso/BeuatoBalancer2/Balancer2/MCUxpresso/Balancer2_firm_Default/lib/libBalancer2_lib.a(current.o)
                              ./src/control.o (ClearCurrentVariables)
/home/okui/mcuxpresso/BeuatoBalancer2/Balancer2/MCUxpresso/Balancer2_firm_Default/lib/libBalancer2_lib.a(enc.o)
                              ./src/control.o (ClearEncVariables)
/home/okui/mcuxpresso/BeuatoBalancer2/Balancer2/MCUxpresso/Balancer2_firm_Default/lib/libBalancer2_lib.a(gpio.o)
                              /home/okui/mcuxpresso/BeuatoBalancer2/Balancer2/MCUxpresso/Balancer2_firm_Default/lib/libBalancer2_lib.a(enc.o) (GPIOSetDir)
/home/okui/mcuxpresso/BeuatoBalancer2/Balancer2/MCUxpresso/Balancer2_firm_Default/lib/libBalancer2_lib.a(gyro.o)
                              ./src/control.o (ClearGyroVariables)
/home/okui/mcuxpresso/BeuatoBalancer2/Balancer2/MCUxpresso/Balancer2_firm_Default/lib/libBalancer2_lib.a(i2c.o)
                              /home/okui/mcuxpresso/BeuatoBalancer2/Balancer2/MCUxpresso/Balancer2_firm_Default/lib/libBalancer2_lib.a(gyro.o) (I2CMasterBuffer)
/home/okui/mcuxpresso/BeuatoBalancer2/Balancer2/MCUxpresso/Balancer2_firm_Default/lib/libBalancer2_lib.a(log.o)
                              ./src/main.o (isLogEnable)
/home/okui/mcuxpresso/BeuatoBalancer2/Balancer2/MCUxpresso/Balancer2_firm_Default/lib/libBalancer2_lib.a(system_LPC13xx.o)
                              ./src/cr_startup_lpc13.o (SystemInit)
/home/okui/mcuxpresso/BeuatoBalancer2/Balancer2/MCUxpresso/Balancer2_firm_Default/lib/libBalancer2_lib.a(uart.o)
                              ./src/main.o (UARTInit)
/home/okui/mcuxpresso/BeuatoBalancer2/Balancer2/MCUxpresso/Balancer2_firm_Default/lib/libBalancer2_lib.a(util.o)
                              /home/okui/mcuxpresso/BeuatoBalancer2/Balancer2/MCUxpresso/Balancer2_firm_Default/lib/libBalancer2_lib.a(current.o) (getCnt)
/home/okui/mcuxpresso/BeuatoBalancer2/Balancer2/MCUxpresso/Balancer2_firm_Default/lib/libBalancer2_lib.a(vs-bb022.o)
                              /home/okui/mcuxpresso/BeuatoBalancer2/Balancer2/MCUxpresso/Balancer2_firm_Default/lib/libBalancer2_lib.a(enc.o) (SystickSyncCnt)
/home/okui/mcuxpresso/BeuatoBalancer2/Balancer2/MCUxpresso/Balancer2_firm_Default/lib/libBalancer2_lib.a(flash.o)
                              /home/okui/mcuxpresso/BeuatoBalancer2/Balancer2/MCUxpresso/Balancer2_firm_Default/lib/libBalancer2_lib.a(log.o) (srcbuf)
/home/okui/mcuxpresso/BeuatoBalancer2/Balancer2/MCUxpresso/Balancer2_firm_Default/lib/libBalancer2_lib.a(mot.o)
                              /home/okui/mcuxpresso/BeuatoBalancer2/Balancer2/MCUxpresso/Balancer2_firm_Default/lib/libBalancer2_lib.a(flash.o) (Constmemmap)
/home/okui/mcuxpresso/BeuatoBalancer2/Balancer2/MCUxpresso/Balancer2_firm_Default/lib/libBalancer2_lib.a(pad.o)
                              /home/okui/mcuxpresso/BeuatoBalancer2/Balancer2/MCUxpresso/Balancer2_firm_Default/lib/libBalancer2_lib.a(vs-bb022.o) (PADProc)
/home/okui/mcuxpresso/BeuatoBalancer2/Balancer2/MCUxpresso/Balancer2_firm_Default/lib/libBalancer2_lib.a(usb_user.o)
                              /home/okui/mcuxpresso/BeuatoBalancer2/Balancer2/MCUxpresso/Balancer2_firm_Default/lib/libBalancer2_lib.a(vs-bb022.o) (USBInit)
/home/okui/mcuxpresso/BeuatoBalancer2/Balancer2/MCUxpresso/Balancer2_firm_Default/lib/libBalancer2_lib.a(usb_core.o)
                              /home/okui/mcuxpresso/BeuatoBalancer2/Balancer2/MCUxpresso/Balancer2_firm_Default/lib/libBalancer2_lib.a(usb_user.o) (USB_ResetCore)
/home/okui/mcuxpresso/BeuatoBalancer2/Balancer2/MCUxpresso/Balancer2_firm_Default/lib/libBalancer2_lib.a(usb_descriptors.o)
                              /home/okui/mcuxpresso/BeuatoBalancer2/Balancer2/MCUxpresso/Balancer2_firm_Default/lib/libBalancer2_lib.a(usb_core.o) (USB_StringDescriptor)
/home/okui/mcuxpresso/BeuatoBalancer2/Balancer2/MCUxpresso/Balancer2_firm_Default/lib/libBalancer2_lib.a(usb_hardware.o)
                              /home/okui/mcuxpresso/BeuatoBalancer2/Balancer2/MCUxpresso/Balancer2_firm_Default/lib/libBalancer2_lib.a(usb_user.o) (USB_Connect)
/home/okui/mcuxpresso/BeuatoBalancer2/Balancer2/MCUxpresso/Balancer2_firm_Default/lib/libBalancer2_lib.a(usb_hiduser.o)
                              /home/okui/mcuxpresso/BeuatoBalancer2/Balancer2/MCUxpresso/Balancer2_firm_Default/lib/libBalancer2_lib.a(usb_core.o) (HID_GetIdle)
/usr/local/mcuxpressoide-11.6.1_8255/ide/plugins/com.nxp.mcuxpresso.tools.linux_11.6.1.202207200623/tools/bin/../lib/gcc/arm-none-eabi/10.3.1/../../../../arm-none-eabi/lib/thumb/v7-m/nofp/libcr_c.a(memset.o)
                              /home/okui/mcuxpresso/BeuatoBalancer2/Balancer2/MCUxpresso/Balancer2_firm_Default/lib/libBalancer2_lib.a(vs-bb022.o) (memset)
[...]
Memory Configuration

Name             Origin             Length             Attributes
MFlash32         0x0000000000000000 0x0000000000007000 xr
FlashMap         0x0000000000007000 0x0000000000001000 xr
RamLoc8          0x0000000010000000 0x0000000000002000 xrw
*default*        0x0000000000000000 0xffffffffffffffff

Linker script and memory map

LOAD ./src/control.o
LOAD ./src/cr_startup_lpc13.o
LOAD ./src/main.o
LOAD /home/okui/mcuxpresso/BeuatoBalancer2/Balancer2/MCUxpresso/Balancer2_firm_Default/lib/libBalancer2_lib.a
START GROUP
LOAD /usr/local/mcuxpressoide-11.6.1_8255/ide/plugins/com.nxp.mcuxpresso.tools.linux_11.6.1.202207200623/tools/bin/../lib/gcc/arm-none-eabi/10.3.1/../../../../arm-none-eabi/lib/thumb/v7-m/nofp/libcr_semihost.a
LOAD /usr/local/mcuxpressoide-11.6.1_8255/ide/plugins/com.nxp.mcuxpresso.tools.linux_11.6.1.202207200623/tools/bin/../lib/gcc/arm-none-eabi/10.3.1/../../../../arm-none-eabi/lib/thumb/v7-m/nofp/libcr_c.a
LOAD /usr/local/mcuxpressoide-11.6.1_8255/ide/plugins/com.nxp.mcuxpresso.tools.linux_11.6.1.202207200623/tools/bin/../lib/gcc/arm-none-eabi/10.3.1/thumb/v7-m/nofp/libcr_eabihelpers.a
END GROUP
                0x0000000000007000                __top_MFlash32 = 0x7000
                0x0000000000008000                __top_FlashMap = 0x8000
                0x0000000010002000                __top_RamLoc8 = 0x10002000

.text           0x0000000000000000     0x44bc
 *(.isr_vector)
 .isr_vector    0x0000000000000000      0x124 ./src/cr_startup_lpc13.o
                0x0000000000000000                g_pfnVectors
 *(.text*)
 .text.ClearVariables
                0x0000000000000124       0x24 ./src/control.o
                0x0000000000000124                ClearVariables
 .text.calibrarion
                0x0000000000000148       0xf0 ./src/control.o
                0x0000000000000148                calibrarion
 .text.Control  0x0000000000000238      0x304 ./src/control.o
                0x0000000000000238                Control
 *fill*         0x000000000000053c        0x4 
 .text.VS_C3Control
                0x0000000000000540       0x7c ./src/control.o
                0x0000000000000540                VS_C3Control
 *fill*         0x00000000000005bc        0x4 
 .text.isWhleeOverSpeed
                0x00000000000005c0       0xc8 ./src/control.o
                0x00000000000005c0                isWhleeOverSpeed
 .text.NMI_Handler
                0x0000000000000688        0x2 ./src/cr_startup_lpc13.o
                0x0000000000000688                NMI_Handler
 .text.HardFault_Handler
                0x000000000000068a        0x2 ./src/cr_startup_lpc13.o
                0x000000000000068a                HardFault_Handler
 .text.MemManage_Handler
                0x000000000000068c        0x2 ./src/cr_startup_lpc13.o
                0x000000000000068c                MemManage_Handler
 .text.BusFault_Handler
                0x000000000000068e        0x2 ./src/cr_startup_lpc13.o
                0x000000000000068e                BusFault_Handler
 .text.UsageFault_Handler
                0x0000000000000690        0x2 ./src/cr_startup_lpc13.o
                0x0000000000000690                UsageFault_Handler
 .text.SVCall_Handler
                0x0000000000000692        0x2 ./src/cr_startup_lpc13.o
                0x0000000000000692                SVCall_Handler
 .text.DebugMon_Handler
                0x0000000000000694        0x2 ./src/cr_startup_lpc13.o
                0x0000000000000694                DebugMon_Handler
 .text.PendSV_Handler
                0x0000000000000696        0x2 ./src/cr_startup_lpc13.o
                0x0000000000000696                PendSV_Handler
 .text.IntDefaultHandler
                0x0000000000000698        0x2 ./src/cr_startup_lpc13.o
                0x0000000000000698                TIMER16_0_IRQHandler
                0x0000000000000698                TIMER32_1_IRQHandler
                0x0000000000000698                PIOINT1_IRQHandler
                0x0000000000000698                SSP_IRQHandler
                0x0000000000000698                TIMER16_1_IRQHandler
                0x0000000000000698                USB_FIQHandler
                0x0000000000000698                PIOINT2_IRQHandler
                0x0000000000000698                BOD_IRQHandler
                0x0000000000000698                WAKEUP_IRQHandler
                0x0000000000000698                PIOINT0_IRQHandler
                0x0000000000000698                WDT_IRQHandler
                0x0000000000000698                PIOINT3_IRQHandler
                0x0000000000000698                FMC_IRQHandler
 *fill*         0x000000000000069a        0x2 
 .text.Reset_Handler
                0x000000000000069c       0x64 ./src/cr_startup_lpc13.o
                0x000000000000069c                Reset_Handler
                0x000000000000069c                ResetISR
 .text.LedBlink
                0x0000000000000700       0x50 ./src/main.o
                0x0000000000000700                LedBlink
 .text.main     0x0000000000000750      0x110 ./src/main.o
                0x0000000000000750                main
 .text.ADCInit  0x0000000000000860       0xa0 /home/okui/mcuxpresso/BeuatoBalancer2/Balancer2/MCUxpresso/Balancer2_firm_Default/lib/libBalancer2_lib.a(adc.o)
                0x0000000000000860                ADCInit
 .text.ADCRead  0x0000000000000900       0x24 /home/okui/mcuxpresso/BeuatoBalancer2/Balancer2/MCUxpresso/Balancer2_firm_Default/lib/libBalancer2_lib.a(adc.o)
                0x0000000000000900                ADCRead
 .text.ADC_IRQHandler
                0x0000000000000924      0x164 /home/okui/mcuxpresso/BeuatoBalancer2/Balancer2/MCUxpresso/Balancer2_firm_Default/lib/libBalancer2_lib.a(adc.o)
                0x0000000000000924                ADC_IRQHandler
 .text.ClearCurrentVariables
                0x0000000000000a88       0x64 /home/okui/mcuxpresso/BeuatoBalancer2/Balancer2/MCUxpresso/Balancer2_firm_Default/lib/libBalancer2_lib.a(current.o)
                0x0000000000000a88                ClearCurrentVariables
 .text.getCurrent
                0x0000000000000aec       0x6c /home/okui/mcuxpresso/BeuatoBalancer2/Balancer2/MCUxpresso/Balancer2_firm_Default/lib/libBalancer2_lib.a(current.o)
                0x0000000000000aec                getCurrent
 .text.CurrentControlDisable
                0x0000000000000b58       0x10 /home/okui/mcuxpresso/BeuatoBalancer2/Balancer2/MCUxpresso/Balancer2_firm_Default/lib/libBalancer2_lib.a(current.o)
                0x0000000000000b58                CurrentControlDisable
 .text.CurrentControlEnable
                0x0000000000000b68       0x10 /home/okui/mcuxpresso/BeuatoBalancer2/Balancer2/MCUxpresso/Balancer2_firm_Default/lib/libBalancer2_lib.a(current.o)
                0x0000000000000b68                CurrentControlEnable
 .text.MTRCurrentControlProc
                0x0000000000000b78      0x234 /home/okui/mcuxpresso/BeuatoBalancer2/Balancer2/MCUxpresso/Balancer2_firm_Default/lib/libBalancer2_lib.a(current.o)
                0x0000000000000b78                MTRCurrentControlProc
 .text.InitEncoder
                0x0000000000000dac       0x94 /home/okui/mcuxpresso/BeuatoBalancer2/Balancer2/MCUxpresso/Balancer2_firm_Default/lib/libBalancer2_lib.a(enc.o)
                0x0000000000000dac                InitEncoder
 .text.ClearEncVariables
                0x0000000000000e40       0x28 /home/okui/mcuxpresso/BeuatoBalancer2/Balancer2/MCUxpresso/Balancer2_firm_Default/lib/libBalancer2_lib.a(enc.o)
                0x0000000000000e40                ClearEncVariables
 .text.EncProc  0x0000000000000e68      0x188 /home/okui/mcuxpresso/BeuatoBalancer2/Balancer2/MCUxpresso/Balancer2_firm_Default/lib/libBalancer2_lib.a(enc.o)
                0x0000000000000e68                EncProc
 .text.IntEncoder
                0x0000000000000ff0       0x90 /home/okui/mcuxpresso/BeuatoBalancer2/Balancer2/MCUxpresso/Balancer2_firm_Default/lib/libBalancer2_lib.a(enc.o)
                0x0000000000000ff0                IntEncoder
 .text.SysTick_Handler
                0x0000000000001080       0x44 /home/okui/mcuxpresso/BeuatoBalancer2/Balancer2/MCUxpresso/Balancer2_firm_Default/lib/libBalancer2_lib.a(enc.o)
                0x0000000000001080                SysTick_Handler
 .text.GPIOSetDir
                0x00000000000010c4       0xf0 /home/okui/mcuxpresso/BeuatoBalancer2/Balancer2/MCUxpresso/Balancer2_firm_Default/lib/libBalancer2_lib.a(gpio.o)
                0x00000000000010c4                GPIOSetDir
 .text.GPIOSetValue
                0x00000000000011b4       0x60 /home/okui/mcuxpresso/BeuatoBalancer2/Balancer2/MCUxpresso/Balancer2_firm_Default/lib/libBalancer2_lib.a(gpio.o)
                0x00000000000011b4                GPIOSetValue
 .text.GPIOGetValueBit
                0x0000000000001214       0x60 /home/okui/mcuxpresso/BeuatoBalancer2/Balancer2/MCUxpresso/Balancer2_firm_Default/lib/libBalancer2_lib.a(gpio.o)
                0x0000000000001214                GPIOGetValueBit
 .text.ClearGyroVariables
                0x0000000000001274       0x1c /home/okui/mcuxpresso/BeuatoBalancer2/Balancer2/MCUxpresso/Balancer2_firm_Default/lib/libBalancer2_lib.a(gyro.o)
                0x0000000000001274                ClearGyroVariables
 .text.SetI2CGain
                0x0000000000001290       0x70 /home/okui/mcuxpresso/BeuatoBalancer2/Balancer2/MCUxpresso/Balancer2_firm_Default/lib/libBalancer2_lib.a(gyro.o)
                0x0000000000001290                SetI2CGain
 .text.getGyroI2C
                0x0000000000001300       0x50 /home/okui/mcuxpresso/BeuatoBalancer2/Balancer2/MCUxpresso/Balancer2_firm_Default/lib/libBalancer2_lib.a(gyro.o)
                0x0000000000001300                getGyroI2C
 .text.GyroProc
                0x0000000000001350       0xe8 /home/okui/mcuxpresso/BeuatoBalancer2/Balancer2/MCUxpresso/Balancer2_firm_Default/lib/libBalancer2_lib.a(gyro.o)
                0x0000000000001350                GyroProc
 .text.I2C_IRQHandler
                0x0000000000001438      0x230 /home/okui/mcuxpresso/BeuatoBalancer2/Balancer2/MCUxpresso/Balancer2_firm_Default/lib/libBalancer2_lib.a(i2c.o)
                0x0000000000001438                I2C_IRQHandler
 .text.I2CStart
                0x0000000000001668       0x50 /home/okui/mcuxpresso/BeuatoBalancer2/Balancer2/MCUxpresso/Balancer2_firm_Default/lib/libBalancer2_lib.a(i2c.o)
                0x0000000000001668                I2CStart
 .text.I2CStop  0x00000000000016b8       0x1c /home/okui/mcuxpresso/BeuatoBalancer2/Balancer2/MCUxpresso/Balancer2_firm_Default/lib/libBalancer2_lib.a(i2c.o)
                0x00000000000016b8                I2CStop
 .text.I2CInit  0x00000000000016d4       0x70 /home/okui/mcuxpresso/BeuatoBalancer2/Balancer2/MCUxpresso/Balancer2_firm_Default/lib/libBalancer2_lib.a(i2c.o)
                0x00000000000016d4                I2CInit
 .text.I2CEngine
                0x0000000000001744       0x34 /home/okui/mcuxpresso/BeuatoBalancer2/Balancer2/MCUxpresso/Balancer2_firm_Default/lib/libBalancer2_lib.a(i2c.o)
                0x0000000000001744                I2CEngine
 .text.isLogEnable
                0x0000000000001778       0x10 /home/okui/mcuxpresso/BeuatoBalancer2/Balancer2/MCUxpresso/Balancer2_firm_Default/lib/libBalancer2_lib.a(log.o)
                0x0000000000001778                isLogEnable
 .text.isLogRecoding
                0x0000000000001788       0x14 /home/okui/mcuxpresso/BeuatoBalancer2/Balancer2/MCUxpresso/Balancer2_firm_Default/lib/libBalancer2_lib.a(log.o)
                0x0000000000001788                isLogRecoding
 .text.LogStart
                0x000000000000179c       0x14 /home/okui/mcuxpresso/BeuatoBalancer2/Balancer2/MCUxpresso/Balancer2_firm_Default/lib/libBalancer2_lib.a(log.o)
                0x000000000000179c                LogStart
 .text.LogProc  0x00000000000017b0      0x178 /home/okui/mcuxpresso/BeuatoBalancer2/Balancer2/MCUxpresso/Balancer2_firm_Default/lib/libBalancer2_lib.a(log.o)
                0x00000000000017b0                LogProc
 .text.SystemInit
                0x0000000000001928       0xec /home/okui/mcuxpresso/BeuatoBalancer2/Balancer2/MCUxpresso/Balancer2_firm_Default/lib/libBalancer2_lib.a(system_LPC13xx.o)
                0x0000000000001928                SystemInit
 .text.UART_IRQHandler
                0x0000000000001a14       0xd4 /home/okui/mcuxpresso/BeuatoBalancer2/Balancer2/MCUxpresso/Balancer2_firm_Default/lib/libBalancer2_lib.a(uart.o)
                0x0000000000001a14                UART_IRQHandler
 .text.UARTInit
                0x0000000000001ae8       0xd8 /home/okui/mcuxpresso/BeuatoBalancer2/Balancer2/MCUxpresso/Balancer2_firm_Default/lib/libBalancer2_lib.a(uart.o)
                0x0000000000001ae8                UARTInit
 .text.getCnt   0x0000000000001bc0       0x10 /home/okui/mcuxpresso/BeuatoBalancer2/Balancer2/MCUxpresso/Balancer2_firm_Default/lib/libBalancer2_lib.a(util.o)
                0x0000000000001bc0                getCnt
 .text.Sync     0x0000000000001bd0       0x30 /home/okui/mcuxpresso/BeuatoBalancer2/Balancer2/MCUxpresso/Balancer2_firm_Default/lib/libBalancer2_lib.a(vs-bb022.o)
                0x0000000000001bd0                Sync
 .text.getSW    0x0000000000001c00       0x14 /home/okui/mcuxpresso/BeuatoBalancer2/Balancer2/MCUxpresso/Balancer2_firm_Default/lib/libBalancer2_lib.a(vs-bb022.o)
                0x0000000000001c00                getSW
 .text.Wait     0x0000000000001c14       0x44 /home/okui/mcuxpresso/BeuatoBalancer2/Balancer2/MCUxpresso/Balancer2_firm_Default/lib/libBalancer2_lib.a(vs-bb022.o)
                0x0000000000001c14                Wait
 .text.CycleProc
                0x0000000000001c58       0x4c /home/okui/mcuxpresso/BeuatoBalancer2/Balancer2/MCUxpresso/Balancer2_firm_Default/lib/libBalancer2_lib.a(vs-bb022.o)
                0x0000000000001c58                CycleProc
 .text.setLED   0x0000000000001ca4       0x24 /home/okui/mcuxpresso/BeuatoBalancer2/Balancer2/MCUxpresso/Balancer2_firm_Default/lib/libBalancer2_lib.a(vs-bb022.o)
                0x0000000000001ca4                setLED
 .text.InitMemmap
                0x0000000000001cc8      0x1b8 /home/okui/mcuxpresso/BeuatoBalancer2/Balancer2/MCUxpresso/Balancer2_firm_Default/lib/libBalancer2_lib.a(vs-bb022.o)
                0x0000000000001cc8                InitMemmap
 .text.SetMotorPwm
                0x0000000000001e80      0x100 /home/okui/mcuxpresso/BeuatoBalancer2/Balancer2/MCUxpresso/Balancer2_firm_Default/lib/libBalancer2_lib.a(vs-bb022.o)
                0x0000000000001e80                SetMotorPwm
 .text.Timer16Init
                0x0000000000001f80       0x7c /home/okui/mcuxpresso/BeuatoBalancer2/Balancer2/MCUxpresso/Balancer2_firm_Default/lib/libBalancer2_lib.a(vs-bb022.o)
                0x0000000000001f80                Timer16Init
 .text.Timer32Init
                0x0000000000001ffc       0x3c /home/okui/mcuxpresso/BeuatoBalancer2/Balancer2/MCUxpresso/Balancer2_firm_Default/lib/libBalancer2_lib.a(vs-bb022.o)
                0x0000000000001ffc                Timer32Init
 .text.TIMER32_0_IRQHandler
                0x0000000000002038       0x90 /home/okui/mcuxpresso/BeuatoBalancer2/Balancer2/MCUxpresso/Balancer2_firm_Default/lib/libBalancer2_lib.a(vs-bb022.o)
                0x0000000000002038                TIMER32_0_IRQHandler
 .text.DisableIntterupt
                0x00000000000020c8       0x3c /home/okui/mcuxpresso/BeuatoBalancer2/Balancer2/MCUxpresso/Balancer2_firm_Default/lib/libBalancer2_lib.a(vs-bb022.o)
                0x00000000000020c8                DisableIntterupt
 .text.Init     0x0000000000002104      0x100 /home/okui/mcuxpresso/BeuatoBalancer2/Balancer2/MCUxpresso/Balancer2_firm_Default/lib/libBalancer2_lib.a(vs-bb022.o)
                0x0000000000002104                Init
 .text.Balancer2Init
                0x0000000000002204       0x20 /home/okui/mcuxpresso/BeuatoBalancer2/Balancer2/MCUxpresso/Balancer2_firm_Default/lib/libBalancer2_lib.a(vs-bb022.o)
                0x0000000000002204                Balancer2Init
 .text.EnableIntterupt
                0x0000000000002224       0x20 /home/okui/mcuxpresso/BeuatoBalancer2/Balancer2/MCUxpresso/Balancer2_firm_Default/lib/libBalancer2_lib.a(vs-bb022.o)
                0x0000000000002224                EnableIntterupt
 .text.call_IAP
                0x0000000000002244       0x2c /home/okui/mcuxpresso/BeuatoBalancer2/Balancer2/MCUxpresso/Balancer2_firm_Default/lib/libBalancer2_lib.a(flash.o)
 .text.FLASH_ProgramPage
                0x0000000000002270       0x48 /home/okui/mcuxpresso/BeuatoBalancer2/Balancer2/MCUxpresso/Balancer2_firm_Default/lib/libBalancer2_lib.a(flash.o)
                0x0000000000002270                FLASH_ProgramPage
 .text.FLASH_ErasePage
                0x00000000000022b8       0x30 /home/okui/mcuxpresso/BeuatoBalancer2/Balancer2/MCUxpresso/Balancer2_firm_Default/lib/libBalancer2_lib.a(flash.o)
                0x00000000000022b8                FLASH_ErasePage
 .text.FLASH_WRITE_MEMMAP
                0x00000000000022e8       0x48 /home/okui/mcuxpresso/BeuatoBalancer2/Balancer2/MCUxpresso/Balancer2_firm_Default/lib/libBalancer2_lib.a(flash.o)
                0x00000000000022e8                FLASH_WRITE_MEMMAP
 .text.FLASH_READ_MEMMAP
                0x0000000000002330       0x1c /home/okui/mcuxpresso/BeuatoBalancer2/Balancer2/MCUxpresso/Balancer2_firm_Default/lib/libBalancer2_lib.a(flash.o)
                0x0000000000002330                FLASH_READ_MEMMAP
 .text.PadWait  0x000000000000234c       0x10 /home/okui/mcuxpresso/BeuatoBalancer2/Balancer2/MCUxpresso/Balancer2_firm_Default/lib/libBalancer2_lib.a(pad.o)
                0x000000000000234c                PadWait
 .text.Ds2rw    0x000000000000235c       0x8c /home/okui/mcuxpresso/BeuatoBalancer2/Balancer2/MCUxpresso/Balancer2_firm_Default/lib/libBalancer2_lib.a(pad.o)
                0x000000000000235c                Ds2rw
 .text.Ds2Com   0x00000000000023e8       0x44 /home/okui/mcuxpresso/BeuatoBalancer2/Balancer2/MCUxpresso/Balancer2_firm_Default/lib/libBalancer2_lib.a(pad.o)
                0x00000000000023e8                Ds2Com
 .text.PS_Set_AN
                0x000000000000242c       0xa0 /home/okui/mcuxpresso/BeuatoBalancer2/Balancer2/MCUxpresso/Balancer2_firm_Default/lib/libBalancer2_lib.a(pad.o)
                0x000000000000242c                PS_Set_AN
 .text.updatePAD
                0x00000000000024cc       0xb8 /home/okui/mcuxpresso/BeuatoBalancer2/Balancer2/MCUxpresso/Balancer2_firm_Default/lib/libBalancer2_lib.a(pad.o)
                0x00000000000024cc                updatePAD
 .text.PADProc  0x0000000000002584        0x8 /home/okui/mcuxpresso/BeuatoBalancer2/Balancer2/MCUxpresso/Balancer2_firm_Default/lib/libBalancer2_lib.a(pad.o)
                0x0000000000002584                PADProc
 .text.USBInit  0x000000000000258c       0x70 /home/okui/mcuxpresso/BeuatoBalancer2/Balancer2/MCUxpresso/Balancer2_firm_Default/lib/libBalancer2_lib.a(usb_user.o)
                0x000000000000258c                USBInit
 .text.USB_Reset_Event
                0x00000000000025fc        0x8 /home/okui/mcuxpresso/BeuatoBalancer2/Balancer2/MCUxpresso/Balancer2_firm_Default/lib/libBalancer2_lib.a(usb_user.o)
                0x00000000000025fc                USB_Reset_Event
 .text.SetUSBSendData
                0x0000000000002604       0x40 /home/okui/mcuxpresso/BeuatoBalancer2/Balancer2/MCUxpresso/Balancer2_firm_Default/lib/libBalancer2_lib.a(usb_user.o)
                0x0000000000002604                SetUSBSendData
 .text.InUSBDataProcces
                0x0000000000002644      0x19c /home/okui/mcuxpresso/BeuatoBalancer2/Balancer2/MCUxpresso/Balancer2_firm_Default/lib/libBalancer2_lib.a(usb_user.o)
                0x0000000000002644                InUSBDataProcces
 .text.USB_EndPoint1
                0x00000000000027e0       0x18 /home/okui/mcuxpresso/BeuatoBalancer2/Balancer2/MCUxpresso/Balancer2_firm_Default/lib/libBalancer2_lib.a(usb_user.o)
                0x00000000000027e0                USB_EndPoint1
 .text.USB_ResetCore
                0x00000000000027f8       0x4c /home/okui/mcuxpresso/BeuatoBalancer2/Balancer2/MCUxpresso/Balancer2_firm_Default/lib/libBalancer2_lib.a(usb_core.o)
                0x00000000000027f8                USB_ResetCore
 .text.USB_SetupStage
                0x0000000000002844       0x14 /home/okui/mcuxpresso/BeuatoBalancer2/Balancer2/MCUxpresso/Balancer2_firm_Default/lib/libBalancer2_lib.a(usb_core.o)
                0x0000000000002844                USB_SetupStage
 .text.USB_DataInStage
                0x0000000000002858       0x58 /home/okui/mcuxpresso/BeuatoBalancer2/Balancer2/MCUxpresso/Balancer2_firm_Default/lib/libBalancer2_lib.a(usb_core.o)
                0x0000000000002858                USB_DataInStage
 .text.USB_DataOutStage
                0x00000000000028b0       0x3c /home/okui/mcuxpresso/BeuatoBalancer2/Balancer2/MCUxpresso/Balancer2_firm_Default/lib/libBalancer2_lib.a(usb_core.o)
                0x00000000000028b0                USB_DataOutStage
 .text.USB_StatusInStage
                0x00000000000028ec       0x10 /home/okui/mcuxpresso/BeuatoBalancer2/Balancer2/MCUxpresso/Balancer2_firm_Default/lib/libBalancer2_lib.a(usb_core.o)
                0x00000000000028ec                USB_StatusInStage
 .text.USB_StatusOutStage
                0x00000000000028fc       0x14 /home/okui/mcuxpresso/BeuatoBalancer2/Balancer2/MCUxpresso/Balancer2_firm_Default/lib/libBalancer2_lib.a(usb_core.o)
                0x00000000000028fc                USB_StatusOutStage
 .text.USB_ReqGetStatus
                0x0000000000002910       0xf4 /home/okui/mcuxpresso/BeuatoBalancer2/Balancer2/MCUxpresso/Balancer2_firm_Default/lib/libBalancer2_lib.a(usb_core.o)
                0x0000000000002910                USB_ReqGetStatus
 .text.USB_ReqSetClrFeature
                0x0000000000002a04      0x130 /home/okui/mcuxpresso/BeuatoBalancer2/Balancer2/MCUxpresso/Balancer2_firm_Default/lib/libBalancer2_lib.a(usb_core.o)
                0x0000000000002a04                USB_ReqSetClrFeature
 .text.USB_ReqSetAddress
                0x0000000000002b34       0x3c /home/okui/mcuxpresso/BeuatoBalancer2/Balancer2/MCUxpresso/Balancer2_firm_Default/lib/libBalancer2_lib.a(usb_core.o)
                0x0000000000002b34                USB_ReqSetAddress
 .text.USB_ReqGetDescriptor
                0x0000000000002b70      0x174 /home/okui/mcuxpresso/BeuatoBalancer2/Balancer2/MCUxpresso/Balancer2_firm_Default/lib/libBalancer2_lib.a(usb_core.o)
                0x0000000000002b70                USB_ReqGetDescriptor
 .text.USB_ReqGetConfiguration
                0x0000000000002ce4       0x38 /home/okui/mcuxpresso/BeuatoBalancer2/Balancer2/MCUxpresso/Balancer2_firm_Default/lib/libBalancer2_lib.a(usb_core.o)
                0x0000000000002ce4                USB_ReqGetConfiguration
 .text.UsbAddPtr
                0x0000000000002d1c       0x24 /home/okui/mcuxpresso/BeuatoBalancer2/Balancer2/MCUxpresso/Balancer2_firm_Default/lib/libBalancer2_lib.a(usb_core.o)
                0x0000000000002d1c                UsbAddPtr
 .text.USB_ReqSetConfiguration
                0x0000000000002d40      0x254 /home/okui/mcuxpresso/BeuatoBalancer2/Balancer2/MCUxpresso/Balancer2_firm_Default/lib/libBalancer2_lib.a(usb_core.o)
                0x0000000000002d40                USB_ReqSetConfiguration
 .text.USB_ReqGetInterface
                0x0000000000002f94       0x68 /home/okui/mcuxpresso/BeuatoBalancer2/Balancer2/MCUxpresso/Balancer2_firm_Default/lib/libBalancer2_lib.a(usb_core.o)
                0x0000000000002f94                USB_ReqGetInterface
 .text.USB_ReqSetInterface
                0x0000000000002ffc      0x1b8 /home/okui/mcuxpresso/BeuatoBalancer2/Balancer2/MCUxpresso/Balancer2_firm_Default/lib/libBalancer2_lib.a(usb_core.o)
                0x0000000000002ffc                USB_ReqSetInterface
 .text.USB_EndPoint0
                0x00000000000031b4      0x32c /home/okui/mcuxpresso/BeuatoBalancer2/Balancer2/MCUxpresso/Balancer2_firm_Default/lib/libBalancer2_lib.a(usb_core.o)
                0x00000000000031b4                USB_EndPoint0
 .text.delay    0x00000000000034e0       0x2c /home/okui/mcuxpresso/BeuatoBalancer2/Balancer2/MCUxpresso/Balancer2_firm_Default/lib/libBalancer2_lib.a(usb_hardware.o)
                0x00000000000034e0                delay
 .text.EPAdr    0x000000000000350c       0x30 /home/okui/mcuxpresso/BeuatoBalancer2/Balancer2/MCUxpresso/Balancer2_firm_Default/lib/libBalancer2_lib.a(usb_hardware.o)
                0x000000000000350c                EPAdr
 .text.WrCmd    0x000000000000353c       0x58 /home/okui/mcuxpresso/BeuatoBalancer2/Balancer2/MCUxpresso/Balancer2_firm_Default/lib/libBalancer2_lib.a(usb_hardware.o)
                0x000000000000353c                WrCmd
 .text.WrCmdDat
                0x0000000000003594       0x1c /home/okui/mcuxpresso/BeuatoBalancer2/Balancer2/MCUxpresso/Balancer2_firm_Default/lib/libBalancer2_lib.a(usb_hardware.o)
                0x0000000000003594                WrCmdDat
 .text.WrCmdEP  0x00000000000035b0       0x2c /home/okui/mcuxpresso/BeuatoBalancer2/Balancer2/MCUxpresso/Balancer2_firm_Default/lib/libBalancer2_lib.a(usb_hardware.o)
                0x00000000000035b0                WrCmdEP
 .text.RdCmdDat
                0x00000000000035dc       0x38 /home/okui/mcuxpresso/BeuatoBalancer2/Balancer2/MCUxpresso/Balancer2_firm_Default/lib/libBalancer2_lib.a(usb_hardware.o)
                0x00000000000035dc                RdCmdDat
 .text.USB_Connect
                0x0000000000003614       0x5c /home/okui/mcuxpresso/BeuatoBalancer2/Balancer2/MCUxpresso/Balancer2_firm_Default/lib/libBalancer2_lib.a(usb_hardware.o)
                0x0000000000003614                USB_Connect
 .text.USB_Reset
                0x0000000000003670       0x24 /home/okui/mcuxpresso/BeuatoBalancer2/Balancer2/MCUxpresso/Balancer2_firm_Default/lib/libBalancer2_lib.a(usb_hardware.o)
                0x0000000000003670                USB_Reset
 .text.USB_WakeUpCfg
                0x0000000000003694       0x14 /home/okui/mcuxpresso/BeuatoBalancer2/Balancer2/MCUxpresso/Balancer2_firm_Default/lib/libBalancer2_lib.a(usb_hardware.o)
                0x0000000000003694                USB_WakeUpCfg
 .text.USB_SetAddress
                0x00000000000036a8       0x3c /home/okui/mcuxpresso/BeuatoBalancer2/Balancer2/MCUxpresso/Balancer2_firm_Default/lib/libBalancer2_lib.a(usb_hardware.o)
                0x00000000000036a8                USB_SetAddress
 .text.USB_Configure
                0x00000000000036e4       0x30 /home/okui/mcuxpresso/BeuatoBalancer2/Balancer2/MCUxpresso/Balancer2_firm_Default/lib/libBalancer2_lib.a(usb_hardware.o)
                0x00000000000036e4                USB_Configure
 .text.USB_ConfigEP
                0x0000000000003714       0x14 /home/okui/mcuxpresso/BeuatoBalancer2/Balancer2/MCUxpresso/Balancer2_firm_Default/lib/libBalancer2_lib.a(usb_hardware.o)
                0x0000000000003714                USB_ConfigEP
 .text.USB_DirCtrlEP
                0x0000000000003728       0x14 /home/okui/mcuxpresso/BeuatoBalancer2/Balancer2/MCUxpresso/Balancer2_firm_Default/lib/libBalancer2_lib.a(usb_hardware.o)
                0x0000000000003728                USB_DirCtrlEP
 .text.USB_EnableEP
                0x000000000000373c       0x2c /home/okui/mcuxpresso/BeuatoBalancer2/Balancer2/MCUxpresso/Balancer2_firm_Default/lib/libBalancer2_lib.a(usb_hardware.o)
                0x000000000000373c                USB_EnableEP
 .text.USB_DisableEP
                0x0000000000003768       0x2c /home/okui/mcuxpresso/BeuatoBalancer2/Balancer2/MCUxpresso/Balancer2_firm_Default/lib/libBalancer2_lib.a(usb_hardware.o)
                0x0000000000003768                USB_DisableEP
 .text.USB_ResetEP
                0x0000000000003794       0x2c /home/okui/mcuxpresso/BeuatoBalancer2/Balancer2/MCUxpresso/Balancer2_firm_Default/lib/libBalancer2_lib.a(usb_hardware.o)
                0x0000000000003794                USB_ResetEP
 .text.USB_SetStallEP
                0x00000000000037c0       0x2c /home/okui/mcuxpresso/BeuatoBalancer2/Balancer2/MCUxpresso/Balancer2_firm_Default/lib/libBalancer2_lib.a(usb_hardware.o)
                0x00000000000037c0                USB_SetStallEP
 .text.USB_ClrStallEP
                0x00000000000037ec       0x2c /home/okui/mcuxpresso/BeuatoBalancer2/Balancer2/MCUxpresso/Balancer2_firm_Default/lib/libBalancer2_lib.a(usb_hardware.o)
                0x00000000000037ec                USB_ClrStallEP
 .text.USB_ReadEP
                0x0000000000003818       0x80 /home/okui/mcuxpresso/BeuatoBalancer2/Balancer2/MCUxpresso/Balancer2_firm_Default/lib/libBalancer2_lib.a(usb_hardware.o)
                0x0000000000003818                USB_ReadEP
 .text.USB_WriteEP
                0x0000000000003898       0xa8 /home/okui/mcuxpresso/BeuatoBalancer2/Balancer2/MCUxpresso/Balancer2_firm_Default/lib/libBalancer2_lib.a(usb_hardware.o)
                0x0000000000003898                USB_WriteEP
 .text.USB_IRQHandler
                0x0000000000003940      0x134 /home/okui/mcuxpresso/BeuatoBalancer2/Balancer2/MCUxpresso/Balancer2_firm_Default/lib/libBalancer2_lib.a(usb_hardware.o)
                0x0000000000003940                USB_IRQHandler
 .text.HID_GetIdle
                0x0000000000003a74       0x2c /home/okui/mcuxpresso/BeuatoBalancer2/Balancer2/MCUxpresso/Balancer2_firm_Default/lib/libBalancer2_lib.a(usb_hiduser.o)
                0x0000000000003a74                HID_GetIdle
 .text.HID_SetIdle
                0x0000000000003aa0       0x28 /home/okui/mcuxpresso/BeuatoBalancer2/Balancer2/MCUxpresso/Balancer2_firm_Default/lib/libBalancer2_lib.a(usb_hiduser.o)
                0x0000000000003aa0                HID_SetIdle
 .text.HID_GetProtocol
                0x0000000000003ac8       0x20 /home/okui/mcuxpresso/BeuatoBalancer2/Balancer2/MCUxpresso/Balancer2_firm_Default/lib/libBalancer2_lib.a(usb_hiduser.o)
                0x0000000000003ac8                HID_GetProtocol
 .text.HID_SetProtocol
                0x0000000000003ae8       0x24 /home/okui/mcuxpresso/BeuatoBalancer2/Balancer2/MCUxpresso/Balancer2_firm_Default/lib/libBalancer2_lib.a(usb_hiduser.o)
                0x0000000000003ae8                HID_SetProtocol
 .text.memset   0x0000000000003b0c        0x4 /usr/local/mcuxpressoide-11.6.1_8255/ide/plugins/com.nxp.mcuxpresso.tools.linux_11.6.1.202207200623/tools/bin/../lib/gcc/arm-none-eabi/10.3.1/../../../../arm-none-eabi/lib/thumb/v7-m/nofp/libcr_c.a(memset.o)
                0x0000000000003b0c                memset
 .text.__aeabi_division_ldivmod
                0x0000000000003b10       0x26 /usr/local/mcuxpressoide-11.6.1_8255/ide/plugins/com.nxp.mcuxpresso.tools.linux_11.6.1.202207200623/tools/bin/../lib/gcc/arm-none-eabi/10.3.1/thumb/v7-m/nofp/libcr_eabihelpers.a(division_64.o)
                0x0000000000003b10                __aeabi_ldivmod
 .text.__aeabi_division_uldivmod
                0x0000000000003b36      0x174 /usr/local/mcuxpressoide-11.6.1_8255/ide/plugins/com.nxp.mcuxpresso.tools.linux_11.6.1.202207200623/tools/bin/../lib/gcc/arm-none-eabi/10.3.1/thumb/v7-m/nofp/libcr_eabihelpers.a(division_64.o)
                0x0000000000003b36                __aeabi_uldivmod
                0x0000000000003b3a                __bhs_ldivmod1
 .text.__aeabi_division_idiv0
                0x0000000000003caa        0x2 /usr/local/mcuxpressoide-11.6.1_8255/ide/plugins/com.nxp.mcuxpresso.tools.linux_11.6.1.202207200623/tools/bin/../lib/gcc/arm-none-eabi/10.3.1/thumb/v7-m/nofp/libcr_eabihelpers.a(division_idiv0.o)
                0x0000000000003caa                __aeabi_idiv0
 .text.__aeabi_dmul
                0x0000000000003cac       0xfc /usr/local/mcuxpressoide-11.6.1_8255/ide/plugins/com.nxp.mcuxpresso.tools.linux_11.6.1.202207200623/tools/bin/../lib/gcc/arm-none-eabi/10.3.1/thumb/v7-m/nofp/libcr_eabihelpers.a(double.o)
                0x0000000000003cac                __aeabi_dmul
 .text.__aeabi_ddiv
                0x0000000000003da8      0x134 /usr/local/mcuxpressoide-11.6.1_8255/ide/plugins/com.nxp.mcuxpresso.tools.linux_11.6.1.202207200623/tools/bin/../lib/gcc/arm-none-eabi/10.3.1/thumb/v7-m/nofp/libcr_eabihelpers.a(double.o)
                0x0000000000003da8                __aeabi_ddiv
 .text.__aeabi_dsub
                0x0000000000003edc      0x1ac /usr/local/mcuxpressoide-11.6.1_8255/ide/plugins/com.nxp.mcuxpresso.tools.linux_11.6.1.202207200623/tools/bin/../lib/gcc/arm-none-eabi/10.3.1/thumb/v7-m/nofp/libcr_eabihelpers.a(double.o)
                0x0000000000003edc                __aeabi_dsub
 .text.__aeabi_dadd
                0x0000000000004088      0x110 /usr/local/mcuxpressoide-11.6.1_8255/ide/plugins/com.nxp.mcuxpresso.tools.linux_11.6.1.202207200623/tools/bin/../lib/gcc/arm-none-eabi/10.3.1/thumb/v7-m/nofp/libcr_eabihelpers.a(double.o)
                0x0000000000004088                __aeabi_dadd
 .text.__aeabi_d2iz
                0x0000000000004198       0x42 /usr/local/mcuxpressoide-11.6.1_8255/ide/plugins/com.nxp.mcuxpresso.tools.linux_11.6.1.202207200623/tools/bin/../lib/gcc/arm-none-eabi/10.3.1/thumb/v7-m/nofp/libcr_eabihelpers.a(double.o)
                0x0000000000004198                __aeabi_d2iz
 .text.__bhs_ui2d
                0x00000000000041da       0x46 /usr/local/mcuxpressoide-11.6.1_8255/ide/plugins/com.nxp.mcuxpresso.tools.linux_11.6.1.202207200623/tools/bin/../lib/gcc/arm-none-eabi/10.3.1/thumb/v7-m/nofp/libcr_eabihelpers.a(double.o)
                0x00000000000041da                __bhs_ui2d
 .text.__bhs_ul2d
                0x0000000000004220       0x8a /usr/local/mcuxpressoide-11.6.1_8255/ide/plugins/com.nxp.mcuxpresso.tools.linux_11.6.1.202207200623/tools/bin/../lib/gcc/arm-none-eabi/10.3.1/thumb/v7-m/nofp/libcr_eabihelpers.a(double.o)
                0x0000000000004220                __bhs_ul2d
 .text.__aeabi_i2d
                0x00000000000042aa       0x12 /usr/local/mcuxpressoide-11.6.1_8255/ide/plugins/com.nxp.mcuxpresso.tools.linux_11.6.1.202207200623/tools/bin/../lib/gcc/arm-none-eabi/10.3.1/thumb/v7-m/nofp/libcr_eabihelpers.a(double.o)
                0x00000000000042aa                __aeabi_i2d
 .text.__aeabi_ui2d
                0x00000000000042bc        0x8 /usr/local/mcuxpressoide-11.6.1_8255/ide/plugins/com.nxp.mcuxpresso.tools.linux_11.6.1.202207200623/tools/bin/../lib/gcc/arm-none-eabi/10.3.1/thumb/v7-m/nofp/libcr_eabihelpers.a(double.o)
                0x00000000000042bc                __aeabi_ui2d
 .text.__aeabi_l2d
                0x00000000000042c4       0x1c /usr/local/mcuxpressoide-11.6.1_8255/ide/plugins/com.nxp.mcuxpresso.tools.linux_11.6.1.202207200623/tools/bin/../lib/gcc/arm-none-eabi/10.3.1/thumb/v7-m/nofp/libcr_eabihelpers.a(double.o)
                0x00000000000042c4                __aeabi_l2d
 .text.__aeabi_dcmplt
                0x00000000000042e0       0x58 /usr/local/mcuxpressoide-11.6.1_8255/ide/plugins/com.nxp.mcuxpresso.tools.linux_11.6.1.202207200623/tools/bin/../lib/gcc/arm-none-eabi/10.3.1/thumb/v7-m/nofp/libcr_eabihelpers.a(double.o)
                0x00000000000042e0                __aeabi_dcmplt
 .text.__aeabi_dcmpgt
                0x0000000000004338       0x58 /usr/local/mcuxpressoide-11.6.1_8255/ide/plugins/com.nxp.mcuxpresso.tools.linux_11.6.1.202207200623/tools/bin/../lib/gcc/arm-none-eabi/10.3.1/thumb/v7-m/nofp/libcr_eabihelpers.a(double.o)
                0x0000000000004338                __aeabi_dcmpgt
 .text.__aeabi_memset_lowlevel
                0x0000000000004390       0x32 /usr/local/mcuxpressoide-11.6.1_8255/ide/plugins/com.nxp.mcuxpresso.tools.linux_11.6.1.202207200623/tools/bin/../lib/gcc/arm-none-eabi/10.3.1/thumb/v7-m/nofp/libcr_eabihelpers.a(memcpy.o)
                0x0000000000004390                __aeabi_lowlevel_memset
 *(.rodata*)
 *fill*         0x00000000000043c2        0x2 
 .rodata        0x00000000000043c4       0x10 /home/okui/mcuxpresso/BeuatoBalancer2/Balancer2/MCUxpresso/Balancer2_firm_Default/lib/libBalancer2_lib.a(enc.o)
                0x00000000000043c4                enctbl
 .rodata        0x00000000000043d4       0x3c /home/okui/mcuxpresso/BeuatoBalancer2/Balancer2/MCUxpresso/Balancer2_firm_Default/lib/libBalancer2_lib.a(pad.o)
 .rodata        0x0000000000004410       0x14 /home/okui/mcuxpresso/BeuatoBalancer2/Balancer2/MCUxpresso/Balancer2_firm_Default/lib/libBalancer2_lib.a(usb_user.o)
                0x0000000000004410                USB_P_EP
 .rodata        0x0000000000004424       0x98 /home/okui/mcuxpresso/BeuatoBalancer2/Balancer2/MCUxpresso/Balancer2_firm_Default/lib/libBalancer2_lib.a(usb_descriptors.o)
                0x0000000000004424                USB_StringDescriptor
                0x000000000000445c                USB_ConfigDescriptor
                0x0000000000004488                USB_DeviceDescriptor
                0x000000000000449a                HID_ReportDescSize
                0x000000000000449c                HID_ReportDescriptor

.glue_7         0x00000000000044bc        0x0
 .glue_7        0x00000000000044bc        0x0 linker stubs

.glue_7t        0x00000000000044bc        0x0
 .glue_7t       0x00000000000044bc        0x0 linker stubs

.vfp11_veneer   0x00000000000044bc        0x0
 .vfp11_veneer  0x00000000000044bc        0x0 linker stubs

.v4_bx          0x00000000000044bc        0x0
 .v4_bx         0x00000000000044bc        0x0 linker stubs

.iplt           0x00000000000044bc        0x0
 .iplt          0x00000000000044bc        0x0 ./src/control.o

.ARM.extab
 *(.ARM.extab* .gnu.linkonce.armextab.*)
                0x00000000000044bc                __exidx_start = .

.ARM.exidx
 *(.ARM.exidx* .gnu.linkonce.armexidx.*)
                0x00000000000044bc                __exidx_end = .
                0x00000000000044bc                _etext = .

.cmap           0x0000000000007000      0x160
 *(.Const_Map*)
 .Const_Map     0x0000000000007000      0x160 /home/okui/mcuxpresso/BeuatoBalancer2/Balancer2/MCUxpresso/Balancer2_firm_Default/lib/libBalancer2_lib.a(mot.o)
                0x0000000000007000                Constmemmap

.rel.dyn        0x0000000000007160        0x0
 .rel.iplt      0x0000000000007160        0x0 ./src/control.o

.data           0x0000000010000000       0x10 load address 0x00000000000044bc
                0x0000000010000000                _data = .
 *(vtable)
 *(.data*)
 .data          0x0000000010000000        0x4 /home/okui/mcuxpresso/BeuatoBalancer2/Balancer2/MCUxpresso/Balancer2_firm_Default/lib/libBalancer2_lib.a(log.o)
                0x0000000010000000                databuffer
 .data          0x0000000010000004        0x4 /home/okui/mcuxpresso/BeuatoBalancer2/Balancer2/MCUxpresso/Balancer2_firm_Default/lib/libBalancer2_lib.a(system_LPC13xx.o)
                0x0000000010000004                SystemCoreClock
 .data          0x0000000010000008        0x1 /home/okui/mcuxpresso/BeuatoBalancer2/Balancer2/MCUxpresso/Balancer2_firm_Default/lib/libBalancer2_lib.a(uart.o)
                0x0000000010000008                UARTTxEmpty
 *fill*         0x0000000010000009        0x3 
 .data          0x000000001000000c        0x4 /home/okui/mcuxpresso/BeuatoBalancer2/Balancer2/MCUxpresso/Balancer2_firm_Default/lib/libBalancer2_lib.a(flash.o)
                0x000000001000000c                iap_entry
                0x0000000010000010                _edata = .

.igot.plt       0x0000000010000010        0x0 load address 0x00000000000044cc
 .igot.plt      0x0000000010000010        0x0 ./src/control.o

.bss            0x0000000010000010     0x14de load address 0x00000000000044cc
                0x0000000010000010                _bss = .
 *(.bss*)
 .bss           0x0000000010000010       0x38 ./src/control.o
 .bss           0x0000000010000048        0x4 ./src/main.o
 .bss           0x000000001000004c        0x4 /home/okui/mcuxpresso/BeuatoBalancer2/Balancer2/MCUxpresso/Balancer2_firm_Default/lib/libBalancer2_lib.a(adc.o)
                0x000000001000004c                ADCIntDone
 .bss           0x0000000010000050        0x2 /home/okui/mcuxpresso/BeuatoBalancer2/Balancer2/MCUxpresso/Balancer2_firm_Default/lib/libBalancer2_lib.a(current.o)
                0x0000000010000050                current_cnt
 .bss           0x0000000010000052        0x4 /home/okui/mcuxpresso/BeuatoBalancer2/Balancer2/MCUxpresso/Balancer2_firm_Default/lib/libBalancer2_lib.a(enc.o)
                0x0000000010000052                enc_cnt
 *fill*         0x0000000010000056        0x2 
 .bss           0x0000000010000058       0x18 /home/okui/mcuxpresso/BeuatoBalancer2/Balancer2/MCUxpresso/Balancer2_firm_Default/lib/libBalancer2_lib.a(gyro.o)
                0x0000000010000058                i2cgain
                0x0000000010000060                gyro_old_p
                0x0000000010000068                gyro_old_AngureSpd
 .bss           0x0000000010000070       0x14 /home/okui/mcuxpresso/BeuatoBalancer2/Balancer2/MCUxpresso/Balancer2_firm_Default/lib/libBalancer2_lib.a(i2c.o)
                0x0000000010000070                WrIndex
                0x0000000010000074                I2CMasterState
                0x0000000010000078                RdIndex
                0x000000001000007c                I2CCount
                0x0000000010000080                I2CSlaveState
 .bss           0x0000000010000084        0x8 /home/okui/mcuxpresso/BeuatoBalancer2/Balancer2/MCUxpresso/Balancer2_firm_Default/lib/libBalancer2_lib.a(log.o)
                0x0000000010000084                logmode
                0x0000000010000088                logtimer
 .bss           0x000000001000008c        0xc /home/okui/mcuxpresso/BeuatoBalancer2/Balancer2/MCUxpresso/Balancer2_firm_Default/lib/libBalancer2_lib.a(uart.o)
                0x000000001000008c                UARTWriteCount
                0x0000000010000090                UARTReadCount
                0x0000000010000094                UARTBuffCount
 .bss           0x0000000010000098        0x2 /home/okui/mcuxpresso/BeuatoBalancer2/Balancer2/MCUxpresso/Balancer2_firm_Default/lib/libBalancer2_lib.a(vs-bb022.o)
                0x0000000010000099                EncFlag
 .bss           0x000000001000009a        0x1 /home/okui/mcuxpresso/BeuatoBalancer2/Balancer2/MCUxpresso/Balancer2_firm_Default/lib/libBalancer2_lib.a(pad.o)
 *fill*         0x000000001000009b        0x1 
 .bss           0x000000001000009c        0x4 /home/okui/mcuxpresso/BeuatoBalancer2/Balancer2/MCUxpresso/Balancer2_firm_Default/lib/libBalancer2_lib.a(usb_hardware.o)
                0x000000001000009c                systicktemp
 *(COMMON)
 COMMON         0x00000000100000a0      0x20a /home/okui/mcuxpresso/BeuatoBalancer2/Balancer2/MCUxpresso/Balancer2_firm_Default/lib/libBalancer2_lib.a(adc.o)
                0x00000000100000a0                USB_InPutData
                0x00000000100000e0                memmap
                0x0000000010000248                ADCValue
                0x0000000010000268                USB_OutPutData
                0x00000000100002a8                bSendUSBdata
                0x00000000100002a9                isUSB_data_sending
 *fill*         0x00000000100002aa        0x6 
 COMMON         0x00000000100002b0       0x90 /home/okui/mcuxpresso/BeuatoBalancer2/Balancer2/MCUxpresso/Balancer2_firm_Default/lib/libBalancer2_lib.a(current.o)
                0x00000000100002b0                CurrentValue
                0x0000000010000320                current_old_p
                0x0000000010000330                current_i
 COMMON         0x0000000010000340       0x60 /home/okui/mcuxpresso/BeuatoBalancer2/Balancer2/MCUxpresso/Balancer2_firm_Default/lib/libBalancer2_lib.a(enc.o)
                0x0000000010000340                newL
                0x0000000010000348                newR
                0x0000000010000350                ENCSPDValue
 COMMON         0x00000000100003a0       0x28 /home/okui/mcuxpresso/BeuatoBalancer2/Balancer2/MCUxpresso/Balancer2_firm_Default/lib/libBalancer2_lib.a(i2c.o)
                0x00000000100003a0                I2CReadLength
                0x00000000100003a4                I2CSlaveBuffer
                0x00000000100003b0                StatValue
                0x00000000100003b4                I2CMode
                0x00000000100003b8                I2CMasterBuffer
                0x00000000100003c4                I2CWriteLength
 COMMON         0x00000000100003c8       0x44 /home/okui/mcuxpresso/BeuatoBalancer2/Balancer2/MCUxpresso/Balancer2_firm_Default/lib/libBalancer2_lib.a(uart.o)
                0x00000000100003c8                UARTBuffer
                0x0000000010000408                UARTStatus
 *fill*         0x000000001000040c        0x4 
 COMMON         0x0000000010000410       0x40 /home/okui/mcuxpresso/BeuatoBalancer2/Balancer2/MCUxpresso/Balancer2_firm_Default/lib/libBalancer2_lib.a(vs-bb022.o)
                0x0000000010000410                intteruptflag
                0x0000000010000430                iBuzzerPitch
                0x0000000010000434                bBuzzerFlag
                0x0000000010000438                SystickModeCnt
                0x0000000010000440                SystickWaitCnt
                0x0000000010000448                SystickSyncCnt
 COMMON         0x0000000010000450     0x1024 /home/okui/mcuxpresso/BeuatoBalancer2/Balancer2/MCUxpresso/Balancer2_firm_Default/lib/libBalancer2_lib.a(flash.o)
                0x0000000010000450                command
                0x0000000010000464                srcbuf
                0x0000000010001464                result
 *fill*         0x0000000010001474        0x4 
 COMMON         0x0000000010001478       0x72 /home/okui/mcuxpresso/BeuatoBalancer2/Balancer2/MCUxpresso/Balancer2_firm_Default/lib/libBalancer2_lib.a(usb_core.o)
                0x0000000010001478                USB_AltSetting
                0x0000000010001480                EP0Buf
                0x00000000100014c0                USB_EndPointMask
                0x00000000100014c4                USB_DeviceAddress
                0x00000000100014c8                USB_EndPointStall
                0x00000000100014cc                USB_EndPointHalt
                0x00000000100014d0                USB_Configuration
                0x00000000100014d4                SetupPacket
                0x00000000100014dc                USB_NumInterfaces
                0x00000000100014e0                EP0Data
                0x00000000100014e8                USB_DeviceStatus
 *fill*         0x00000000100014ea        0x2 
 COMMON         0x00000000100014ec        0x2 /home/okui/mcuxpresso/BeuatoBalancer2/Balancer2/MCUxpresso/Balancer2_firm_Default/lib/libBalancer2_lib.a(usb_hiduser.o)
                0x00000000100014ec                HID_IdleTime
                0x00000000100014ed                HID_Protocol
                0x00000000100014ee                _ebss = .

.cr_heap        0x00000000100014ee        0x0 load address 0x00000000000044cc
                0x00000000100014ee                end = .
                0x00000000100014ee                _pvHeapStart = .
                0x0000000010002000                _vRamTop = __top_RamLoc8
                0x0000000010002000                _vStackTop = (_vRamTop - 0x0)
OUTPUT(Balancer2_firm_Default.axf elf32-littlearm)
LOAD linker stubs

.debug_info     0x0000000000000000     0xe4ca
 .debug_info    0x0000000000000000      0x9b6 ./src/control.o
 .debug_info    0x00000000000009b6      0x20c ./src/cr_startup_lpc13.o
 .debug_info    0x0000000000000bc2      0x93e ./src/main.o
 .debug_info    0x0000000000001500      0xfda /home/okui/mcuxpresso/BeuatoBalancer2/Balancer2/MCUxpresso/Balancer2_firm_Default/lib/libBalancer2_lib.a(adc.o)
 .debug_info    0x00000000000024da      0x76a /home/okui/mcuxpresso/BeuatoBalancer2/Balancer2/MCUxpresso/Balancer2_firm_Default/lib/libBalancer2_lib.a(current.o)
 .debug_info    0x0000000000002c44      0xcd9 /home/okui/mcuxpresso/BeuatoBalancer2/Balancer2/MCUxpresso/Balancer2_firm_Default/lib/libBalancer2_lib.a(enc.o)
 .debug_info    0x000000000000391d      0xb5a /home/okui/mcuxpresso/BeuatoBalancer2/Balancer2/MCUxpresso/Balancer2_firm_Default/lib/libBalancer2_lib.a(gpio.o)
 .debug_info    0x0000000000004477      0x651 /home/okui/mcuxpresso/BeuatoBalancer2/Balancer2/MCUxpresso/Balancer2_firm_Default/lib/libBalancer2_lib.a(gyro.o)
 .debug_info    0x0000000000004ac8      0xbe4 /home/okui/mcuxpresso/BeuatoBalancer2/Balancer2/MCUxpresso/Balancer2_firm_Default/lib/libBalancer2_lib.a(i2c.o)
 .debug_info    0x00000000000056ac      0x69e /home/okui/mcuxpresso/BeuatoBalancer2/Balancer2/MCUxpresso/Balancer2_firm_Default/lib/libBalancer2_lib.a(log.o)
 .debug_info    0x0000000000005d4a      0x4be /home/okui/mcuxpresso/BeuatoBalancer2/Balancer2/MCUxpresso/Balancer2_firm_Default/lib/libBalancer2_lib.a(system_LPC13xx.o)
 .debug_info    0x0000000000006208     0x11da /home/okui/mcuxpresso/BeuatoBalancer2/Balancer2/MCUxpresso/Balancer2_firm_Default/lib/libBalancer2_lib.a(uart.o)
 .debug_info    0x00000000000073e2      0x545 /home/okui/mcuxpresso/BeuatoBalancer2/Balancer2/MCUxpresso/Balancer2_firm_Default/lib/libBalancer2_lib.a(util.o)
 .debug_info    0x0000000000007927     0x1859 /home/okui/mcuxpresso/BeuatoBalancer2/Balancer2/MCUxpresso/Balancer2_firm_Default/lib/libBalancer2_lib.a(vs-bb022.o)
 .debug_info    0x0000000000009180      0x8cb /home/okui/mcuxpresso/BeuatoBalancer2/Balancer2/MCUxpresso/Balancer2_firm_Default/lib/libBalancer2_lib.a(flash.o)
 .debug_info    0x0000000000009a4b      0x4bb /home/okui/mcuxpresso/BeuatoBalancer2/Balancer2/MCUxpresso/Balancer2_firm_Default/lib/libBalancer2_lib.a(mot.o)
 .debug_info    0x0000000000009f06      0xb0c /home/okui/mcuxpresso/BeuatoBalancer2/Balancer2/MCUxpresso/Balancer2_firm_Default/lib/libBalancer2_lib.a(pad.o)
 .debug_info    0x000000000000aa12     0x1302 /home/okui/mcuxpresso/BeuatoBalancer2/Balancer2/MCUxpresso/Balancer2_firm_Default/lib/libBalancer2_lib.a(usb_user.o)
 .debug_info    0x000000000000bd14      0xc93 /home/okui/mcuxpresso/BeuatoBalancer2/Balancer2/MCUxpresso/Balancer2_firm_Default/lib/libBalancer2_lib.a(usb_core.o)
 .debug_info    0x000000000000c9a7      0x5bd /home/okui/mcuxpresso/BeuatoBalancer2/Balancer2/MCUxpresso/Balancer2_firm_Default/lib/libBalancer2_lib.a(usb_descriptors.o)
 .debug_info    0x000000000000cf64      0xe91 /home/okui/mcuxpresso/BeuatoBalancer2/Balancer2/MCUxpresso/Balancer2_firm_Default/lib/libBalancer2_lib.a(usb_hardware.o)
 .debug_info    0x000000000000ddf5      0x6d5 /home/okui/mcuxpresso/BeuatoBalancer2/Balancer2/MCUxpresso/Balancer2_firm_Default/lib/libBalancer2_lib.a(usb_hiduser.o)

.debug_abbrev   0x0000000000000000     0x2d36
 .debug_abbrev  0x0000000000000000      0x173 ./src/control.o
 .debug_abbrev  0x0000000000000173      0x119 ./src/cr_startup_lpc13.o
 .debug_abbrev  0x000000000000028c      0x1f4 ./src/main.o
 .debug_abbrev  0x0000000000000480      0x228 /home/okui/mcuxpresso/BeuatoBalancer2/Balancer2/MCUxpresso/Balancer2_firm_Default/lib/libBalancer2_lib.a(adc.o)
 .debug_abbrev  0x00000000000006a8      0x1e1 /home/okui/mcuxpresso/BeuatoBalancer2/Balancer2/MCUxpresso/Balancer2_firm_Default/lib/libBalancer2_lib.a(current.o)
 .debug_abbrev  0x0000000000000889      0x2e6 /home/okui/mcuxpresso/BeuatoBalancer2/Balancer2/MCUxpresso/Balancer2_firm_Default/lib/libBalancer2_lib.a(enc.o)
 .debug_abbrev  0x0000000000000b6f      0x232 /home/okui/mcuxpresso/BeuatoBalancer2/Balancer2/MCUxpresso/Balancer2_firm_Default/lib/libBalancer2_lib.a(gpio.o)
 .debug_abbrev  0x0000000000000da1      0x1a6 /home/okui/mcuxpresso/BeuatoBalancer2/Balancer2/MCUxpresso/Balancer2_firm_Default/lib/libBalancer2_lib.a(gyro.o)
 .debug_abbrev  0x0000000000000f47      0x1f1 /home/okui/mcuxpresso/BeuatoBalancer2/Balancer2/MCUxpresso/Balancer2_firm_Default/lib/libBalancer2_lib.a(i2c.o)
 .debug_abbrev  0x0000000000001138      0x1b3 /home/okui/mcuxpresso/BeuatoBalancer2/Balancer2/MCUxpresso/Balancer2_firm_Default/lib/libBalancer2_lib.a(log.o)
 .debug_abbrev  0x00000000000012eb       0xf8 /home/okui/mcuxpresso/BeuatoBalancer2/Balancer2/MCUxpresso/Balancer2_firm_Default/lib/libBalancer2_lib.a(system_LPC13xx.o)
 .debug_abbrev  0x00000000000013e3      0x285 /home/okui/mcuxpresso/BeuatoBalancer2/Balancer2/MCUxpresso/Balancer2_firm_Default/lib/libBalancer2_lib.a(uart.o)
 .debug_abbrev  0x0000000000001668      0x1f5 /home/okui/mcuxpresso/BeuatoBalancer2/Balancer2/MCUxpresso/Balancer2_firm_Default/lib/libBalancer2_lib.a(util.o)
 .debug_abbrev  0x000000000000185d      0x46c /home/okui/mcuxpresso/BeuatoBalancer2/Balancer2/MCUxpresso/Balancer2_firm_Default/lib/libBalancer2_lib.a(vs-bb022.o)
 .debug_abbrev  0x0000000000001cc9      0x247 /home/okui/mcuxpresso/BeuatoBalancer2/Balancer2/MCUxpresso/Balancer2_firm_Default/lib/libBalancer2_lib.a(flash.o)
 .debug_abbrev  0x0000000000001f10       0xc7 /home/okui/mcuxpresso/BeuatoBalancer2/Balancer2/MCUxpresso/Balancer2_firm_Default/lib/libBalancer2_lib.a(mot.o)
 .debug_abbrev  0x0000000000001fd7      0x228 /home/okui/mcuxpresso/BeuatoBalancer2/Balancer2/MCUxpresso/Balancer2_firm_Default/lib/libBalancer2_lib.a(pad.o)
 .debug_abbrev  0x00000000000021ff      0x2f1 /home/okui/mcuxpresso/BeuatoBalancer2/Balancer2/MCUxpresso/Balancer2_firm_Default/lib/libBalancer2_lib.a(usb_user.o)
 .debug_abbrev  0x00000000000024f0      0x2de /home/okui/mcuxpresso/BeuatoBalancer2/Balancer2/MCUxpresso/Balancer2_firm_Default/lib/libBalancer2_lib.a(usb_core.o)
 .debug_abbrev  0x00000000000027ce       0xd4 /home/okui/mcuxpresso/BeuatoBalancer2/Balancer2/MCUxpresso/Balancer2_firm_Default/lib/libBalancer2_lib.a(usb_descriptors.o)
 .debug_abbrev  0x00000000000028a2      0x318 /home/okui/mcuxpresso/BeuatoBalancer2/Balancer2/MCUxpresso/Balancer2_firm_Default/lib/libBalancer2_lib.a(usb_hardware.o)
 .debug_abbrev  0x0000000000002bba      0x17c /home/okui/mcuxpresso/BeuatoBalancer2/Balancer2/MCUxpresso/Balancer2_firm_Default/lib/libBalancer2_lib.a(usb_hiduser.o)

.debug_loc      0x0000000000000000     0x32b0
 .debug_loc     0x0000000000000000       0xfe ./src/control.o
 .debug_loc     0x00000000000000fe       0x31 ./src/cr_startup_lpc13.o
 .debug_loc     0x000000000000012f       0xb6 ./src/main.o
 .debug_loc     0x00000000000001e5      0x13c /home/okui/mcuxpresso/BeuatoBalancer2/Balancer2/MCUxpresso/Balancer2_firm_Default/lib/libBalancer2_lib.a(adc.o)
 .debug_loc     0x0000000000000321      0x17b /home/okui/mcuxpresso/BeuatoBalancer2/Balancer2/MCUxpresso/Balancer2_firm_Default/lib/libBalancer2_lib.a(current.o)
 .debug_loc     0x000000000000049c      0x11e /home/okui/mcuxpresso/BeuatoBalancer2/Balancer2/MCUxpresso/Balancer2_firm_Default/lib/libBalancer2_lib.a(enc.o)
 .debug_loc     0x00000000000005ba      0xabb /home/okui/mcuxpresso/BeuatoBalancer2/Balancer2/MCUxpresso/Balancer2_firm_Default/lib/libBalancer2_lib.a(gpio.o)
 .debug_loc     0x0000000000001075       0x81 /home/okui/mcuxpresso/BeuatoBalancer2/Balancer2/MCUxpresso/Balancer2_firm_Default/lib/libBalancer2_lib.a(gyro.o)
 .debug_loc     0x00000000000010f6       0x40 /home/okui/mcuxpresso/BeuatoBalancer2/Balancer2/MCUxpresso/Balancer2_firm_Default/lib/libBalancer2_lib.a(i2c.o)
 .debug_loc     0x0000000000001136      0x150 /home/okui/mcuxpresso/BeuatoBalancer2/Balancer2/MCUxpresso/Balancer2_firm_Default/lib/libBalancer2_lib.a(log.o)
 .debug_loc     0x0000000000001286      0x1cd /home/okui/mcuxpresso/BeuatoBalancer2/Balancer2/MCUxpresso/Balancer2_firm_Default/lib/libBalancer2_lib.a(system_LPC13xx.o)
 .debug_loc     0x0000000000001453      0x214 /home/okui/mcuxpresso/BeuatoBalancer2/Balancer2/MCUxpresso/Balancer2_firm_Default/lib/libBalancer2_lib.a(uart.o)
 .debug_loc     0x0000000000001667      0x782 /home/okui/mcuxpresso/BeuatoBalancer2/Balancer2/MCUxpresso/Balancer2_firm_Default/lib/libBalancer2_lib.a(util.o)
 .debug_loc     0x0000000000001de9      0x255 /home/okui/mcuxpresso/BeuatoBalancer2/Balancer2/MCUxpresso/Balancer2_firm_Default/lib/libBalancer2_lib.a(vs-bb022.o)
 .debug_loc     0x000000000000203e      0x284 /home/okui/mcuxpresso/BeuatoBalancer2/Balancer2/MCUxpresso/Balancer2_firm_Default/lib/libBalancer2_lib.a(flash.o)
 .debug_loc     0x00000000000022c2      0x1a7 /home/okui/mcuxpresso/BeuatoBalancer2/Balancer2/MCUxpresso/Balancer2_firm_Default/lib/libBalancer2_lib.a(pad.o)
 .debug_loc     0x0000000000002469      0x293 /home/okui/mcuxpresso/BeuatoBalancer2/Balancer2/MCUxpresso/Balancer2_firm_Default/lib/libBalancer2_lib.a(usb_user.o)
 .debug_loc     0x00000000000026fc      0x5a3 /home/okui/mcuxpresso/BeuatoBalancer2/Balancer2/MCUxpresso/Balancer2_firm_Default/lib/libBalancer2_lib.a(usb_core.o)
 .debug_loc     0x0000000000002c9f      0x611 /home/okui/mcuxpresso/BeuatoBalancer2/Balancer2/MCUxpresso/Balancer2_firm_Default/lib/libBalancer2_lib.a(usb_hardware.o)

.debug_aranges  0x0000000000000000      0x730
 .debug_aranges
                0x0000000000000000       0x40 ./src/control.o
 .debug_aranges
                0x0000000000000040       0x70 ./src/cr_startup_lpc13.o
 .debug_aranges
                0x00000000000000b0       0x28 ./src/main.o
 .debug_aranges
                0x00000000000000d8       0x38 /home/okui/mcuxpresso/BeuatoBalancer2/Balancer2/MCUxpresso/Balancer2_firm_Default/lib/libBalancer2_lib.a(adc.o)
 .debug_aranges
                0x0000000000000110       0x40 /home/okui/mcuxpresso/BeuatoBalancer2/Balancer2/MCUxpresso/Balancer2_firm_Default/lib/libBalancer2_lib.a(current.o)
 .debug_aranges
                0x0000000000000150       0x40 /home/okui/mcuxpresso/BeuatoBalancer2/Balancer2/MCUxpresso/Balancer2_firm_Default/lib/libBalancer2_lib.a(enc.o)
 .debug_aranges
                0x0000000000000190       0x68 /home/okui/mcuxpresso/BeuatoBalancer2/Balancer2/MCUxpresso/Balancer2_firm_Default/lib/libBalancer2_lib.a(gpio.o)
 .debug_aranges
                0x00000000000001f8       0x38 /home/okui/mcuxpresso/BeuatoBalancer2/Balancer2/MCUxpresso/Balancer2_firm_Default/lib/libBalancer2_lib.a(gyro.o)
 .debug_aranges
                0x0000000000000230       0x40 /home/okui/mcuxpresso/BeuatoBalancer2/Balancer2/MCUxpresso/Balancer2_firm_Default/lib/libBalancer2_lib.a(i2c.o)
 .debug_aranges
                0x0000000000000270       0x60 /home/okui/mcuxpresso/BeuatoBalancer2/Balancer2/MCUxpresso/Balancer2_firm_Default/lib/libBalancer2_lib.a(log.o)
 .debug_aranges
                0x00000000000002d0       0x28 /home/okui/mcuxpresso/BeuatoBalancer2/Balancer2/MCUxpresso/Balancer2_firm_Default/lib/libBalancer2_lib.a(system_LPC13xx.o)
 .debug_aranges
                0x00000000000002f8       0x48 /home/okui/mcuxpresso/BeuatoBalancer2/Balancer2/MCUxpresso/Balancer2_firm_Default/lib/libBalancer2_lib.a(uart.o)
 .debug_aranges
                0x0000000000000340       0x78 /home/okui/mcuxpresso/BeuatoBalancer2/Balancer2/MCUxpresso/Balancer2_firm_Default/lib/libBalancer2_lib.a(util.o)
 .debug_aranges
                0x00000000000003b8       0xb0 /home/okui/mcuxpresso/BeuatoBalancer2/Balancer2/MCUxpresso/Balancer2_firm_Default/lib/libBalancer2_lib.a(vs-bb022.o)
 .debug_aranges
                0x0000000000000468       0x48 /home/okui/mcuxpresso/BeuatoBalancer2/Balancer2/MCUxpresso/Balancer2_firm_Default/lib/libBalancer2_lib.a(flash.o)
 .debug_aranges
                0x00000000000004b0       0x18 /home/okui/mcuxpresso/BeuatoBalancer2/Balancer2/MCUxpresso/Balancer2_firm_Default/lib/libBalancer2_lib.a(mot.o)
 .debug_aranges
                0x00000000000004c8       0x48 /home/okui/mcuxpresso/BeuatoBalancer2/Balancer2/MCUxpresso/Balancer2_firm_Default/lib/libBalancer2_lib.a(pad.o)
 .debug_aranges
                0x0000000000000510       0x50 /home/okui/mcuxpresso/BeuatoBalancer2/Balancer2/MCUxpresso/Balancer2_firm_Default/lib/libBalancer2_lib.a(usb_user.o)
 .debug_aranges
                0x0000000000000560       0x98 /home/okui/mcuxpresso/BeuatoBalancer2/Balancer2/MCUxpresso/Balancer2_firm_Default/lib/libBalancer2_lib.a(usb_core.o)
 .debug_aranges
                0x00000000000005f8       0x18 /home/okui/mcuxpresso/BeuatoBalancer2/Balancer2/MCUxpresso/Balancer2_firm_Default/lib/libBalancer2_lib.a(usb_descriptors.o)
 .debug_aranges
                0x0000000000000610       0xe8 /home/okui/mcuxpresso/BeuatoBalancer2/Balancer2/MCUxpresso/Balancer2_firm_Default/lib/libBalancer2_lib.a(usb_hardware.o)
 .debug_aranges
                0x00000000000006f8       0x38 /home/okui/mcuxpresso/BeuatoBalancer2/Balancer2/MCUxpresso/Balancer2_firm_Default/lib/libBalancer2_lib.a(usb_hiduser.o)

.debug_ranges   0x0000000000000000      0x5f8
 .debug_ranges  0x0000000000000000       0x30 ./src/control.o
 .debug_ranges  0x0000000000000030       0x60 ./src/cr_startup_lpc13.o
 .debug_ranges  0x0000000000000090       0x38 ./src/main.o
 .debug_ranges  0x00000000000000c8       0x28 /home/okui/mcuxpresso/BeuatoBalancer2/Balancer2/MCUxpresso/Balancer2_firm_Default/lib/libBalancer2_lib.a(adc.o)
 .debug_ranges  0x00000000000000f0       0x30 /home/okui/mcuxpresso/BeuatoBalancer2/Balancer2/MCUxpresso/Balancer2_firm_Default/lib/libBalancer2_lib.a(current.o)
 .debug_ranges  0x0000000000000120       0x30 /home/okui/mcuxpresso/BeuatoBalancer2/Balancer2/MCUxpresso/Balancer2_firm_Default/lib/libBalancer2_lib.a(enc.o)
 .debug_ranges  0x0000000000000150       0x58 /home/okui/mcuxpresso/BeuatoBalancer2/Balancer2/MCUxpresso/Balancer2_firm_Default/lib/libBalancer2_lib.a(gpio.o)
 .debug_ranges  0x00000000000001a8       0x28 /home/okui/mcuxpresso/BeuatoBalancer2/Balancer2/MCUxpresso/Balancer2_firm_Default/lib/libBalancer2_lib.a(gyro.o)
 .debug_ranges  0x00000000000001d0       0x30 /home/okui/mcuxpresso/BeuatoBalancer2/Balancer2/MCUxpresso/Balancer2_firm_Default/lib/libBalancer2_lib.a(i2c.o)
 .debug_ranges  0x0000000000000200       0x50 /home/okui/mcuxpresso/BeuatoBalancer2/Balancer2/MCUxpresso/Balancer2_firm_Default/lib/libBalancer2_lib.a(log.o)
 .debug_ranges  0x0000000000000250       0x18 /home/okui/mcuxpresso/BeuatoBalancer2/Balancer2/MCUxpresso/Balancer2_firm_Default/lib/libBalancer2_lib.a(system_LPC13xx.o)
 .debug_ranges  0x0000000000000268       0x38 /home/okui/mcuxpresso/BeuatoBalancer2/Balancer2/MCUxpresso/Balancer2_firm_Default/lib/libBalancer2_lib.a(uart.o)
 .debug_ranges  0x00000000000002a0       0x80 /home/okui/mcuxpresso/BeuatoBalancer2/Balancer2/MCUxpresso/Balancer2_firm_Default/lib/libBalancer2_lib.a(util.o)
 .debug_ranges  0x0000000000000320       0xa0 /home/okui/mcuxpresso/BeuatoBalancer2/Balancer2/MCUxpresso/Balancer2_firm_Default/lib/libBalancer2_lib.a(vs-bb022.o)
 .debug_ranges  0x00000000000003c0       0x38 /home/okui/mcuxpresso/BeuatoBalancer2/Balancer2/MCUxpresso/Balancer2_firm_Default/lib/libBalancer2_lib.a(flash.o)
 .debug_ranges  0x00000000000003f8       0x38 /home/okui/mcuxpresso/BeuatoBalancer2/Balancer2/MCUxpresso/Balancer2_firm_Default/lib/libBalancer2_lib.a(pad.o)
 .debug_ranges  0x0000000000000430       0x40 /home/okui/mcuxpresso/BeuatoBalancer2/Balancer2/MCUxpresso/Balancer2_firm_Default/lib/libBalancer2_lib.a(usb_user.o)
 .debug_ranges  0x0000000000000470       0x88 /home/okui/mcuxpresso/BeuatoBalancer2/Balancer2/MCUxpresso/Balancer2_firm_Default/lib/libBalancer2_lib.a(usb_core.o)
 .debug_ranges  0x00000000000004f8       0xd8 /home/okui/mcuxpresso/BeuatoBalancer2/Balancer2/MCUxpresso/Balancer2_firm_Default/lib/libBalancer2_lib.a(usb_hardware.o)
 .debug_ranges  0x00000000000005d0       0x28 /home/okui/mcuxpresso/BeuatoBalancer2/Balancer2/MCUxpresso/Balancer2_firm_Default/lib/libBalancer2_lib.a(usb_hiduser.o)

.debug_line     0x0000000000000000     0x33cc
 .debug_line    0x0000000000000000      0x46f ./src/control.o
 .debug_line    0x000000000000046f      0x26f ./src/cr_startup_lpc13.o
 .debug_line    0x00000000000006de      0x304 ./src/main.o
 .debug_line    0x00000000000009e2      0x1e6 /home/okui/mcuxpresso/BeuatoBalancer2/Balancer2/MCUxpresso/Balancer2_firm_Default/lib/libBalancer2_lib.a(adc.o)
 .debug_line    0x0000000000000bc8      0x1e3 /home/okui/mcuxpresso/BeuatoBalancer2/Balancer2/MCUxpresso/Balancer2_firm_Default/lib/libBalancer2_lib.a(current.o)
 .debug_line    0x0000000000000dab      0x21d /home/okui/mcuxpresso/BeuatoBalancer2/Balancer2/MCUxpresso/Balancer2_firm_Default/lib/libBalancer2_lib.a(enc.o)
 .debug_line    0x0000000000000fc8      0x23c /home/okui/mcuxpresso/BeuatoBalancer2/Balancer2/MCUxpresso/Balancer2_firm_Default/lib/libBalancer2_lib.a(gpio.o)
 .debug_line    0x0000000000001204      0x19f /home/okui/mcuxpresso/BeuatoBalancer2/Balancer2/MCUxpresso/Balancer2_firm_Default/lib/libBalancer2_lib.a(gyro.o)
 .debug_line    0x00000000000013a3      0x196 /home/okui/mcuxpresso/BeuatoBalancer2/Balancer2/MCUxpresso/Balancer2_firm_Default/lib/libBalancer2_lib.a(i2c.o)
 .debug_line    0x0000000000001539      0x21b /home/okui/mcuxpresso/BeuatoBalancer2/Balancer2/MCUxpresso/Balancer2_firm_Default/lib/libBalancer2_lib.a(log.o)
 .debug_line    0x0000000000001754      0x18c /home/okui/mcuxpresso/BeuatoBalancer2/Balancer2/MCUxpresso/Balancer2_firm_Default/lib/libBalancer2_lib.a(system_LPC13xx.o)
 .debug_line    0x00000000000018e0      0x22e /home/okui/mcuxpresso/BeuatoBalancer2/Balancer2/MCUxpresso/Balancer2_firm_Default/lib/libBalancer2_lib.a(uart.o)
 .debug_line    0x0000000000001b0e      0x204 /home/okui/mcuxpresso/BeuatoBalancer2/Balancer2/MCUxpresso/Balancer2_firm_Default/lib/libBalancer2_lib.a(util.o)
 .debug_line    0x0000000000001d12      0x416 /home/okui/mcuxpresso/BeuatoBalancer2/Balancer2/MCUxpresso/Balancer2_firm_Default/lib/libBalancer2_lib.a(vs-bb022.o)
 .debug_line    0x0000000000002128      0x195 /home/okui/mcuxpresso/BeuatoBalancer2/Balancer2/MCUxpresso/Balancer2_firm_Default/lib/libBalancer2_lib.a(flash.o)
 .debug_line    0x00000000000022bd       0x93 /home/okui/mcuxpresso/BeuatoBalancer2/Balancer2/MCUxpresso/Balancer2_firm_Default/lib/libBalancer2_lib.a(mot.o)
 .debug_line    0x0000000000002350      0x209 /home/okui/mcuxpresso/BeuatoBalancer2/Balancer2/MCUxpresso/Balancer2_firm_Default/lib/libBalancer2_lib.a(pad.o)
 .debug_line    0x0000000000002559      0x2e8 /home/okui/mcuxpresso/BeuatoBalancer2/Balancer2/MCUxpresso/Balancer2_firm_Default/lib/libBalancer2_lib.a(usb_user.o)
 .debug_line    0x0000000000002841      0x477 /home/okui/mcuxpresso/BeuatoBalancer2/Balancer2/MCUxpresso/Balancer2_firm_Default/lib/libBalancer2_lib.a(usb_core.o)
 .debug_line    0x0000000000002cb8      0x13c /home/okui/mcuxpresso/BeuatoBalancer2/Balancer2/MCUxpresso/Balancer2_firm_Default/lib/libBalancer2_lib.a(usb_descriptors.o)
 .debug_line    0x0000000000002df4      0x43e /home/okui/mcuxpresso/BeuatoBalancer2/Balancer2/MCUxpresso/Balancer2_firm_Default/lib/libBalancer2_lib.a(usb_hardware.o)
 .debug_line    0x0000000000003232      0x19a /home/okui/mcuxpresso/BeuatoBalancer2/Balancer2/MCUxpresso/Balancer2_firm_Default/lib/libBalancer2_lib.a(usb_hiduser.o)

.debug_str      0x0000000000000000     0x2452
 .debug_str     0x0000000000000000      0x65f ./src/control.o
                                        0x6d5 (size before relaxing)
 .debug_str     0x000000000000065f      0x114 ./src/cr_startup_lpc13.o
                                        0x2a5 (size before relaxing)
 .debug_str     0x0000000000000773      0x130 ./src/main.o
                                        0x68f (size before relaxing)
 .debug_str     0x00000000000008a3      0x9e6 /home/okui/mcuxpresso/BeuatoBalancer2/Balancer2/MCUxpresso/Balancer2_firm_Default/lib/libBalancer2_lib.a(adc.o)
                                        0xdf1 (size before relaxing)
 .debug_str     0x0000000000001289       0x83 /home/okui/mcuxpresso/BeuatoBalancer2/Balancer2/MCUxpresso/Balancer2_firm_Default/lib/libBalancer2_lib.a(current.o)
                                        0x622 (size before relaxing)
 .debug_str     0x000000000000130c      0x12e /home/okui/mcuxpresso/BeuatoBalancer2/Balancer2/MCUxpresso/Balancer2_firm_Default/lib/libBalancer2_lib.a(enc.o)
                                        0xad2 (size before relaxing)
 .debug_str     0x000000000000143a       0xc8 /home/okui/mcuxpresso/BeuatoBalancer2/Balancer2/MCUxpresso/Balancer2_firm_Default/lib/libBalancer2_lib.a(gpio.o)
                                        0x916 (size before relaxing)
 .debug_str     0x0000000000001502       0x99 /home/okui/mcuxpresso/BeuatoBalancer2/Balancer2/MCUxpresso/Balancer2_firm_Default/lib/libBalancer2_lib.a(gyro.o)
                                        0x5ef (size before relaxing)
 .debug_str     0x000000000000159b       0xfb /home/okui/mcuxpresso/BeuatoBalancer2/Balancer2/MCUxpresso/Balancer2_firm_Default/lib/libBalancer2_lib.a(i2c.o)
                                        0xaf1 (size before relaxing)
 .debug_str     0x0000000000001696       0xa4 /home/okui/mcuxpresso/BeuatoBalancer2/Balancer2/MCUxpresso/Balancer2_firm_Default/lib/libBalancer2_lib.a(log.o)
                                        0x5da (size before relaxing)
 .debug_str     0x000000000000173a       0x36 /home/okui/mcuxpresso/BeuatoBalancer2/Balancer2/MCUxpresso/Balancer2_firm_Default/lib/libBalancer2_lib.a(system_LPC13xx.o)
                                        0x495 (size before relaxing)
 .debug_str     0x0000000000001770      0x121 /home/okui/mcuxpresso/BeuatoBalancer2/Balancer2/MCUxpresso/Balancer2_firm_Default/lib/libBalancer2_lib.a(uart.o)
                                        0xeb2 (size before relaxing)
 .debug_str     0x0000000000001891       0xe3 /home/okui/mcuxpresso/BeuatoBalancer2/Balancer2/MCUxpresso/Balancer2_firm_Default/lib/libBalancer2_lib.a(util.o)
                                        0x262 (size before relaxing)
 .debug_str     0x0000000000001974      0x180 /home/okui/mcuxpresso/BeuatoBalancer2/Balancer2/MCUxpresso/Balancer2_firm_Default/lib/libBalancer2_lib.a(vs-bb022.o)
                                       0x10df (size before relaxing)
 .debug_str     0x0000000000001af4       0xb5 /home/okui/mcuxpresso/BeuatoBalancer2/Balancer2/MCUxpresso/Balancer2_firm_Default/lib/libBalancer2_lib.a(flash.o)
                                        0x5dd (size before relaxing)
 .debug_str     0x0000000000001ba9        0xd /home/okui/mcuxpresso/BeuatoBalancer2/Balancer2/MCUxpresso/Balancer2_firm_Default/lib/libBalancer2_lib.a(mot.o)
                                        0x504 (size before relaxing)
 .debug_str     0x0000000000001bb6      0x147 /home/okui/mcuxpresso/BeuatoBalancer2/Balancer2/MCUxpresso/Balancer2_firm_Default/lib/libBalancer2_lib.a(pad.o)
                                        0x6bf (size before relaxing)
 .debug_str     0x0000000000001cfd       0xd6 /home/okui/mcuxpresso/BeuatoBalancer2/Balancer2/MCUxpresso/Balancer2_firm_Default/lib/libBalancer2_lib.a(usb_user.o)
                                        0xf06 (size before relaxing)
 .debug_str     0x0000000000001dd3      0x50c /home/okui/mcuxpresso/BeuatoBalancer2/Balancer2/MCUxpresso/Balancer2_firm_Default/lib/libBalancer2_lib.a(usb_core.o)
                                        0x776 (size before relaxing)
 .debug_str     0x00000000000022df       0x19 /home/okui/mcuxpresso/BeuatoBalancer2/Balancer2/MCUxpresso/Balancer2_firm_Default/lib/libBalancer2_lib.a(usb_descriptors.o)
                                        0x5b9 (size before relaxing)
 .debug_str     0x00000000000022f8      0x12b /home/okui/mcuxpresso/BeuatoBalancer2/Balancer2/MCUxpresso/Balancer2_firm_Default/lib/libBalancer2_lib.a(usb_hardware.o)
                                        0x7b3 (size before relaxing)
 .debug_str     0x0000000000002423       0x2f /home/okui/mcuxpresso/BeuatoBalancer2/Balancer2/MCUxpresso/Balancer2_firm_Default/lib/libBalancer2_lib.a(usb_hiduser.o)
                                        0x640 (size before relaxing)

.comment        0x0000000000000000       0xb9
 .comment       0x0000000000000000       0x49 ./src/control.o
                                         0x4a (size before relaxing)
 .comment       0x0000000000000049       0x4a ./src/cr_startup_lpc13.o
 .comment       0x0000000000000049       0x4a ./src/main.o
 .comment       0x0000000000000049       0x70 /home/okui/mcuxpresso/BeuatoBalancer2/Balancer2/MCUxpresso/Balancer2_firm_Default/lib/libBalancer2_lib.a(adc.o)
                                         0x71 (size before relaxing)
 .comment       0x00000000000000b9       0x71 /home/okui/mcuxpresso/BeuatoBalancer2/Balancer2/MCUxpresso/Balancer2_firm_Default/lib/libBalancer2_lib.a(current.o)
 .comment       0x00000000000000b9       0x71 /home/okui/mcuxpresso/BeuatoBalancer2/Balancer2/MCUxpresso/Balancer2_firm_Default/lib/libBalancer2_lib.a(enc.o)
 .comment       0x00000000000000b9       0x71 /home/okui/mcuxpresso/BeuatoBalancer2/Balancer2/MCUxpresso/Balancer2_firm_Default/lib/libBalancer2_lib.a(gpio.o)
 .comment       0x00000000000000b9       0x71 /home/okui/mcuxpresso/BeuatoBalancer2/Balancer2/MCUxpresso/Balancer2_firm_Default/lib/libBalancer2_lib.a(gyro.o)
 .comment       0x00000000000000b9       0x71 /home/okui/mcuxpresso/BeuatoBalancer2/Balancer2/MCUxpresso/Balancer2_firm_Default/lib/libBalancer2_lib.a(i2c.o)
 .comment       0x00000000000000b9       0x71 /home/okui/mcuxpresso/BeuatoBalancer2/Balancer2/MCUxpresso/Balancer2_firm_Default/lib/libBalancer2_lib.a(log.o)
 .comment       0x00000000000000b9       0x71 /home/okui/mcuxpresso/BeuatoBalancer2/Balancer2/MCUxpresso/Balancer2_firm_Default/lib/libBalancer2_lib.a(system_LPC13xx.o)
 .comment       0x00000000000000b9       0x71 /home/okui/mcuxpresso/BeuatoBalancer2/Balancer2/MCUxpresso/Balancer2_firm_Default/lib/libBalancer2_lib.a(uart.o)
 .comment       0x00000000000000b9       0x71 /home/okui/mcuxpresso/BeuatoBalancer2/Balancer2/MCUxpresso/Balancer2_firm_Default/lib/libBalancer2_lib.a(util.o)
 .comment       0x00000000000000b9       0x71 /home/okui/mcuxpresso/BeuatoBalancer2/Balancer2/MCUxpresso/Balancer2_firm_Default/lib/libBalancer2_lib.a(vs-bb022.o)
 .comment       0x00000000000000b9       0x71 /home/okui/mcuxpresso/BeuatoBalancer2/Balancer2/MCUxpresso/Balancer2_firm_Default/lib/libBalancer2_lib.a(flash.o)
 .comment       0x00000000000000b9       0x71 /home/okui/mcuxpresso/BeuatoBalancer2/Balancer2/MCUxpresso/Balancer2_firm_Default/lib/libBalancer2_lib.a(mot.o)
 .comment       0x00000000000000b9       0x71 /home/okui/mcuxpresso/BeuatoBalancer2/Balancer2/MCUxpresso/Balancer2_firm_Default/lib/libBalancer2_lib.a(pad.o)
 .comment       0x00000000000000b9       0x71 /home/okui/mcuxpresso/BeuatoBalancer2/Balancer2/MCUxpresso/Balancer2_firm_Default/lib/libBalancer2_lib.a(usb_user.o)
 .comment       0x00000000000000b9       0x71 /home/okui/mcuxpresso/BeuatoBalancer2/Balancer2/MCUxpresso/Balancer2_firm_Default/lib/libBalancer2_lib.a(usb_core.o)
 .comment       0x00000000000000b9       0x71 /home/okui/mcuxpresso/BeuatoBalancer2/Balancer2/MCUxpresso/Balancer2_firm_Default/lib/libBalancer2_lib.a(usb_descriptors.o)
 .comment       0x00000000000000b9       0x71 /home/okui/mcuxpresso/BeuatoBalancer2/Balancer2/MCUxpresso/Balancer2_firm_Default/lib/libBalancer2_lib.a(usb_hardware.o)
 .comment       0x00000000000000b9       0x71 /home/okui/mcuxpresso/BeuatoBalancer2/Balancer2/MCUxpresso/Balancer2_firm_Default/lib/libBalancer2_lib.a(usb_hiduser.o)
 .comment       0x00000000000000b9       0x4a /usr/local/mcuxpressoide-11.6.1_8255/ide/plugins/com.nxp.mcuxpresso.tools.linux_11.6.1.202207200623/tools/bin/../lib/gcc/arm-none-eabi/10.3.1/../../../../arm-none-eabi/lib/thumb/v7-m/nofp/libcr_c.a(memset.o)
 .comment       0x00000000000000b9       0x4a /usr/local/mcuxpressoide-11.6.1_8255/ide/plugins/com.nxp.mcuxpresso.tools.linux_11.6.1.202207200623/tools/bin/../lib/gcc/arm-none-eabi/10.3.1/thumb/v7-m/nofp/libcr_eabihelpers.a(double.o)

.ARM.attributes
                0x0000000000000000       0x2b
 .ARM.attributes
                0x0000000000000000       0x2d ./src/control.o
 .ARM.attributes
                0x000000000000002d       0x2d ./src/cr_startup_lpc13.o
 .ARM.attributes
                0x000000000000005a       0x2d ./src/main.o
 .ARM.attributes
                0x0000000000000087       0x33 /home/okui/mcuxpresso/BeuatoBalancer2/Balancer2/MCUxpresso/Balancer2_firm_Default/lib/libBalancer2_lib.a(adc.o)
 .ARM.attributes
                0x00000000000000ba       0x33 /home/okui/mcuxpresso/BeuatoBalancer2/Balancer2/MCUxpresso/Balancer2_firm_Default/lib/libBalancer2_lib.a(current.o)
 .ARM.attributes
                0x00000000000000ed       0x33 /home/okui/mcuxpresso/BeuatoBalancer2/Balancer2/MCUxpresso/Balancer2_firm_Default/lib/libBalancer2_lib.a(enc.o)
 .ARM.attributes
                0x0000000000000120       0x33 /home/okui/mcuxpresso/BeuatoBalancer2/Balancer2/MCUxpresso/Balancer2_firm_Default/lib/libBalancer2_lib.a(gpio.o)
 .ARM.attributes
                0x0000000000000153       0x33 /home/okui/mcuxpresso/BeuatoBalancer2/Balancer2/MCUxpresso/Balancer2_firm_Default/lib/libBalancer2_lib.a(gyro.o)
 .ARM.attributes
                0x0000000000000186       0x33 /home/okui/mcuxpresso/BeuatoBalancer2/Balancer2/MCUxpresso/Balancer2_firm_Default/lib/libBalancer2_lib.a(i2c.o)
 .ARM.attributes
                0x00000000000001b9       0x33 /home/okui/mcuxpresso/BeuatoBalancer2/Balancer2/MCUxpresso/Balancer2_firm_Default/lib/libBalancer2_lib.a(log.o)
 .ARM.attributes
                0x00000000000001ec       0x33 /home/okui/mcuxpresso/BeuatoBalancer2/Balancer2/MCUxpresso/Balancer2_firm_Default/lib/libBalancer2_lib.a(system_LPC13xx.o)
 .ARM.attributes
                0x000000000000021f       0x33 /home/okui/mcuxpresso/BeuatoBalancer2/Balancer2/MCUxpresso/Balancer2_firm_Default/lib/libBalancer2_lib.a(uart.o)
 .ARM.attributes
                0x0000000000000252       0x33 /home/okui/mcuxpresso/BeuatoBalancer2/Balancer2/MCUxpresso/Balancer2_firm_Default/lib/libBalancer2_lib.a(util.o)
 .ARM.attributes
                0x0000000000000285       0x33 /home/okui/mcuxpresso/BeuatoBalancer2/Balancer2/MCUxpresso/Balancer2_firm_Default/lib/libBalancer2_lib.a(vs-bb022.o)
 .ARM.attributes
                0x00000000000002b8       0x33 /home/okui/mcuxpresso/BeuatoBalancer2/Balancer2/MCUxpresso/Balancer2_firm_Default/lib/libBalancer2_lib.a(flash.o)
 .ARM.attributes
                0x00000000000002eb       0x33 /home/okui/mcuxpresso/BeuatoBalancer2/Balancer2/MCUxpresso/Balancer2_firm_Default/lib/libBalancer2_lib.a(mot.o)
 .ARM.attributes
                0x000000000000031e       0x33 /home/okui/mcuxpresso/BeuatoBalancer2/Balancer2/MCUxpresso/Balancer2_firm_Default/lib/libBalancer2_lib.a(pad.o)
 .ARM.attributes
                0x0000000000000351       0x33 /home/okui/mcuxpresso/BeuatoBalancer2/Balancer2/MCUxpresso/Balancer2_firm_Default/lib/libBalancer2_lib.a(usb_user.o)
 .ARM.attributes
                0x0000000000000384       0x33 /home/okui/mcuxpresso/BeuatoBalancer2/Balancer2/MCUxpresso/Balancer2_firm_Default/lib/libBalancer2_lib.a(usb_core.o)
 .ARM.attributes
                0x00000000000003b7       0x33 /home/okui/mcuxpresso/BeuatoBalancer2/Balancer2/MCUxpresso/Balancer2_firm_Default/lib/libBalancer2_lib.a(usb_descriptors.o)
 .ARM.attributes
                0x00000000000003ea       0x33 /home/okui/mcuxpresso/BeuatoBalancer2/Balancer2/MCUxpresso/Balancer2_firm_Default/lib/libBalancer2_lib.a(usb_hardware.o)
 .ARM.attributes
                0x000000000000041d       0x33 /home/okui/mcuxpresso/BeuatoBalancer2/Balancer2/MCUxpresso/Balancer2_firm_Default/lib/libBalancer2_lib.a(usb_hiduser.o)
 .ARM.attributes
                0x0000000000000450       0x2d /usr/local/mcuxpressoide-11.6.1_8255/ide/plugins/com.nxp.mcuxpresso.tools.linux_11.6.1.202207200623/tools/bin/../lib/gcc/arm-none-eabi/10.3.1/../../../../arm-none-eabi/lib/thumb/v7-m/nofp/libcr_c.a(memset.o)
 .ARM.attributes
                0x000000000000047d       0x1b /usr/local/mcuxpressoide-11.6.1_8255/ide/plugins/com.nxp.mcuxpresso.tools.linux_11.6.1.202207200623/tools/bin/../lib/gcc/arm-none-eabi/10.3.1/thumb/v7-m/nofp/libcr_eabihelpers.a(division_64.o)
 .ARM.attributes
                0x0000000000000498       0x1b /usr/local/mcuxpressoide-11.6.1_8255/ide/plugins/com.nxp.mcuxpresso.tools.linux_11.6.1.202207200623/tools/bin/../lib/gcc/arm-none-eabi/10.3.1/thumb/v7-m/nofp/libcr_eabihelpers.a(division_idiv0.o)
 .ARM.attributes
                0x00000000000004b3       0x2d /usr/local/mcuxpressoide-11.6.1_8255/ide/plugins/com.nxp.mcuxpresso.tools.linux_11.6.1.202207200623/tools/bin/../lib/gcc/arm-none-eabi/10.3.1/thumb/v7-m/nofp/libcr_eabihelpers.a(double.o)
 .ARM.attributes
                0x00000000000004e0       0x1b /usr/local/mcuxpressoide-11.6.1_8255/ide/plugins/com.nxp.mcuxpresso.tools.linux_11.6.1.202207200623/tools/bin/../lib/gcc/arm-none-eabi/10.3.1/thumb/v7-m/nofp/libcr_eabihelpers.a(memcpy.o)

.debug_frame    0x0000000000000000     0x10f4
 .debug_frame   0x0000000000000000       0xc4 ./src/control.o
 .debug_frame   0x00000000000000c4       0xc8 ./src/cr_startup_lpc13.o
 .debug_frame   0x000000000000018c       0x4c ./src/main.o
 .debug_frame   0x00000000000001d8       0x58 /home/okui/mcuxpresso/BeuatoBalancer2/Balancer2/MCUxpresso/Balancer2_firm_Default/lib/libBalancer2_lib.a(adc.o)
 .debug_frame   0x0000000000000230       0x94 /home/okui/mcuxpresso/BeuatoBalancer2/Balancer2/MCUxpresso/Balancer2_firm_Default/lib/libBalancer2_lib.a(current.o)
 .debug_frame   0x00000000000002c4       0x90 /home/okui/mcuxpresso/BeuatoBalancer2/Balancer2/MCUxpresso/Balancer2_firm_Default/lib/libBalancer2_lib.a(enc.o)
 .debug_frame   0x0000000000000354       0xd4 /home/okui/mcuxpresso/BeuatoBalancer2/Balancer2/MCUxpresso/Balancer2_firm_Default/lib/libBalancer2_lib.a(gpio.o)
 .debug_frame   0x0000000000000428       0x78 /home/okui/mcuxpresso/BeuatoBalancer2/Balancer2/MCUxpresso/Balancer2_firm_Default/lib/libBalancer2_lib.a(gyro.o)
 .debug_frame   0x00000000000004a0       0x74 /home/okui/mcuxpresso/BeuatoBalancer2/Balancer2/MCUxpresso/Balancer2_firm_Default/lib/libBalancer2_lib.a(i2c.o)
 .debug_frame   0x0000000000000514       0xc0 /home/okui/mcuxpresso/BeuatoBalancer2/Balancer2/MCUxpresso/Balancer2_firm_Default/lib/libBalancer2_lib.a(log.o)
 .debug_frame   0x00000000000005d4       0x30 /home/okui/mcuxpresso/BeuatoBalancer2/Balancer2/MCUxpresso/Balancer2_firm_Default/lib/libBalancer2_lib.a(system_LPC13xx.o)
 .debug_frame   0x0000000000000604       0x88 /home/okui/mcuxpresso/BeuatoBalancer2/Balancer2/MCUxpresso/Balancer2_firm_Default/lib/libBalancer2_lib.a(uart.o)
 .debug_frame   0x000000000000068c      0x144 /home/okui/mcuxpresso/BeuatoBalancer2/Balancer2/MCUxpresso/Balancer2_firm_Default/lib/libBalancer2_lib.a(util.o)
 .debug_frame   0x00000000000007d0      0x1b4 /home/okui/mcuxpresso/BeuatoBalancer2/Balancer2/MCUxpresso/Balancer2_firm_Default/lib/libBalancer2_lib.a(vs-bb022.o)
 .debug_frame   0x0000000000000984       0xb0 /home/okui/mcuxpresso/BeuatoBalancer2/Balancer2/MCUxpresso/Balancer2_firm_Default/lib/libBalancer2_lib.a(flash.o)
 .debug_frame   0x0000000000000a34       0xb0 /home/okui/mcuxpresso/BeuatoBalancer2/Balancer2/MCUxpresso/Balancer2_firm_Default/lib/libBalancer2_lib.a(pad.o)
 .debug_frame   0x0000000000000ae4       0xb0 /home/okui/mcuxpresso/BeuatoBalancer2/Balancer2/MCUxpresso/Balancer2_firm_Default/lib/libBalancer2_lib.a(usb_user.o)
 .debug_frame   0x0000000000000b94      0x1d8 /home/okui/mcuxpresso/BeuatoBalancer2/Balancer2/MCUxpresso/Balancer2_firm_Default/lib/libBalancer2_lib.a(usb_core.o)
 .debug_frame   0x0000000000000d6c      0x318 /home/okui/mcuxpresso/BeuatoBalancer2/Balancer2/MCUxpresso/Balancer2_firm_Default/lib/libBalancer2_lib.a(usb_hardware.o)
 .debug_frame   0x0000000000001084       0x70 /home/okui/mcuxpresso/BeuatoBalancer2/Balancer2/MCUxpresso/Balancer2_firm_Default/lib/libBalancer2_lib.a(usb_hiduser.o)
