Archive member included to satisfy reference by file (symbol)

/home/okui/mcuxpresso/BeuatoBalancer2/Balancer2/MCUxpresso/Balancer2_firm_Uart/lib/libBalancer2_lib.a(adc.o)
                              ./src/control.o (memmap)
/home/okui/mcuxpresso/BeuatoBalancer2/Balancer2/MCUxpresso/Balancer2_firm_Uart/lib/libBalancer2_lib.a(current.o)
                              ./src/control.o (ClearCurrentVariables)
/home/okui/mcuxpresso/BeuatoBalancer2/Balancer2/MCUxpresso/Balancer2_firm_Uart/lib/libBalancer2_lib.a(enc.o)
                              ./src/control.o (ClearEncVariables)
/home/okui/mcuxpresso/BeuatoBalancer2/Balancer2/MCUxpresso/Balancer2_firm_Uart/lib/libBalancer2_lib.a(gpio.o)
                              /home/okui/mcuxpresso/BeuatoBalancer2/Balancer2/MCUxpresso/Balancer2_firm_Uart/lib/libBalancer2_lib.a(enc.o) (GPIOSetDir)
/home/okui/mcuxpresso/BeuatoBalancer2/Balancer2/MCUxpresso/Balancer2_firm_Uart/lib/libBalancer2_lib.a(gyro.o)
                              ./src/control.o (ClearGyroVariables)
/home/okui/mcuxpresso/BeuatoBalancer2/Balancer2/MCUxpresso/Balancer2_firm_Uart/lib/libBalancer2_lib.a(i2c.o)
                              /home/okui/mcuxpresso/BeuatoBalancer2/Balancer2/MCUxpresso/Balancer2_firm_Uart/lib/libBalancer2_lib.a(gyro.o) (I2CMasterBuffer)
/home/okui/mcuxpresso/BeuatoBalancer2/Balancer2/MCUxpresso/Balancer2_firm_Uart/lib/libBalancer2_lib.a(system_LPC13xx.o)
                              ./src/cr_startup_lpc13.o (SystemInit)
/home/okui/mcuxpresso/BeuatoBalancer2/Balancer2/MCUxpresso/Balancer2_firm_Uart/lib/libBalancer2_lib.a(uart.o)
                              ./src/main.o (UARTInit)
/home/okui/mcuxpresso/BeuatoBalancer2/Balancer2/MCUxpresso/Balancer2_firm_Uart/lib/libBalancer2_lib.a(util.o)
                              /home/okui/mcuxpresso/BeuatoBalancer2/Balancer2/MCUxpresso/Balancer2_firm_Uart/lib/libBalancer2_lib.a(current.o) (getCnt)
/home/okui/mcuxpresso/BeuatoBalancer2/Balancer2/MCUxpresso/Balancer2_firm_Uart/lib/libBalancer2_lib.a(vs-bb022.o)
                              /home/okui/mcuxpresso/BeuatoBalancer2/Balancer2/MCUxpresso/Balancer2_firm_Uart/lib/libBalancer2_lib.a(enc.o) (SystickSyncCnt)
/home/okui/mcuxpresso/BeuatoBalancer2/Balancer2/MCUxpresso/Balancer2_firm_Uart/lib/libBalancer2_lib.a(flash.o)
                              /home/okui/mcuxpresso/BeuatoBalancer2/Balancer2/MCUxpresso/Balancer2_firm_Uart/lib/libBalancer2_lib.a(vs-bb022.o) (FLASH_WRITE_MEMMAP)
/home/okui/mcuxpresso/BeuatoBalancer2/Balancer2/MCUxpresso/Balancer2_firm_Uart/lib/libBalancer2_lib.a(log.o)
                              /home/okui/mcuxpresso/BeuatoBalancer2/Balancer2/MCUxpresso/Balancer2_firm_Uart/lib/libBalancer2_lib.a(vs-bb022.o) (LogProc)
/home/okui/mcuxpresso/BeuatoBalancer2/Balancer2/MCUxpresso/Balancer2_firm_Uart/lib/libBalancer2_lib.a(mot.o)
                              /home/okui/mcuxpresso/BeuatoBalancer2/Balancer2/MCUxpresso/Balancer2_firm_Uart/lib/libBalancer2_lib.a(flash.o) (Constmemmap)
/home/okui/mcuxpresso/BeuatoBalancer2/Balancer2/MCUxpresso/Balancer2_firm_Uart/lib/libBalancer2_lib.a(pad.o)
                              /home/okui/mcuxpresso/BeuatoBalancer2/Balancer2/MCUxpresso/Balancer2_firm_Uart/lib/libBalancer2_lib.a(vs-bb022.o) (PADProc)
/home/okui/mcuxpresso/BeuatoBalancer2/Balancer2/MCUxpresso/Balancer2_firm_Uart/lib/libBalancer2_lib.a(usb_user.o)
                              /home/okui/mcuxpresso/BeuatoBalancer2/Balancer2/MCUxpresso/Balancer2_firm_Uart/lib/libBalancer2_lib.a(vs-bb022.o) (USBInit)
/home/okui/mcuxpresso/BeuatoBalancer2/Balancer2/MCUxpresso/Balancer2_firm_Uart/lib/libBalancer2_lib.a(usb_core.o)
                              /home/okui/mcuxpresso/BeuatoBalancer2/Balancer2/MCUxpresso/Balancer2_firm_Uart/lib/libBalancer2_lib.a(usb_user.o) (USB_ResetCore)
/home/okui/mcuxpresso/BeuatoBalancer2/Balancer2/MCUxpresso/Balancer2_firm_Uart/lib/libBalancer2_lib.a(usb_descriptors.o)
                              /home/okui/mcuxpresso/BeuatoBalancer2/Balancer2/MCUxpresso/Balancer2_firm_Uart/lib/libBalancer2_lib.a(usb_core.o) (USB_StringDescriptor)
/home/okui/mcuxpresso/BeuatoBalancer2/Balancer2/MCUxpresso/Balancer2_firm_Uart/lib/libBalancer2_lib.a(usb_hardware.o)
                              /home/okui/mcuxpresso/BeuatoBalancer2/Balancer2/MCUxpresso/Balancer2_firm_Uart/lib/libBalancer2_lib.a(usb_user.o) (USB_Connect)
/home/okui/mcuxpresso/BeuatoBalancer2/Balancer2/MCUxpresso/Balancer2_firm_Uart/lib/libBalancer2_lib.a(usb_hiduser.o)
                              /home/okui/mcuxpresso/BeuatoBalancer2/Balancer2/MCUxpresso/Balancer2_firm_Uart/lib/libBalancer2_lib.a(usb_core.o) (HID_GetIdle)
/usr/local/mcuxpressoide-11.6.1_8255/ide/plugins/com.nxp.mcuxpresso.tools.linux_11.6.1.202207200623/tools/bin/../lib/gcc/arm-none-eabi/10.3.1/../../../../arm-none-eabi/lib/thumb/v7-m/nofp/libcr_c.a(memset.o)
                              /home/okui/mcuxpresso/BeuatoBalancer2/Balancer2/MCUxpresso/Balancer2_firm_Uart/lib/libBalancer2_lib.a(vs-bb022.o) (memset)
[...]
Memory Configuration

Name             Origin             Length             Attributes
MFlash32         0x0000000000000000 0x0000000000007000 xr
FlashMap         0x0000000000007000 0x0000000000001000 xr
RamLoc8          0x0000000010000000 0x0000000000002000 xrw
*default*        0x0000000000000000 0xffffffffffffffff

Linker script and memory map

LOAD ./src/control.o
LOAD ./src/cr_startup_lpc13.o
LOAD ./src/main.o
LOAD /home/okui/mcuxpresso/BeuatoBalancer2/Balancer2/MCUxpresso/Balancer2_firm_Uart/lib/libBalancer2_lib.a
START GROUP
LOAD /usr/local/mcuxpressoide-11.6.1_8255/ide/plugins/com.nxp.mcuxpresso.tools.linux_11.6.1.202207200623/tools/bin/../lib/gcc/arm-none-eabi/10.3.1/../../../../arm-none-eabi/lib/thumb/v7-m/nofp/libcr_semihost.a
LOAD /usr/local/mcuxpressoide-11.6.1_8255/ide/plugins/com.nxp.mcuxpresso.tools.linux_11.6.1.202207200623/tools/bin/../lib/gcc/arm-none-eabi/10.3.1/../../../../arm-none-eabi/lib/thumb/v7-m/nofp/libcr_c.a
LOAD /usr/local/mcuxpressoide-11.6.1_8255/ide/plugins/com.nxp.mcuxpresso.tools.linux_11.6.1.202207200623/tools/bin/../lib/gcc/arm-none-eabi/10.3.1/thumb/v7-m/nofp/libcr_eabihelpers.a
END GROUP
                0x0000000000007000                __top_MFlash32 = 0x7000
                0x0000000000008000                __top_FlashMap = 0x8000
                0x0000000010002000                __top_RamLoc8 = 0x10002000

.text           0x0000000000000000     0x61c1
 *(.isr_vector)
 .isr_vector    0x0000000000000000      0x124 ./src/cr_startup_lpc13.o
                0x0000000000000000                g_pfnVectors
 *(.text*)
 .text.ClearVariables
                0x0000000000000124       0x24 ./src/control.o
                0x0000000000000124                ClearVariables
 .text.calibrarion
                0x0000000000000148       0xf0 ./src/control.o
                0x0000000000000148                calibrarion
 .text.Control  0x0000000000000238      0x304 ./src/control.o
                0x0000000000000238                Control
 .text.NMI_Handler
                0x000000000000053c        0x2 ./src/cr_startup_lpc13.o
                0x000000000000053c                NMI_Handler
 .text.HardFault_Handler
                0x000000000000053e        0x2 ./src/cr_startup_lpc13.o
                0x000000000000053e                HardFault_Handler
 .text.MemManage_Handler
                0x0000000000000540        0x2 ./src/cr_startup_lpc13.o
                0x0000000000000540                MemManage_Handler
 .text.BusFault_Handler
                0x0000000000000542        0x2 ./src/cr_startup_lpc13.o
                0x0000000000000542                BusFault_Handler
 .text.UsageFault_Handler
                0x0000000000000544        0x2 ./src/cr_startup_lpc13.o
                0x0000000000000544                UsageFault_Handler
 .text.SVCall_Handler
                0x0000000000000546        0x2 ./src/cr_startup_lpc13.o
                0x0000000000000546                SVCall_Handler
 .text.DebugMon_Handler
                0x0000000000000548        0x2 ./src/cr_startup_lpc13.o
                0x0000000000000548                DebugMon_Handler
 .text.PendSV_Handler
                0x000000000000054a        0x2 ./src/cr_startup_lpc13.o
                0x000000000000054a                PendSV_Handler
 .text.IntDefaultHandler
                0x000000000000054c        0x2 ./src/cr_startup_lpc13.o
                0x000000000000054c                TIMER16_0_IRQHandler
                0x000000000000054c                TIMER32_1_IRQHandler
                0x000000000000054c                PIOINT1_IRQHandler
                0x000000000000054c                SSP_IRQHandler
                0x000000000000054c                TIMER16_1_IRQHandler
                0x000000000000054c                USB_FIQHandler
                0x000000000000054c                PIOINT2_IRQHandler
                0x000000000000054c                BOD_IRQHandler
                0x000000000000054c                WAKEUP_IRQHandler
                0x000000000000054c                PIOINT0_IRQHandler
                0x000000000000054c                WDT_IRQHandler
                0x000000000000054c                PIOINT3_IRQHandler
                0x000000000000054c                FMC_IRQHandler
 *fill*         0x000000000000054e        0x2 
 .text.Reset_Handler
                0x0000000000000550       0x64 ./src/cr_startup_lpc13.o
                0x0000000000000550                Reset_Handler
                0x0000000000000550                ResetISR
 .text.LedBlink
                0x00000000000005b4       0x50 ./src/main.o
                0x00000000000005b4                LedBlink
 .text.main     0x0000000000000604      0x138 ./src/main.o
                0x0000000000000604                main
 .text.ADCInit  0x000000000000073c       0xa0 /home/okui/mcuxpresso/BeuatoBalancer2/Balancer2/MCUxpresso/Balancer2_firm_Uart/lib/libBalancer2_lib.a(adc.o)
                0x000000000000073c                ADCInit
 .text.ADCRead  0x00000000000007dc       0x24 /home/okui/mcuxpresso/BeuatoBalancer2/Balancer2/MCUxpresso/Balancer2_firm_Uart/lib/libBalancer2_lib.a(adc.o)
                0x00000000000007dc                ADCRead
 .text.ADC_IRQHandler
                0x0000000000000800      0x164 /home/okui/mcuxpresso/BeuatoBalancer2/Balancer2/MCUxpresso/Balancer2_firm_Uart/lib/libBalancer2_lib.a(adc.o)
                0x0000000000000800                ADC_IRQHandler
 .text.ClearCurrentVariables
                0x0000000000000964       0x64 /home/okui/mcuxpresso/BeuatoBalancer2/Balancer2/MCUxpresso/Balancer2_firm_Uart/lib/libBalancer2_lib.a(current.o)
                0x0000000000000964                ClearCurrentVariables
 .text.getCurrent
                0x00000000000009c8       0x6c /home/okui/mcuxpresso/BeuatoBalancer2/Balancer2/MCUxpresso/Balancer2_firm_Uart/lib/libBalancer2_lib.a(current.o)
                0x00000000000009c8                getCurrent
 .text.CurrentControlDisable
                0x0000000000000a34       0x10 /home/okui/mcuxpresso/BeuatoBalancer2/Balancer2/MCUxpresso/Balancer2_firm_Uart/lib/libBalancer2_lib.a(current.o)
                0x0000000000000a34                CurrentControlDisable
 .text.CurrentControlEnable
                0x0000000000000a44       0x10 /home/okui/mcuxpresso/BeuatoBalancer2/Balancer2/MCUxpresso/Balancer2_firm_Uart/lib/libBalancer2_lib.a(current.o)
                0x0000000000000a44                CurrentControlEnable
 .text.MTRCurrentControlProc
                0x0000000000000a54      0x234 /home/okui/mcuxpresso/BeuatoBalancer2/Balancer2/MCUxpresso/Balancer2_firm_Uart/lib/libBalancer2_lib.a(current.o)
                0x0000000000000a54                MTRCurrentControlProc
 .text.InitEncoder
                0x0000000000000c88       0x94 /home/okui/mcuxpresso/BeuatoBalancer2/Balancer2/MCUxpresso/Balancer2_firm_Uart/lib/libBalancer2_lib.a(enc.o)
                0x0000000000000c88                InitEncoder
 .text.ClearEncVariables
                0x0000000000000d1c       0x28 /home/okui/mcuxpresso/BeuatoBalancer2/Balancer2/MCUxpresso/Balancer2_firm_Uart/lib/libBalancer2_lib.a(enc.o)
                0x0000000000000d1c                ClearEncVariables
 *fill*         0x0000000000000d44        0x4 
 .text.EncProc  0x0000000000000d48      0x188 /home/okui/mcuxpresso/BeuatoBalancer2/Balancer2/MCUxpresso/Balancer2_firm_Uart/lib/libBalancer2_lib.a(enc.o)
                0x0000000000000d48                EncProc
 .text.IntEncoder
                0x0000000000000ed0       0x90 /home/okui/mcuxpresso/BeuatoBalancer2/Balancer2/MCUxpresso/Balancer2_firm_Uart/lib/libBalancer2_lib.a(enc.o)
                0x0000000000000ed0                IntEncoder
 .text.SysTick_Handler
                0x0000000000000f60       0x44 /home/okui/mcuxpresso/BeuatoBalancer2/Balancer2/MCUxpresso/Balancer2_firm_Uart/lib/libBalancer2_lib.a(enc.o)
                0x0000000000000f60                SysTick_Handler
 .text.GPIOSetDir
                0x0000000000000fa4       0xf0 /home/okui/mcuxpresso/BeuatoBalancer2/Balancer2/MCUxpresso/Balancer2_firm_Uart/lib/libBalancer2_lib.a(gpio.o)
                0x0000000000000fa4                GPIOSetDir
 .text.GPIOSetValue
                0x0000000000001094       0x60 /home/okui/mcuxpresso/BeuatoBalancer2/Balancer2/MCUxpresso/Balancer2_firm_Uart/lib/libBalancer2_lib.a(gpio.o)
                0x0000000000001094                GPIOSetValue
 .text.GPIOGetValueBit
                0x00000000000010f4       0x60 /home/okui/mcuxpresso/BeuatoBalancer2/Balancer2/MCUxpresso/Balancer2_firm_Uart/lib/libBalancer2_lib.a(gpio.o)
                0x00000000000010f4                GPIOGetValueBit
 .text.ClearGyroVariables
                0x0000000000001154       0x1c /home/okui/mcuxpresso/BeuatoBalancer2/Balancer2/MCUxpresso/Balancer2_firm_Uart/lib/libBalancer2_lib.a(gyro.o)
                0x0000000000001154                ClearGyroVariables
 .text.SetI2CGain
                0x0000000000001170       0x70 /home/okui/mcuxpresso/BeuatoBalancer2/Balancer2/MCUxpresso/Balancer2_firm_Uart/lib/libBalancer2_lib.a(gyro.o)
                0x0000000000001170                SetI2CGain
 .text.getGyroI2C
                0x00000000000011e0       0x50 /home/okui/mcuxpresso/BeuatoBalancer2/Balancer2/MCUxpresso/Balancer2_firm_Uart/lib/libBalancer2_lib.a(gyro.o)
                0x00000000000011e0                getGyroI2C
 .text.GyroProc
                0x0000000000001230       0xe8 /home/okui/mcuxpresso/BeuatoBalancer2/Balancer2/MCUxpresso/Balancer2_firm_Uart/lib/libBalancer2_lib.a(gyro.o)
                0x0000000000001230                GyroProc
 .text.I2C_IRQHandler
                0x0000000000001318      0x230 /home/okui/mcuxpresso/BeuatoBalancer2/Balancer2/MCUxpresso/Balancer2_firm_Uart/lib/libBalancer2_lib.a(i2c.o)
                0x0000000000001318                I2C_IRQHandler
 .text.I2CStart
                0x0000000000001548       0x50 /home/okui/mcuxpresso/BeuatoBalancer2/Balancer2/MCUxpresso/Balancer2_firm_Uart/lib/libBalancer2_lib.a(i2c.o)
                0x0000000000001548                I2CStart
 .text.I2CStop  0x0000000000001598       0x1c /home/okui/mcuxpresso/BeuatoBalancer2/Balancer2/MCUxpresso/Balancer2_firm_Uart/lib/libBalancer2_lib.a(i2c.o)
                0x0000000000001598                I2CStop
 .text.I2CInit  0x00000000000015b4       0x70 /home/okui/mcuxpresso/BeuatoBalancer2/Balancer2/MCUxpresso/Balancer2_firm_Uart/lib/libBalancer2_lib.a(i2c.o)
                0x00000000000015b4                I2CInit
 .text.I2CEngine
                0x0000000000001624       0x34 /home/okui/mcuxpresso/BeuatoBalancer2/Balancer2/MCUxpresso/Balancer2_firm_Uart/lib/libBalancer2_lib.a(i2c.o)
                0x0000000000001624                I2CEngine
 .text.SystemInit
                0x0000000000001658       0xec /home/okui/mcuxpresso/BeuatoBalancer2/Balancer2/MCUxpresso/Balancer2_firm_Uart/lib/libBalancer2_lib.a(system_LPC13xx.o)
                0x0000000000001658                SystemInit
 .text.UART_IRQHandler
                0x0000000000001744       0xd4 /home/okui/mcuxpresso/BeuatoBalancer2/Balancer2/MCUxpresso/Balancer2_firm_Uart/lib/libBalancer2_lib.a(uart.o)
                0x0000000000001744                UART_IRQHandler
 .text.UARTInit
                0x0000000000001818       0xd8 /home/okui/mcuxpresso/BeuatoBalancer2/Balancer2/MCUxpresso/Balancer2_firm_Uart/lib/libBalancer2_lib.a(uart.o)
                0x0000000000001818                UARTInit
 .text.UARTSend
                0x00000000000018f0       0x2c /home/okui/mcuxpresso/BeuatoBalancer2/Balancer2/MCUxpresso/Balancer2_firm_Uart/lib/libBalancer2_lib.a(uart.o)
                0x00000000000018f0                UARTSend
 .text.UARTReadByte
                0x000000000000191c       0x34 /home/okui/mcuxpresso/BeuatoBalancer2/Balancer2/MCUxpresso/Balancer2_firm_Uart/lib/libBalancer2_lib.a(uart.o)
                0x000000000000191c                UARTReadByte
 .text.UARTTrace
                0x0000000000001950       0x2c /home/okui/mcuxpresso/BeuatoBalancer2/Balancer2/MCUxpresso/Balancer2_firm_Uart/lib/libBalancer2_lib.a(uart.o)
                0x0000000000001950                UARTTrace
 .text.getCnt   0x000000000000197c       0x10 /home/okui/mcuxpresso/BeuatoBalancer2/Balancer2/MCUxpresso/Balancer2_firm_Uart/lib/libBalancer2_lib.a(util.o)
                0x000000000000197c                getCnt
 .text.Sync     0x000000000000198c       0x30 /home/okui/mcuxpresso/BeuatoBalancer2/Balancer2/MCUxpresso/Balancer2_firm_Uart/lib/libBalancer2_lib.a(vs-bb022.o)
                0x000000000000198c                Sync
 .text.getSW    0x00000000000019bc       0x14 /home/okui/mcuxpresso/BeuatoBalancer2/Balancer2/MCUxpresso/Balancer2_firm_Uart/lib/libBalancer2_lib.a(vs-bb022.o)
                0x00000000000019bc                getSW
 .text.Wait     0x00000000000019d0       0x44 /home/okui/mcuxpresso/BeuatoBalancer2/Balancer2/MCUxpresso/Balancer2_firm_Uart/lib/libBalancer2_lib.a(vs-bb022.o)
                0x00000000000019d0                Wait
 .text.CycleProc
                0x0000000000001a14       0x4c /home/okui/mcuxpresso/BeuatoBalancer2/Balancer2/MCUxpresso/Balancer2_firm_Uart/lib/libBalancer2_lib.a(vs-bb022.o)
                0x0000000000001a14                CycleProc
 .text.setLED   0x0000000000001a60       0x24 /home/okui/mcuxpresso/BeuatoBalancer2/Balancer2/MCUxpresso/Balancer2_firm_Uart/lib/libBalancer2_lib.a(vs-bb022.o)
                0x0000000000001a60                setLED
 *fill*         0x0000000000001a84        0x4 
 .text.InitMemmap
                0x0000000000001a88      0x1b8 /home/okui/mcuxpresso/BeuatoBalancer2/Balancer2/MCUxpresso/Balancer2_firm_Uart/lib/libBalancer2_lib.a(vs-bb022.o)
                0x0000000000001a88                InitMemmap
 .text.SetMotorPwm
                0x0000000000001c40      0x100 /home/okui/mcuxpresso/BeuatoBalancer2/Balancer2/MCUxpresso/Balancer2_firm_Uart/lib/libBalancer2_lib.a(vs-bb022.o)
                0x0000000000001c40                SetMotorPwm
 .text.Timer16Init
                0x0000000000001d40       0x7c /home/okui/mcuxpresso/BeuatoBalancer2/Balancer2/MCUxpresso/Balancer2_firm_Uart/lib/libBalancer2_lib.a(vs-bb022.o)
                0x0000000000001d40                Timer16Init
 .text.Timer32Init
                0x0000000000001dbc       0x3c /home/okui/mcuxpresso/BeuatoBalancer2/Balancer2/MCUxpresso/Balancer2_firm_Uart/lib/libBalancer2_lib.a(vs-bb022.o)
                0x0000000000001dbc                Timer32Init
 .text.TIMER32_0_IRQHandler
                0x0000000000001df8       0x90 /home/okui/mcuxpresso/BeuatoBalancer2/Balancer2/MCUxpresso/Balancer2_firm_Uart/lib/libBalancer2_lib.a(vs-bb022.o)
                0x0000000000001df8                TIMER32_0_IRQHandler
 .text.DisableIntterupt
                0x0000000000001e88       0x3c /home/okui/mcuxpresso/BeuatoBalancer2/Balancer2/MCUxpresso/Balancer2_firm_Uart/lib/libBalancer2_lib.a(vs-bb022.o)
                0x0000000000001e88                DisableIntterupt
 .text.Init     0x0000000000001ec4      0x100 /home/okui/mcuxpresso/BeuatoBalancer2/Balancer2/MCUxpresso/Balancer2_firm_Uart/lib/libBalancer2_lib.a(vs-bb022.o)
                0x0000000000001ec4                Init
 .text.Balancer2Init
                0x0000000000001fc4       0x20 /home/okui/mcuxpresso/BeuatoBalancer2/Balancer2/MCUxpresso/Balancer2_firm_Uart/lib/libBalancer2_lib.a(vs-bb022.o)
                0x0000000000001fc4                Balancer2Init
 .text.EnableIntterupt
                0x0000000000001fe4       0x20 /home/okui/mcuxpresso/BeuatoBalancer2/Balancer2/MCUxpresso/Balancer2_firm_Uart/lib/libBalancer2_lib.a(vs-bb022.o)
                0x0000000000001fe4                EnableIntterupt
 .text.call_IAP
                0x0000000000002004       0x2c /home/okui/mcuxpresso/BeuatoBalancer2/Balancer2/MCUxpresso/Balancer2_firm_Uart/lib/libBalancer2_lib.a(flash.o)
 .text.FLASH_ProgramPage
                0x0000000000002030       0x48 /home/okui/mcuxpresso/BeuatoBalancer2/Balancer2/MCUxpresso/Balancer2_firm_Uart/lib/libBalancer2_lib.a(flash.o)
                0x0000000000002030                FLASH_ProgramPage
 .text.FLASH_ErasePage
                0x0000000000002078       0x30 /home/okui/mcuxpresso/BeuatoBalancer2/Balancer2/MCUxpresso/Balancer2_firm_Uart/lib/libBalancer2_lib.a(flash.o)
                0x0000000000002078                FLASH_ErasePage
 .text.FLASH_WRITE_MEMMAP
                0x00000000000020a8       0x48 /home/okui/mcuxpresso/BeuatoBalancer2/Balancer2/MCUxpresso/Balancer2_firm_Uart/lib/libBalancer2_lib.a(flash.o)
                0x00000000000020a8                FLASH_WRITE_MEMMAP
 .text.FLASH_READ_MEMMAP
                0x00000000000020f0       0x1c /home/okui/mcuxpresso/BeuatoBalancer2/Balancer2/MCUxpresso/Balancer2_firm_Uart/lib/libBalancer2_lib.a(flash.o)
                0x00000000000020f0                FLASH_READ_MEMMAP
 .text.LogProc  0x000000000000210c      0x178 /home/okui/mcuxpresso/BeuatoBalancer2/Balancer2/MCUxpresso/Balancer2_firm_Uart/lib/libBalancer2_lib.a(log.o)
                0x000000000000210c                LogProc
 .text.PadWait  0x0000000000002284       0x10 /home/okui/mcuxpresso/BeuatoBalancer2/Balancer2/MCUxpresso/Balancer2_firm_Uart/lib/libBalancer2_lib.a(pad.o)
                0x0000000000002284                PadWait
 .text.Ds2rw    0x0000000000002294       0x8c /home/okui/mcuxpresso/BeuatoBalancer2/Balancer2/MCUxpresso/Balancer2_firm_Uart/lib/libBalancer2_lib.a(pad.o)
                0x0000000000002294                Ds2rw
 .text.Ds2Com   0x0000000000002320       0x44 /home/okui/mcuxpresso/BeuatoBalancer2/Balancer2/MCUxpresso/Balancer2_firm_Uart/lib/libBalancer2_lib.a(pad.o)
                0x0000000000002320                Ds2Com
 .text.PS_Set_AN
                0x0000000000002364       0xa0 /home/okui/mcuxpresso/BeuatoBalancer2/Balancer2/MCUxpresso/Balancer2_firm_Uart/lib/libBalancer2_lib.a(pad.o)
                0x0000000000002364                PS_Set_AN
 .text.updatePAD
                0x0000000000002404       0xb8 /home/okui/mcuxpresso/BeuatoBalancer2/Balancer2/MCUxpresso/Balancer2_firm_Uart/lib/libBalancer2_lib.a(pad.o)
                0x0000000000002404                updatePAD
 .text.PADProc  0x00000000000024bc        0x8 /home/okui/mcuxpresso/BeuatoBalancer2/Balancer2/MCUxpresso/Balancer2_firm_Uart/lib/libBalancer2_lib.a(pad.o)
                0x00000000000024bc                PADProc
 .text.USBInit  0x00000000000024c4       0x70 /home/okui/mcuxpresso/BeuatoBalancer2/Balancer2/MCUxpresso/Balancer2_firm_Uart/lib/libBalancer2_lib.a(usb_user.o)
                0x00000000000024c4                USBInit
 .text.USB_Reset_Event
                0x0000000000002534        0x8 /home/okui/mcuxpresso/BeuatoBalancer2/Balancer2/MCUxpresso/Balancer2_firm_Uart/lib/libBalancer2_lib.a(usb_user.o)
                0x0000000000002534                USB_Reset_Event
 .text.SetUSBSendData
                0x000000000000253c       0x40 /home/okui/mcuxpresso/BeuatoBalancer2/Balancer2/MCUxpresso/Balancer2_firm_Uart/lib/libBalancer2_lib.a(usb_user.o)
                0x000000000000253c                SetUSBSendData
 .text.InUSBDataProcces
                0x000000000000257c      0x19c /home/okui/mcuxpresso/BeuatoBalancer2/Balancer2/MCUxpresso/Balancer2_firm_Uart/lib/libBalancer2_lib.a(usb_user.o)
                0x000000000000257c                InUSBDataProcces
 .text.USB_EndPoint1
                0x0000000000002718       0x18 /home/okui/mcuxpresso/BeuatoBalancer2/Balancer2/MCUxpresso/Balancer2_firm_Uart/lib/libBalancer2_lib.a(usb_user.o)
                0x0000000000002718                USB_EndPoint1
 .text.USB_ResetCore
                0x0000000000002730       0x4c /home/okui/mcuxpresso/BeuatoBalancer2/Balancer2/MCUxpresso/Balancer2_firm_Uart/lib/libBalancer2_lib.a(usb_core.o)
                0x0000000000002730                USB_ResetCore
 .text.USB_SetupStage
                0x000000000000277c       0x14 /home/okui/mcuxpresso/BeuatoBalancer2/Balancer2/MCUxpresso/Balancer2_firm_Uart/lib/libBalancer2_lib.a(usb_core.o)
                0x000000000000277c                USB_SetupStage
 .text.USB_DataInStage
                0x0000000000002790       0x58 /home/okui/mcuxpresso/BeuatoBalancer2/Balancer2/MCUxpresso/Balancer2_firm_Uart/lib/libBalancer2_lib.a(usb_core.o)
                0x0000000000002790                USB_DataInStage
 .text.USB_DataOutStage
                0x00000000000027e8       0x3c /home/okui/mcuxpresso/BeuatoBalancer2/Balancer2/MCUxpresso/Balancer2_firm_Uart/lib/libBalancer2_lib.a(usb_core.o)
                0x00000000000027e8                USB_DataOutStage
 .text.USB_StatusInStage
                0x0000000000002824       0x10 /home/okui/mcuxpresso/BeuatoBalancer2/Balancer2/MCUxpresso/Balancer2_firm_Uart/lib/libBalancer2_lib.a(usb_core.o)
                0x0000000000002824                USB_StatusInStage
 .text.USB_StatusOutStage
                0x0000000000002834       0x14 /home/okui/mcuxpresso/BeuatoBalancer2/Balancer2/MCUxpresso/Balancer2_firm_Uart/lib/libBalancer2_lib.a(usb_core.o)
                0x0000000000002834                USB_StatusOutStage
 .text.USB_ReqGetStatus
                0x0000000000002848       0xf4 /home/okui/mcuxpresso/BeuatoBalancer2/Balancer2/MCUxpresso/Balancer2_firm_Uart/lib/libBalancer2_lib.a(usb_core.o)
                0x0000000000002848                USB_ReqGetStatus
 .text.USB_ReqSetClrFeature
                0x000000000000293c      0x130 /home/okui/mcuxpresso/BeuatoBalancer2/Balancer2/MCUxpresso/Balancer2_firm_Uart/lib/libBalancer2_lib.a(usb_core.o)
                0x000000000000293c                USB_ReqSetClrFeature
 .text.USB_ReqSetAddress
                0x0000000000002a6c       0x3c /home/okui/mcuxpresso/BeuatoBalancer2/Balancer2/MCUxpresso/Balancer2_firm_Uart/lib/libBalancer2_lib.a(usb_core.o)
                0x0000000000002a6c                USB_ReqSetAddress
 .text.USB_ReqGetDescriptor
                0x0000000000002aa8      0x174 /home/okui/mcuxpresso/BeuatoBalancer2/Balancer2/MCUxpresso/Balancer2_firm_Uart/lib/libBalancer2_lib.a(usb_core.o)
                0x0000000000002aa8                USB_ReqGetDescriptor
 .text.USB_ReqGetConfiguration
                0x0000000000002c1c       0x38 /home/okui/mcuxpresso/BeuatoBalancer2/Balancer2/MCUxpresso/Balancer2_firm_Uart/lib/libBalancer2_lib.a(usb_core.o)
                0x0000000000002c1c                USB_ReqGetConfiguration
 .text.UsbAddPtr
                0x0000000000002c54       0x24 /home/okui/mcuxpresso/BeuatoBalancer2/Balancer2/MCUxpresso/Balancer2_firm_Uart/lib/libBalancer2_lib.a(usb_core.o)
                0x0000000000002c54                UsbAddPtr
 .text.USB_ReqSetConfiguration
                0x0000000000002c78      0x254 /home/okui/mcuxpresso/BeuatoBalancer2/Balancer2/MCUxpresso/Balancer2_firm_Uart/lib/libBalancer2_lib.a(usb_core.o)
                0x0000000000002c78                USB_ReqSetConfiguration
 .text.USB_ReqGetInterface
                0x0000000000002ecc       0x68 /home/okui/mcuxpresso/BeuatoBalancer2/Balancer2/MCUxpresso/Balancer2_firm_Uart/lib/libBalancer2_lib.a(usb_core.o)
                0x0000000000002ecc                USB_ReqGetInterface
 .text.USB_ReqSetInterface
                0x0000000000002f34      0x1b8 /home/okui/mcuxpresso/BeuatoBalancer2/Balancer2/MCUxpresso/Balancer2_firm_Uart/lib/libBalancer2_lib.a(usb_core.o)
                0x0000000000002f34                USB_ReqSetInterface
 .text.USB_EndPoint0
                0x00000000000030ec      0x32c /home/okui/mcuxpresso/BeuatoBalancer2/Balancer2/MCUxpresso/Balancer2_firm_Uart/lib/libBalancer2_lib.a(usb_core.o)
                0x00000000000030ec                USB_EndPoint0
 .text.delay    0x0000000000003418       0x2c /home/okui/mcuxpresso/BeuatoBalancer2/Balancer2/MCUxpresso/Balancer2_firm_Uart/lib/libBalancer2_lib.a(usb_hardware.o)
                0x0000000000003418                delay
 .text.EPAdr    0x0000000000003444       0x30 /home/okui/mcuxpresso/BeuatoBalancer2/Balancer2/MCUxpresso/Balancer2_firm_Uart/lib/libBalancer2_lib.a(usb_hardware.o)
                0x0000000000003444                EPAdr
 .text.WrCmd    0x0000000000003474       0x58 /home/okui/mcuxpresso/BeuatoBalancer2/Balancer2/MCUxpresso/Balancer2_firm_Uart/lib/libBalancer2_lib.a(usb_hardware.o)
                0x0000000000003474                WrCmd
 .text.WrCmdDat
                0x00000000000034cc       0x1c /home/okui/mcuxpresso/BeuatoBalancer2/Balancer2/MCUxpresso/Balancer2_firm_Uart/lib/libBalancer2_lib.a(usb_hardware.o)
                0x00000000000034cc                WrCmdDat
 .text.WrCmdEP  0x00000000000034e8       0x2c /home/okui/mcuxpresso/BeuatoBalancer2/Balancer2/MCUxpresso/Balancer2_firm_Uart/lib/libBalancer2_lib.a(usb_hardware.o)
                0x00000000000034e8                WrCmdEP
 .text.RdCmdDat
                0x0000000000003514       0x38 /home/okui/mcuxpresso/BeuatoBalancer2/Balancer2/MCUxpresso/Balancer2_firm_Uart/lib/libBalancer2_lib.a(usb_hardware.o)
                0x0000000000003514                RdCmdDat
 .text.USB_Connect
                0x000000000000354c       0x5c /home/okui/mcuxpresso/BeuatoBalancer2/Balancer2/MCUxpresso/Balancer2_firm_Uart/lib/libBalancer2_lib.a(usb_hardware.o)
                0x000000000000354c                USB_Connect
 .text.USB_Reset
                0x00000000000035a8       0x24 /home/okui/mcuxpresso/BeuatoBalancer2/Balancer2/MCUxpresso/Balancer2_firm_Uart/lib/libBalancer2_lib.a(usb_hardware.o)
                0x00000000000035a8                USB_Reset
 .text.USB_WakeUpCfg
                0x00000000000035cc       0x14 /home/okui/mcuxpresso/BeuatoBalancer2/Balancer2/MCUxpresso/Balancer2_firm_Uart/lib/libBalancer2_lib.a(usb_hardware.o)
                0x00000000000035cc                USB_WakeUpCfg
 .text.USB_SetAddress
                0x00000000000035e0       0x3c /home/okui/mcuxpresso/BeuatoBalancer2/Balancer2/MCUxpresso/Balancer2_firm_Uart/lib/libBalancer2_lib.a(usb_hardware.o)
                0x00000000000035e0                USB_SetAddress
 .text.USB_Configure
                0x000000000000361c       0x30 /home/okui/mcuxpresso/BeuatoBalancer2/Balancer2/MCUxpresso/Balancer2_firm_Uart/lib/libBalancer2_lib.a(usb_hardware.o)
                0x000000000000361c                USB_Configure
 .text.USB_ConfigEP
                0x000000000000364c       0x14 /home/okui/mcuxpresso/BeuatoBalancer2/Balancer2/MCUxpresso/Balancer2_firm_Uart/lib/libBalancer2_lib.a(usb_hardware.o)
                0x000000000000364c                USB_ConfigEP
 .text.USB_DirCtrlEP
                0x0000000000003660       0x14 /home/okui/mcuxpresso/BeuatoBalancer2/Balancer2/MCUxpresso/Balancer2_firm_Uart/lib/libBalancer2_lib.a(usb_hardware.o)
                0x0000000000003660                USB_DirCtrlEP
 .text.USB_EnableEP
                0x0000000000003674       0x2c /home/okui/mcuxpresso/BeuatoBalancer2/Balancer2/MCUxpresso/Balancer2_firm_Uart/lib/libBalancer2_lib.a(usb_hardware.o)
                0x0000000000003674                USB_EnableEP
 .text.USB_DisableEP
                0x00000000000036a0       0x2c /home/okui/mcuxpresso/BeuatoBalancer2/Balancer2/MCUxpresso/Balancer2_firm_Uart/lib/libBalancer2_lib.a(usb_hardware.o)
                0x00000000000036a0                USB_DisableEP
 .text.USB_ResetEP
                0x00000000000036cc       0x2c /home/okui/mcuxpresso/BeuatoBalancer2/Balancer2/MCUxpresso/Balancer2_firm_Uart/lib/libBalancer2_lib.a(usb_hardware.o)
                0x00000000000036cc                USB_ResetEP
 .text.USB_SetStallEP
                0x00000000000036f8       0x2c /home/okui/mcuxpresso/BeuatoBalancer2/Balancer2/MCUxpresso/Balancer2_firm_Uart/lib/libBalancer2_lib.a(usb_hardware.o)
                0x00000000000036f8                USB_SetStallEP
 .text.USB_ClrStallEP
                0x0000000000003724       0x2c /home/okui/mcuxpresso/BeuatoBalancer2/Balancer2/MCUxpresso/Balancer2_firm_Uart/lib/libBalancer2_lib.a(usb_hardware.o)
                0x0000000000003724                USB_ClrStallEP
 .text.USB_ReadEP
                0x0000000000003750       0x80 /home/okui/mcuxpresso/BeuatoBalancer2/Balancer2/MCUxpresso/Balancer2_firm_Uart/lib/libBalancer2_lib.a(usb_hardware.o)
                0x0000000000003750                USB_ReadEP
 .text.USB_WriteEP
                0x00000000000037d0       0xa8 /home/okui/mcuxpresso/BeuatoBalancer2/Balancer2/MCUxpresso/Balancer2_firm_Uart/lib/libBalancer2_lib.a(usb_hardware.o)
                0x00000000000037d0                USB_WriteEP
 .text.USB_IRQHandler
                0x0000000000003878      0x134 /home/okui/mcuxpresso/BeuatoBalancer2/Balancer2/MCUxpresso/Balancer2_firm_Uart/lib/libBalancer2_lib.a(usb_hardware.o)
                0x0000000000003878                USB_IRQHandler
 .text.HID_GetIdle
                0x00000000000039ac       0x2c /home/okui/mcuxpresso/BeuatoBalancer2/Balancer2/MCUxpresso/Balancer2_firm_Uart/lib/libBalancer2_lib.a(usb_hiduser.o)
                0x00000000000039ac                HID_GetIdle
 .text.HID_SetIdle
                0x00000000000039d8       0x28 /home/okui/mcuxpresso/BeuatoBalancer2/Balancer2/MCUxpresso/Balancer2_firm_Uart/lib/libBalancer2_lib.a(usb_hiduser.o)
                0x00000000000039d8                HID_SetIdle
 .text.HID_GetProtocol
                0x0000000000003a00       0x20 /home/okui/mcuxpresso/BeuatoBalancer2/Balancer2/MCUxpresso/Balancer2_firm_Uart/lib/libBalancer2_lib.a(usb_hiduser.o)
                0x0000000000003a00                HID_GetProtocol
 .text.HID_SetProtocol
                0x0000000000003a20       0x24 /home/okui/mcuxpresso/BeuatoBalancer2/Balancer2/MCUxpresso/Balancer2_firm_Uart/lib/libBalancer2_lib.a(usb_hiduser.o)
                0x0000000000003a20                HID_SetProtocol
 .text.memset   0x0000000000003a44        0x4 /usr/local/mcuxpressoide-11.6.1_8255/ide/plugins/com.nxp.mcuxpresso.tools.linux_11.6.1.202207200623/tools/bin/../lib/gcc/arm-none-eabi/10.3.1/../../../../arm-none-eabi/lib/thumb/v7-m/nofp/libcr_c.a(memset.o)
                0x0000000000003a44                memset
 .text.fp_round
                0x0000000000003a48       0x4c /usr/local/mcuxpressoide-11.6.1_8255/ide/plugins/com.nxp.mcuxpresso.tools.linux_11.6.1.202207200623/tools/bin/../lib/gcc/arm-none-eabi/10.3.1/../../../../arm-none-eabi/lib/thumb/v7-m/nofp/libcr_c.a(fpprintf.o)
 .text.pr_dec.constprop.0
                0x0000000000003a94       0x26 /usr/local/mcuxpressoide-11.6.1_8255/ide/plugins/com.nxp.mcuxpresso.tools.linux_11.6.1.202207200623/tools/bin/../lib/gcc/arm-none-eabi/10.3.1/../../../../arm-none-eabi/lib/thumb/v7-m/nofp/libcr_c.a(fpprintf.o)
 *fill*         0x0000000000003aba        0x2 
 .text.sprintf  0x0000000000003abc       0x6c /usr/local/mcuxpressoide-11.6.1_8255/ide/plugins/com.nxp.mcuxpresso.tools.linux_11.6.1.202207200623/tools/bin/../lib/gcc/arm-none-eabi/10.3.1/../../../../arm-none-eabi/lib/thumb/v7-m/nofp/libcr_c.a(fpprintf.o)
                0x0000000000003abc                sprintf
 .text.fp_display
                0x0000000000003b28      0x950 /usr/local/mcuxpressoide-11.6.1_8255/ide/plugins/com.nxp.mcuxpresso.tools.linux_11.6.1.202207200623/tools/bin/../lib/gcc/arm-none-eabi/10.3.1/../../../../arm-none-eabi/lib/thumb/v7-m/nofp/libcr_c.a(fpprintf.o)
 .text.__vfprintf
                0x0000000000004478      0xbe4 /usr/local/mcuxpressoide-11.6.1_8255/ide/plugins/com.nxp.mcuxpresso.tools.linux_11.6.1.202207200623/tools/bin/../lib/gcc/arm-none-eabi/10.3.1/../../../../arm-none-eabi/lib/thumb/v7-m/nofp/libcr_c.a(printf.o)
                0x0000000000004478                __vfprintf
 .text.strlen   0x000000000000505c       0x48 /usr/local/mcuxpressoide-11.6.1_8255/ide/plugins/com.nxp.mcuxpresso.tools.linux_11.6.1.202207200623/tools/bin/../lib/gcc/arm-none-eabi/10.3.1/../../../../arm-none-eabi/lib/thumb/v7-m/nofp/libcr_c.a(strlen.o)
                0x000000000000505c                strlen
 .text._deferredlazyseek
                0x00000000000050a4       0x40 /usr/local/mcuxpressoide-11.6.1_8255/ide/plugins/com.nxp.mcuxpresso.tools.linux_11.6.1.202207200623/tools/bin/../lib/gcc/arm-none-eabi/10.3.1/../../../../arm-none-eabi/lib/thumb/v7-m/nofp/libcr_c.a(_deferredlazyseek.o)
                0x00000000000050a4                _deferredlazyseek
 .text.__flsbuf
                0x00000000000050e4      0x140 /usr/local/mcuxpressoide-11.6.1_8255/ide/plugins/com.nxp.mcuxpresso.tools.linux_11.6.1.202207200623/tools/bin/../lib/gcc/arm-none-eabi/10.3.1/../../../../arm-none-eabi/lib/thumb/v7-m/nofp/libcr_c.a(_deferredlazyseek.o)
                0x00000000000050e4                __flsbuf
 .text._fflush  0x0000000000005224       0x52 /usr/local/mcuxpressoide-11.6.1_8255/ide/plugins/com.nxp.mcuxpresso.tools.linux_11.6.1.202207200623/tools/bin/../lib/gcc/arm-none-eabi/10.3.1/../../../../arm-none-eabi/lib/thumb/v7-m/nofp/libcr_c.a(_fflush.o)
                0x0000000000005224                _fflush
 .text._frexpl  0x0000000000005276       0x56 /usr/local/mcuxpressoide-11.6.1_8255/ide/plugins/com.nxp.mcuxpresso.tools.linux_11.6.1.202207200623/tools/bin/../lib/gcc/arm-none-eabi/10.3.1/../../../../arm-none-eabi/lib/thumb/v7-m/nofp/libcr_c.a(_frexpl.o)
                0x0000000000005276                _frexpl
 .text._ldexpl  0x00000000000052cc       0x48 /usr/local/mcuxpressoide-11.6.1_8255/ide/plugins/com.nxp.mcuxpresso.tools.linux_11.6.1.202207200623/tools/bin/../lib/gcc/arm-none-eabi/10.3.1/../../../../arm-none-eabi/lib/thumb/v7-m/nofp/libcr_c.a(_ldexpl.o)
                0x00000000000052cc                _ldexpl
 .text._Cwritebuf
                0x0000000000005314       0x6c /usr/local/mcuxpressoide-11.6.1_8255/ide/plugins/com.nxp.mcuxpresso.tools.linux_11.6.1.202207200623/tools/bin/../lib/gcc/arm-none-eabi/10.3.1/../../../../arm-none-eabi/lib/thumb/v7-m/nofp/libcr_c.a(_writebuf.o)
                0x0000000000005314                _Cwritebuf
 .text.malloc   0x0000000000005380       0xc8 /usr/local/mcuxpressoide-11.6.1_8255/ide/plugins/com.nxp.mcuxpresso.tools.linux_11.6.1.202207200623/tools/bin/../lib/gcc/arm-none-eabi/10.3.1/../../../../arm-none-eabi/lib/thumb/v7-m/nofp/libcr_c.a(alloc.o)
                0x0000000000005380                malloc
 .text._Csys_alloc
                0x0000000000005448       0x20 /usr/local/mcuxpressoide-11.6.1_8255/ide/plugins/com.nxp.mcuxpresso.tools.linux_11.6.1.202207200623/tools/bin/../lib/gcc/arm-none-eabi/10.3.1/../../../../arm-none-eabi/lib/thumb/v7-m/nofp/libcr_c.a(alloc.o)
                0x0000000000005448                _Csys_alloc
 .text.fseek    0x0000000000005468       0xfc /usr/local/mcuxpressoide-11.6.1_8255/ide/plugins/com.nxp.mcuxpresso.tools.linux_11.6.1.202207200623/tools/bin/../lib/gcc/arm-none-eabi/10.3.1/../../../../arm-none-eabi/lib/thumb/v7-m/nofp/libcr_c.a(fseek.o)
                0x0000000000005468                fseek
 .text.ftell    0x0000000000005564       0x44 /usr/local/mcuxpressoide-11.6.1_8255/ide/plugins/com.nxp.mcuxpresso.tools.linux_11.6.1.202207200623/tools/bin/../lib/gcc/arm-none-eabi/10.3.1/../../../../arm-none-eabi/lib/thumb/v7-m/nofp/libcr_c.a(ftell.o)
                0x0000000000005564                ftell
 .text._sbrk    0x00000000000055a8       0x3c /usr/local/mcuxpressoide-11.6.1_8255/ide/plugins/com.nxp.mcuxpresso.tools.linux_11.6.1.202207200623/tools/bin/../lib/gcc/arm-none-eabi/10.3.1/../../../../arm-none-eabi/lib/thumb/v7-m/nofp/libcr_c.a(_cr_sbrk.o)
                0x00000000000055a8                _sbrk
 .text.__check_heap_overflow
                0x00000000000055e4       0x14 /usr/local/mcuxpressoide-11.6.1_8255/ide/plugins/com.nxp.mcuxpresso.tools.linux_11.6.1.202207200623/tools/bin/../lib/gcc/arm-none-eabi/10.3.1/../../../../arm-none-eabi/lib/thumb/v7-m/nofp/libcr_c.a(_cr_check_heap.o)
                0x00000000000055e4                __check_heap_overflow
 .text.__aeabi_division_ldivmod
                0x00000000000055f8       0x26 /usr/local/mcuxpressoide-11.6.1_8255/ide/plugins/com.nxp.mcuxpresso.tools.linux_11.6.1.202207200623/tools/bin/../lib/gcc/arm-none-eabi/10.3.1/thumb/v7-m/nofp/libcr_eabihelpers.a(division_64.o)
                0x00000000000055f8                __aeabi_ldivmod
 .text.__aeabi_division_uldivmod
                0x000000000000561e      0x174 /usr/local/mcuxpressoide-11.6.1_8255/ide/plugins/com.nxp.mcuxpresso.tools.linux_11.6.1.202207200623/tools/bin/../lib/gcc/arm-none-eabi/10.3.1/thumb/v7-m/nofp/libcr_eabihelpers.a(division_64.o)
                0x000000000000561e                __aeabi_uldivmod
                0x0000000000005622                __bhs_ldivmod1
 .text.__aeabi_division_idiv0
                0x0000000000005792        0x2 /usr/local/mcuxpressoide-11.6.1_8255/ide/plugins/com.nxp.mcuxpresso.tools.linux_11.6.1.202207200623/tools/bin/../lib/gcc/arm-none-eabi/10.3.1/thumb/v7-m/nofp/libcr_eabihelpers.a(division_idiv0.o)
                0x0000000000005792                __aeabi_idiv0
 .text.__aeabi_dmul
                0x0000000000005794       0xfc /usr/local/mcuxpressoide-11.6.1_8255/ide/plugins/com.nxp.mcuxpresso.tools.linux_11.6.1.202207200623/tools/bin/../lib/gcc/arm-none-eabi/10.3.1/thumb/v7-m/nofp/libcr_eabihelpers.a(double.o)
                0x0000000000005794                __aeabi_dmul
 .text.__aeabi_ddiv
                0x0000000000005890      0x134 /usr/local/mcuxpressoide-11.6.1_8255/ide/plugins/com.nxp.mcuxpresso.tools.linux_11.6.1.202207200623/tools/bin/../lib/gcc/arm-none-eabi/10.3.1/thumb/v7-m/nofp/libcr_eabihelpers.a(double.o)
                0x0000000000005890                __aeabi_ddiv
 .text.__aeabi_dsub
                0x00000000000059c4      0x1ac /usr/local/mcuxpressoide-11.6.1_8255/ide/plugins/com.nxp.mcuxpresso.tools.linux_11.6.1.202207200623/tools/bin/../lib/gcc/arm-none-eabi/10.3.1/thumb/v7-m/nofp/libcr_eabihelpers.a(double.o)
                0x00000000000059c4                __aeabi_dsub
 .text.__aeabi_dadd
                0x0000000000005b70      0x110 /usr/local/mcuxpressoide-11.6.1_8255/ide/plugins/com.nxp.mcuxpresso.tools.linux_11.6.1.202207200623/tools/bin/../lib/gcc/arm-none-eabi/10.3.1/thumb/v7-m/nofp/libcr_eabihelpers.a(double.o)
                0x0000000000005b70                __aeabi_dadd
 .text.__aeabi_d2iz
                0x0000000000005c80       0x42 /usr/local/mcuxpressoide-11.6.1_8255/ide/plugins/com.nxp.mcuxpresso.tools.linux_11.6.1.202207200623/tools/bin/../lib/gcc/arm-none-eabi/10.3.1/thumb/v7-m/nofp/libcr_eabihelpers.a(double.o)
                0x0000000000005c80                __aeabi_d2iz
 .text.__bhs_ui2d
                0x0000000000005cc2       0x46 /usr/local/mcuxpressoide-11.6.1_8255/ide/plugins/com.nxp.mcuxpresso.tools.linux_11.6.1.202207200623/tools/bin/../lib/gcc/arm-none-eabi/10.3.1/thumb/v7-m/nofp/libcr_eabihelpers.a(double.o)
                0x0000000000005cc2                __bhs_ui2d
 .text.__bhs_ul2d
                0x0000000000005d08       0x8a /usr/local/mcuxpressoide-11.6.1_8255/ide/plugins/com.nxp.mcuxpresso.tools.linux_11.6.1.202207200623/tools/bin/../lib/gcc/arm-none-eabi/10.3.1/thumb/v7-m/nofp/libcr_eabihelpers.a(double.o)
                0x0000000000005d08                __bhs_ul2d
 .text.__aeabi_i2d
                0x0000000000005d92       0x12 /usr/local/mcuxpressoide-11.6.1_8255/ide/plugins/com.nxp.mcuxpresso.tools.linux_11.6.1.202207200623/tools/bin/../lib/gcc/arm-none-eabi/10.3.1/thumb/v7-m/nofp/libcr_eabihelpers.a(double.o)
                0x0000000000005d92                __aeabi_i2d
 .text.__aeabi_ui2d
                0x0000000000005da4        0x8 /usr/local/mcuxpressoide-11.6.1_8255/ide/plugins/com.nxp.mcuxpresso.tools.linux_11.6.1.202207200623/tools/bin/../lib/gcc/arm-none-eabi/10.3.1/thumb/v7-m/nofp/libcr_eabihelpers.a(double.o)
                0x0000000000005da4                __aeabi_ui2d
 .text.__aeabi_l2d
                0x0000000000005dac       0x1c /usr/local/mcuxpressoide-11.6.1_8255/ide/plugins/com.nxp.mcuxpresso.tools.linux_11.6.1.202207200623/tools/bin/../lib/gcc/arm-none-eabi/10.3.1/thumb/v7-m/nofp/libcr_eabihelpers.a(double.o)
                0x0000000000005dac                __aeabi_l2d
 .text.__aeabi_dcmpeq
                0x0000000000005dc8       0x3c /usr/local/mcuxpressoide-11.6.1_8255/ide/plugins/com.nxp.mcuxpresso.tools.linux_11.6.1.202207200623/tools/bin/../lib/gcc/arm-none-eabi/10.3.1/thumb/v7-m/nofp/libcr_eabihelpers.a(double.o)
                0x0000000000005dc8                __aeabi_dcmpeq
 .text.__aeabi_dcmplt
                0x0000000000005e04       0x58 /usr/local/mcuxpressoide-11.6.1_8255/ide/plugins/com.nxp.mcuxpresso.tools.linux_11.6.1.202207200623/tools/bin/../lib/gcc/arm-none-eabi/10.3.1/thumb/v7-m/nofp/libcr_eabihelpers.a(double.o)
                0x0000000000005e04                __aeabi_dcmplt
 .text.__aeabi_dcmpgt
                0x0000000000005e5c       0x58 /usr/local/mcuxpressoide-11.6.1_8255/ide/plugins/com.nxp.mcuxpresso.tools.linux_11.6.1.202207200623/tools/bin/../lib/gcc/arm-none-eabi/10.3.1/thumb/v7-m/nofp/libcr_eabihelpers.a(double.o)
                0x0000000000005e5c                __aeabi_dcmpgt
 .text.__aeabi_dcmple
                0x0000000000005eb4       0x62 /usr/local/mcuxpressoide-11.6.1_8255/ide/plugins/com.nxp.mcuxpresso.tools.linux_11.6.1.202207200623/tools/bin/../lib/gcc/arm-none-eabi/10.3.1/thumb/v7-m/nofp/libcr_eabihelpers.a(double.o)
                0x0000000000005eb4                __aeabi_dcmple
 .text.__aeabi_dcmpge
                0x0000000000005f16       0x62 /usr/local/mcuxpressoide-11.6.1_8255/ide/plugins/com.nxp.mcuxpresso.tools.linux_11.6.1.202207200623/tools/bin/../lib/gcc/arm-none-eabi/10.3.1/thumb/v7-m/nofp/libcr_eabihelpers.a(double.o)
                0x0000000000005f16                __aeabi_dcmpge
 .text.__aeabi_memset_lowlevel
                0x0000000000005f78       0x32 /usr/local/mcuxpressoide-11.6.1_8255/ide/plugins/com.nxp.mcuxpresso.tools.linux_11.6.1.202207200623/tools/bin/../lib/gcc/arm-none-eabi/10.3.1/thumb/v7-m/nofp/libcr_eabihelpers.a(memcpy.o)
                0x0000000000005f78                __aeabi_lowlevel_memset
 *fill*         0x0000000000005faa        0x2 
 .text.__sys_appexit
                0x0000000000005fac        0xc /usr/local/mcuxpressoide-11.6.1_8255/ide/plugins/com.nxp.mcuxpresso.tools.linux_11.6.1.202207200623/tools/bin/../lib/gcc/arm-none-eabi/10.3.1/../../../../arm-none-eabi/lib/thumb/v7-m/nofp/libcr_semihost.a(__sys_appexit.o)
                0x0000000000005fac                __exit
                0x0000000000005fac                __sys_appexit
 .text.__sys_flen
                0x0000000000005fb8        0xc /usr/local/mcuxpressoide-11.6.1_8255/ide/plugins/com.nxp.mcuxpresso.tools.linux_11.6.1.202207200623/tools/bin/../lib/gcc/arm-none-eabi/10.3.1/../../../../arm-none-eabi/lib/thumb/v7-m/nofp/libcr_semihost.a(__sys_flen.o)
                0x0000000000005fb8                __sys_flen
 .text.__sys_istty
                0x0000000000005fc4        0xc /usr/local/mcuxpressoide-11.6.1_8255/ide/plugins/com.nxp.mcuxpresso.tools.linux_11.6.1.202207200623/tools/bin/../lib/gcc/arm-none-eabi/10.3.1/../../../../arm-none-eabi/lib/thumb/v7-m/nofp/libcr_semihost.a(__sys_istty.o)
                0x0000000000005fc4                __sys_istty
 .text.__sys_seek
                0x0000000000005fd0        0xc /usr/local/mcuxpressoide-11.6.1_8255/ide/plugins/com.nxp.mcuxpresso.tools.linux_11.6.1.202207200623/tools/bin/../lib/gcc/arm-none-eabi/10.3.1/../../../../arm-none-eabi/lib/thumb/v7-m/nofp/libcr_semihost.a(__sys_seek.o)
                0x0000000000005fd0                __sys_seek
 .text.__sys_write
                0x0000000000005fdc        0xc /usr/local/mcuxpressoide-11.6.1_8255/ide/plugins/com.nxp.mcuxpresso.tools.linux_11.6.1.202207200623/tools/bin/../lib/gcc/arm-none-eabi/10.3.1/../../../../arm-none-eabi/lib/thumb/v7-m/nofp/libcr_semihost.a(__sys_write.o)
                0x0000000000005fdc                __sys_write
 *(.rodata*)
 .rodata.str1.4
                0x0000000000005fe8       0x60 ./src/main.o
 .rodata        0x0000000000006048       0x10 /home/okui/mcuxpresso/BeuatoBalancer2/Balancer2/MCUxpresso/Balancer2_firm_Uart/lib/libBalancer2_lib.a(enc.o)
                0x0000000000006048                enctbl
 .rodata.str1.4
                0x0000000000006058        0x4 /home/okui/mcuxpresso/BeuatoBalancer2/Balancer2/MCUxpresso/Balancer2_firm_Uart/lib/libBalancer2_lib.a(uart.o)
 .rodata        0x000000000000605c       0x3c /home/okui/mcuxpresso/BeuatoBalancer2/Balancer2/MCUxpresso/Balancer2_firm_Uart/lib/libBalancer2_lib.a(pad.o)
 .rodata        0x0000000000006098       0x14 /home/okui/mcuxpresso/BeuatoBalancer2/Balancer2/MCUxpresso/Balancer2_firm_Uart/lib/libBalancer2_lib.a(usb_user.o)
                0x0000000000006098                USB_P_EP
 .rodata        0x00000000000060ac       0x98 /home/okui/mcuxpresso/BeuatoBalancer2/Balancer2/MCUxpresso/Balancer2_firm_Uart/lib/libBalancer2_lib.a(usb_descriptors.o)
                0x00000000000060ac                USB_StringDescriptor
                0x00000000000060e4                USB_ConfigDescriptor
                0x0000000000006110                USB_DeviceDescriptor
                0x0000000000006122                HID_ReportDescSize
                0x0000000000006124                HID_ReportDescriptor
 .rodata.fp_display.str1.1
                0x0000000000006144       0x34 /usr/local/mcuxpressoide-11.6.1_8255/ide/plugins/com.nxp.mcuxpresso.tools.linux_11.6.1.202207200623/tools/bin/../lib/gcc/arm-none-eabi/10.3.1/../../../../arm-none-eabi/lib/thumb/v7-m/nofp/libcr_c.a(fpprintf.o)
                                         0x35 (size before relaxing)
 .rodata.__vfprintf.str1.1
                0x0000000000006178       0x31 /usr/local/mcuxpressoide-11.6.1_8255/ide/plugins/com.nxp.mcuxpresso.tools.linux_11.6.1.202207200623/tools/bin/../lib/gcc/arm-none-eabi/10.3.1/../../../../arm-none-eabi/lib/thumb/v7-m/nofp/libcr_c.a(printf.o)
                                         0x38 (size before relaxing)
 .rodata._Csys_alloc.str1.1
                0x00000000000061a9       0x18 /usr/local/mcuxpressoide-11.6.1_8255/ide/plugins/com.nxp.mcuxpresso.tools.linux_11.6.1.202207200623/tools/bin/../lib/gcc/arm-none-eabi/10.3.1/../../../../arm-none-eabi/lib/thumb/v7-m/nofp/libcr_c.a(alloc.o)

.glue_7         0x00000000000061c4        0x0
 .glue_7        0x00000000000061c4        0x0 linker stubs

.glue_7t        0x00000000000061c4        0x0
 .glue_7t       0x00000000000061c4        0x0 linker stubs

.vfp11_veneer   0x00000000000061c4        0x0
 .vfp11_veneer  0x00000000000061c4        0x0 linker stubs

.v4_bx          0x00000000000061c4        0x0
 .v4_bx         0x00000000000061c4        0x0 linker stubs

.iplt           0x00000000000061c4        0x0
 .iplt          0x00000000000061c4        0x0 ./src/control.o

.ARM.extab
 *(.ARM.extab* .gnu.linkonce.armextab.*)
                0x00000000000061c1                __exidx_start = .

.ARM.exidx
 *(.ARM.exidx* .gnu.linkonce.armexidx.*)
                0x00000000000061c1                __exidx_end = .
                0x00000000000061c1                _etext = .

.cmap           0x0000000000007000      0x160
 *(.Const_Map*)
 .Const_Map     0x0000000000007000      0x160 /home/okui/mcuxpresso/BeuatoBalancer2/Balancer2/MCUxpresso/Balancer2_firm_Uart/lib/libBalancer2_lib.a(mot.o)
                0x0000000000007000                Constmemmap

.rel.dyn        0x0000000000007160        0x0
 .rel.iplt      0x0000000000007160        0x0 ./src/control.o

.data           0x0000000010000000       0x10 load address 0x00000000000061c1
                0x0000000010000000                _data = .
 *(vtable)
 *(.data*)
 .data          0x0000000010000000        0x4 /home/okui/mcuxpresso/BeuatoBalancer2/Balancer2/MCUxpresso/Balancer2_firm_Uart/lib/libBalancer2_lib.a(system_LPC13xx.o)
                0x0000000010000000                SystemCoreClock
 .data          0x0000000010000004        0x1 /home/okui/mcuxpresso/BeuatoBalancer2/Balancer2/MCUxpresso/Balancer2_firm_Uart/lib/libBalancer2_lib.a(uart.o)
                0x0000000010000004                UARTTxEmpty
 *fill*         0x0000000010000005        0x3 
 .data          0x0000000010000008        0x4 /home/okui/mcuxpresso/BeuatoBalancer2/Balancer2/MCUxpresso/Balancer2_firm_Uart/lib/libBalancer2_lib.a(flash.o)
                0x0000000010000008                iap_entry
 .data          0x000000001000000c        0x4 /home/okui/mcuxpresso/BeuatoBalancer2/Balancer2/MCUxpresso/Balancer2_firm_Uart/lib/libBalancer2_lib.a(log.o)
                0x000000001000000c                databuffer
                0x0000000010000010                _edata = .

.igot.plt       0x0000000010000010        0x0 load address 0x00000000000061d1
 .igot.plt      0x0000000010000010        0x0 ./src/control.o

.bss            0x0000000010000010     0x14ee load address 0x00000000000061d1
                0x0000000010000010                _bss = .
 *(.bss*)
 .bss           0x0000000010000010       0x38 ./src/control.o
 .bss           0x0000000010000048        0x4 ./src/main.o
 .bss           0x000000001000004c        0x4 /home/okui/mcuxpresso/BeuatoBalancer2/Balancer2/MCUxpresso/Balancer2_firm_Uart/lib/libBalancer2_lib.a(adc.o)
                0x000000001000004c                ADCIntDone
 .bss           0x0000000010000050        0x2 /home/okui/mcuxpresso/BeuatoBalancer2/Balancer2/MCUxpresso/Balancer2_firm_Uart/lib/libBalancer2_lib.a(current.o)
                0x0000000010000050                current_cnt
 .bss           0x0000000010000052        0x4 /home/okui/mcuxpresso/BeuatoBalancer2/Balancer2/MCUxpresso/Balancer2_firm_Uart/lib/libBalancer2_lib.a(enc.o)
                0x0000000010000052                enc_cnt
 *fill*         0x0000000010000056        0x2 
 .bss           0x0000000010000058       0x18 /home/okui/mcuxpresso/BeuatoBalancer2/Balancer2/MCUxpresso/Balancer2_firm_Uart/lib/libBalancer2_lib.a(gyro.o)
                0x0000000010000058                i2cgain
                0x0000000010000060                gyro_old_p
                0x0000000010000068                gyro_old_AngureSpd
 .bss           0x0000000010000070       0x14 /home/okui/mcuxpresso/BeuatoBalancer2/Balancer2/MCUxpresso/Balancer2_firm_Uart/lib/libBalancer2_lib.a(i2c.o)
                0x0000000010000070                WrIndex
                0x0000000010000074                I2CMasterState
                0x0000000010000078                RdIndex
                0x000000001000007c                I2CCount
                0x0000000010000080                I2CSlaveState
 .bss           0x0000000010000084        0xc /home/okui/mcuxpresso/BeuatoBalancer2/Balancer2/MCUxpresso/Balancer2_firm_Uart/lib/libBalancer2_lib.a(uart.o)
                0x0000000010000084                UARTWriteCount
                0x0000000010000088                UARTReadCount
                0x000000001000008c                UARTBuffCount
 .bss           0x0000000010000090        0x2 /home/okui/mcuxpresso/BeuatoBalancer2/Balancer2/MCUxpresso/Balancer2_firm_Uart/lib/libBalancer2_lib.a(vs-bb022.o)
                0x0000000010000091                EncFlag
 *fill*         0x0000000010000092        0x2 
 .bss           0x0000000010000094        0x8 /home/okui/mcuxpresso/BeuatoBalancer2/Balancer2/MCUxpresso/Balancer2_firm_Uart/lib/libBalancer2_lib.a(log.o)
                0x0000000010000094                logmode
                0x0000000010000098                logtimer
 .bss           0x000000001000009c        0x1 /home/okui/mcuxpresso/BeuatoBalancer2/Balancer2/MCUxpresso/Balancer2_firm_Uart/lib/libBalancer2_lib.a(pad.o)
 *fill*         0x000000001000009d        0x3 
 .bss           0x00000000100000a0        0x4 /home/okui/mcuxpresso/BeuatoBalancer2/Balancer2/MCUxpresso/Balancer2_firm_Uart/lib/libBalancer2_lib.a(usb_hardware.o)
                0x00000000100000a0                systicktemp
 .bss.errno     0x00000000100000a4        0x4 /usr/local/mcuxpressoide-11.6.1_8255/ide/plugins/com.nxp.mcuxpresso.tools.linux_11.6.1.202207200623/tools/bin/../lib/gcc/arm-none-eabi/10.3.1/../../../../arm-none-eabi/lib/thumb/v7-m/nofp/libcr_c.a(errno.o)
                0x00000000100000a4                errno
 .bss.__end_of_heap
                0x00000000100000a8        0x4 /usr/local/mcuxpressoide-11.6.1_8255/ide/plugins/com.nxp.mcuxpresso.tools.linux_11.6.1.202207200623/tools/bin/../lib/gcc/arm-none-eabi/10.3.1/../../../../arm-none-eabi/lib/thumb/v7-m/nofp/libcr_c.a(__init_alloc.o)
                0x00000000100000a8                __end_of_heap
 .bss.__heaps   0x00000000100000ac        0x4 /usr/local/mcuxpressoide-11.6.1_8255/ide/plugins/com.nxp.mcuxpresso.tools.linux_11.6.1.202207200623/tools/bin/../lib/gcc/arm-none-eabi/10.3.1/../../../../arm-none-eabi/lib/thumb/v7-m/nofp/libcr_c.a(__init_alloc.o)
                0x00000000100000ac                __heaps
 *(COMMON)
 COMMON         0x00000000100000b0      0x20a /home/okui/mcuxpresso/BeuatoBalancer2/Balancer2/MCUxpresso/Balancer2_firm_Uart/lib/libBalancer2_lib.a(adc.o)
                0x00000000100000b0                USB_InPutData
                0x00000000100000f0                memmap
                0x0000000010000258                ADCValue
                0x0000000010000278                USB_OutPutData
                0x00000000100002b8                bSendUSBdata
                0x00000000100002b9                isUSB_data_sending
 *fill*         0x00000000100002ba        0x6 
 COMMON         0x00000000100002c0       0x90 /home/okui/mcuxpresso/BeuatoBalancer2/Balancer2/MCUxpresso/Balancer2_firm_Uart/lib/libBalancer2_lib.a(current.o)
                0x00000000100002c0                CurrentValue
                0x0000000010000330                current_old_p
                0x0000000010000340                current_i
 COMMON         0x0000000010000350       0x60 /home/okui/mcuxpresso/BeuatoBalancer2/Balancer2/MCUxpresso/Balancer2_firm_Uart/lib/libBalancer2_lib.a(enc.o)
                0x0000000010000350                newL
                0x0000000010000358                newR
                0x0000000010000360                ENCSPDValue
 COMMON         0x00000000100003b0       0x28 /home/okui/mcuxpresso/BeuatoBalancer2/Balancer2/MCUxpresso/Balancer2_firm_Uart/lib/libBalancer2_lib.a(i2c.o)
                0x00000000100003b0                I2CReadLength
                0x00000000100003b4                I2CSlaveBuffer
                0x00000000100003c0                StatValue
                0x00000000100003c4                I2CMode
                0x00000000100003c8                I2CMasterBuffer
                0x00000000100003d4                I2CWriteLength
 COMMON         0x00000000100003d8       0x44 /home/okui/mcuxpresso/BeuatoBalancer2/Balancer2/MCUxpresso/Balancer2_firm_Uart/lib/libBalancer2_lib.a(uart.o)
                0x00000000100003d8                UARTBuffer
                0x0000000010000418                UARTStatus
 *fill*         0x000000001000041c        0x4 
 COMMON         0x0000000010000420       0x40 /home/okui/mcuxpresso/BeuatoBalancer2/Balancer2/MCUxpresso/Balancer2_firm_Uart/lib/libBalancer2_lib.a(vs-bb022.o)
                0x0000000010000420                intteruptflag
                0x0000000010000440                iBuzzerPitch
                0x0000000010000444                bBuzzerFlag
                0x0000000010000448                SystickModeCnt
                0x0000000010000450                SystickWaitCnt
                0x0000000010000458                SystickSyncCnt
 COMMON         0x0000000010000460     0x1024 /home/okui/mcuxpresso/BeuatoBalancer2/Balancer2/MCUxpresso/Balancer2_firm_Uart/lib/libBalancer2_lib.a(flash.o)
                0x0000000010000460                command
                0x0000000010000474                srcbuf
                0x0000000010001474                result
 *fill*         0x0000000010001484        0x4 
 COMMON         0x0000000010001488       0x72 /home/okui/mcuxpresso/BeuatoBalancer2/Balancer2/MCUxpresso/Balancer2_firm_Uart/lib/libBalancer2_lib.a(usb_core.o)
                0x0000000010001488                USB_AltSetting
                0x0000000010001490                EP0Buf
                0x00000000100014d0                USB_EndPointMask
                0x00000000100014d4                USB_DeviceAddress
                0x00000000100014d8                USB_EndPointStall
                0x00000000100014dc                USB_EndPointHalt
                0x00000000100014e0                USB_Configuration
                0x00000000100014e4                SetupPacket
                0x00000000100014ec                USB_NumInterfaces
                0x00000000100014f0                EP0Data
                0x00000000100014f8                USB_DeviceStatus
 *fill*         0x00000000100014fa        0x2 
 COMMON         0x00000000100014fc        0x2 /home/okui/mcuxpresso/BeuatoBalancer2/Balancer2/MCUxpresso/Balancer2_firm_Uart/lib/libBalancer2_lib.a(usb_hiduser.o)
                0x00000000100014fc                HID_IdleTime
                0x00000000100014fd                HID_Protocol
                0x00000000100014fe                _ebss = .

.cr_heap        0x00000000100014fe        0x0 load address 0x00000000000061d1
                0x00000000100014fe                end = .
                0x00000000100014fe                _pvHeapStart = .
                0x0000000010002000                _vRamTop = __top_RamLoc8
                0x0000000010002000                _vStackTop = (_vRamTop - 0x0)
OUTPUT(Balancer2_firm_Uart.axf elf32-littlearm)
LOAD linker stubs

.debug_info     0x0000000000000000     0xe56d
 .debug_info    0x0000000000000000      0x9b6 ./src/control.o
 .debug_info    0x00000000000009b6      0x20c ./src/cr_startup_lpc13.o
 .debug_info    0x0000000000000bc2      0x9e1 ./src/main.o
 .debug_info    0x00000000000015a3      0xfda /home/okui/mcuxpresso/BeuatoBalancer2/Balancer2/MCUxpresso/Balancer2_firm_Uart/lib/libBalancer2_lib.a(adc.o)
 .debug_info    0x000000000000257d      0x76a /home/okui/mcuxpresso/BeuatoBalancer2/Balancer2/MCUxpresso/Balancer2_firm_Uart/lib/libBalancer2_lib.a(current.o)
 .debug_info    0x0000000000002ce7      0xcd9 /home/okui/mcuxpresso/BeuatoBalancer2/Balancer2/MCUxpresso/Balancer2_firm_Uart/lib/libBalancer2_lib.a(enc.o)
 .debug_info    0x00000000000039c0      0xb5a /home/okui/mcuxpresso/BeuatoBalancer2/Balancer2/MCUxpresso/Balancer2_firm_Uart/lib/libBalancer2_lib.a(gpio.o)
 .debug_info    0x000000000000451a      0x651 /home/okui/mcuxpresso/BeuatoBalancer2/Balancer2/MCUxpresso/Balancer2_firm_Uart/lib/libBalancer2_lib.a(gyro.o)
 .debug_info    0x0000000000004b6b      0xbe4 /home/okui/mcuxpresso/BeuatoBalancer2/Balancer2/MCUxpresso/Balancer2_firm_Uart/lib/libBalancer2_lib.a(i2c.o)
 .debug_info    0x000000000000574f      0x4be /home/okui/mcuxpresso/BeuatoBalancer2/Balancer2/MCUxpresso/Balancer2_firm_Uart/lib/libBalancer2_lib.a(system_LPC13xx.o)
 .debug_info    0x0000000000005c0d     0x11da /home/okui/mcuxpresso/BeuatoBalancer2/Balancer2/MCUxpresso/Balancer2_firm_Uart/lib/libBalancer2_lib.a(uart.o)
 .debug_info    0x0000000000006de7      0x545 /home/okui/mcuxpresso/BeuatoBalancer2/Balancer2/MCUxpresso/Balancer2_firm_Uart/lib/libBalancer2_lib.a(util.o)
 .debug_info    0x000000000000732c     0x1859 /home/okui/mcuxpresso/BeuatoBalancer2/Balancer2/MCUxpresso/Balancer2_firm_Uart/lib/libBalancer2_lib.a(vs-bb022.o)
 .debug_info    0x0000000000008b85      0x8cb /home/okui/mcuxpresso/BeuatoBalancer2/Balancer2/MCUxpresso/Balancer2_firm_Uart/lib/libBalancer2_lib.a(flash.o)
 .debug_info    0x0000000000009450      0x69e /home/okui/mcuxpresso/BeuatoBalancer2/Balancer2/MCUxpresso/Balancer2_firm_Uart/lib/libBalancer2_lib.a(log.o)
 .debug_info    0x0000000000009aee      0x4bb /home/okui/mcuxpresso/BeuatoBalancer2/Balancer2/MCUxpresso/Balancer2_firm_Uart/lib/libBalancer2_lib.a(mot.o)
 .debug_info    0x0000000000009fa9      0xb0c /home/okui/mcuxpresso/BeuatoBalancer2/Balancer2/MCUxpresso/Balancer2_firm_Uart/lib/libBalancer2_lib.a(pad.o)
 .debug_info    0x000000000000aab5     0x1302 /home/okui/mcuxpresso/BeuatoBalancer2/Balancer2/MCUxpresso/Balancer2_firm_Uart/lib/libBalancer2_lib.a(usb_user.o)
 .debug_info    0x000000000000bdb7      0xc93 /home/okui/mcuxpresso/BeuatoBalancer2/Balancer2/MCUxpresso/Balancer2_firm_Uart/lib/libBalancer2_lib.a(usb_core.o)
 .debug_info    0x000000000000ca4a      0x5bd /home/okui/mcuxpresso/BeuatoBalancer2/Balancer2/MCUxpresso/Balancer2_firm_Uart/lib/libBalancer2_lib.a(usb_descriptors.o)
 .debug_info    0x000000000000d007      0xe91 /home/okui/mcuxpresso/BeuatoBalancer2/Balancer2/MCUxpresso/Balancer2_firm_Uart/lib/libBalancer2_lib.a(usb_hardware.o)
 .debug_info    0x000000000000de98      0x6d5 /home/okui/mcuxpresso/BeuatoBalancer2/Balancer2/MCUxpresso/Balancer2_firm_Uart/lib/libBalancer2_lib.a(usb_hiduser.o)

.debug_abbrev   0x0000000000000000     0x2d52
 .debug_abbrev  0x0000000000000000      0x173 ./src/control.o
 .debug_abbrev  0x0000000000000173      0x119 ./src/cr_startup_lpc13.o
 .debug_abbrev  0x000000000000028c      0x210 ./src/main.o
 .debug_abbrev  0x000000000000049c      0x228 /home/okui/mcuxpresso/BeuatoBalancer2/Balancer2/MCUxpresso/Balancer2_firm_Uart/lib/libBalancer2_lib.a(adc.o)
 .debug_abbrev  0x00000000000006c4      0x1e1 /home/okui/mcuxpresso/BeuatoBalancer2/Balancer2/MCUxpresso/Balancer2_firm_Uart/lib/libBalancer2_lib.a(current.o)
 .debug_abbrev  0x00000000000008a5      0x2e6 /home/okui/mcuxpresso/BeuatoBalancer2/Balancer2/MCUxpresso/Balancer2_firm_Uart/lib/libBalancer2_lib.a(enc.o)
 .debug_abbrev  0x0000000000000b8b      0x232 /home/okui/mcuxpresso/BeuatoBalancer2/Balancer2/MCUxpresso/Balancer2_firm_Uart/lib/libBalancer2_lib.a(gpio.o)
 .debug_abbrev  0x0000000000000dbd      0x1a6 /home/okui/mcuxpresso/BeuatoBalancer2/Balancer2/MCUxpresso/Balancer2_firm_Uart/lib/libBalancer2_lib.a(gyro.o)
 .debug_abbrev  0x0000000000000f63      0x1f1 /home/okui/mcuxpresso/BeuatoBalancer2/Balancer2/MCUxpresso/Balancer2_firm_Uart/lib/libBalancer2_lib.a(i2c.o)
 .debug_abbrev  0x0000000000001154       0xf8 /home/okui/mcuxpresso/BeuatoBalancer2/Balancer2/MCUxpresso/Balancer2_firm_Uart/lib/libBalancer2_lib.a(system_LPC13xx.o)
 .debug_abbrev  0x000000000000124c      0x285 /home/okui/mcuxpresso/BeuatoBalancer2/Balancer2/MCUxpresso/Balancer2_firm_Uart/lib/libBalancer2_lib.a(uart.o)
 .debug_abbrev  0x00000000000014d1      0x1f5 /home/okui/mcuxpresso/BeuatoBalancer2/Balancer2/MCUxpresso/Balancer2_firm_Uart/lib/libBalancer2_lib.a(util.o)
 .debug_abbrev  0x00000000000016c6      0x46c /home/okui/mcuxpresso/BeuatoBalancer2/Balancer2/MCUxpresso/Balancer2_firm_Uart/lib/libBalancer2_lib.a(vs-bb022.o)
 .debug_abbrev  0x0000000000001b32      0x247 /home/okui/mcuxpresso/BeuatoBalancer2/Balancer2/MCUxpresso/Balancer2_firm_Uart/lib/libBalancer2_lib.a(flash.o)
 .debug_abbrev  0x0000000000001d79      0x1b3 /home/okui/mcuxpresso/BeuatoBalancer2/Balancer2/MCUxpresso/Balancer2_firm_Uart/lib/libBalancer2_lib.a(log.o)
 .debug_abbrev  0x0000000000001f2c       0xc7 /home/okui/mcuxpresso/BeuatoBalancer2/Balancer2/MCUxpresso/Balancer2_firm_Uart/lib/libBalancer2_lib.a(mot.o)
 .debug_abbrev  0x0000000000001ff3      0x228 /home/okui/mcuxpresso/BeuatoBalancer2/Balancer2/MCUxpresso/Balancer2_firm_Uart/lib/libBalancer2_lib.a(pad.o)
 .debug_abbrev  0x000000000000221b      0x2f1 /home/okui/mcuxpresso/BeuatoBalancer2/Balancer2/MCUxpresso/Balancer2_firm_Uart/lib/libBalancer2_lib.a(usb_user.o)
 .debug_abbrev  0x000000000000250c      0x2de /home/okui/mcuxpresso/BeuatoBalancer2/Balancer2/MCUxpresso/Balancer2_firm_Uart/lib/libBalancer2_lib.a(usb_core.o)
 .debug_abbrev  0x00000000000027ea       0xd4 /home/okui/mcuxpresso/BeuatoBalancer2/Balancer2/MCUxpresso/Balancer2_firm_Uart/lib/libBalancer2_lib.a(usb_descriptors.o)
 .debug_abbrev  0x00000000000028be      0x318 /home/okui/mcuxpresso/BeuatoBalancer2/Balancer2/MCUxpresso/Balancer2_firm_Uart/lib/libBalancer2_lib.a(usb_hardware.o)
 .debug_abbrev  0x0000000000002bd6      0x17c /home/okui/mcuxpresso/BeuatoBalancer2/Balancer2/MCUxpresso/Balancer2_firm_Uart/lib/libBalancer2_lib.a(usb_hiduser.o)

.debug_loc      0x0000000000000000     0x32d3
 .debug_loc     0x0000000000000000       0xfe ./src/control.o
 .debug_loc     0x00000000000000fe       0x31 ./src/cr_startup_lpc13.o
 .debug_loc     0x000000000000012f       0xd9 ./src/main.o
 .debug_loc     0x0000000000000208      0x13c /home/okui/mcuxpresso/BeuatoBalancer2/Balancer2/MCUxpresso/Balancer2_firm_Uart/lib/libBalancer2_lib.a(adc.o)
 .debug_loc     0x0000000000000344      0x17b /home/okui/mcuxpresso/BeuatoBalancer2/Balancer2/MCUxpresso/Balancer2_firm_Uart/lib/libBalancer2_lib.a(current.o)
 .debug_loc     0x00000000000004bf      0x11e /home/okui/mcuxpresso/BeuatoBalancer2/Balancer2/MCUxpresso/Balancer2_firm_Uart/lib/libBalancer2_lib.a(enc.o)
 .debug_loc     0x00000000000005dd      0xabb /home/okui/mcuxpresso/BeuatoBalancer2/Balancer2/MCUxpresso/Balancer2_firm_Uart/lib/libBalancer2_lib.a(gpio.o)
 .debug_loc     0x0000000000001098       0x81 /home/okui/mcuxpresso/BeuatoBalancer2/Balancer2/MCUxpresso/Balancer2_firm_Uart/lib/libBalancer2_lib.a(gyro.o)
 .debug_loc     0x0000000000001119       0x40 /home/okui/mcuxpresso/BeuatoBalancer2/Balancer2/MCUxpresso/Balancer2_firm_Uart/lib/libBalancer2_lib.a(i2c.o)
 .debug_loc     0x0000000000001159      0x1cd /home/okui/mcuxpresso/BeuatoBalancer2/Balancer2/MCUxpresso/Balancer2_firm_Uart/lib/libBalancer2_lib.a(system_LPC13xx.o)
 .debug_loc     0x0000000000001326      0x214 /home/okui/mcuxpresso/BeuatoBalancer2/Balancer2/MCUxpresso/Balancer2_firm_Uart/lib/libBalancer2_lib.a(uart.o)
 .debug_loc     0x000000000000153a      0x782 /home/okui/mcuxpresso/BeuatoBalancer2/Balancer2/MCUxpresso/Balancer2_firm_Uart/lib/libBalancer2_lib.a(util.o)
 .debug_loc     0x0000000000001cbc      0x255 /home/okui/mcuxpresso/BeuatoBalancer2/Balancer2/MCUxpresso/Balancer2_firm_Uart/lib/libBalancer2_lib.a(vs-bb022.o)
 .debug_loc     0x0000000000001f11      0x284 /home/okui/mcuxpresso/BeuatoBalancer2/Balancer2/MCUxpresso/Balancer2_firm_Uart/lib/libBalancer2_lib.a(flash.o)
 .debug_loc     0x0000000000002195      0x150 /home/okui/mcuxpresso/BeuatoBalancer2/Balancer2/MCUxpresso/Balancer2_firm_Uart/lib/libBalancer2_lib.a(log.o)
 .debug_loc     0x00000000000022e5      0x1a7 /home/okui/mcuxpresso/BeuatoBalancer2/Balancer2/MCUxpresso/Balancer2_firm_Uart/lib/libBalancer2_lib.a(pad.o)
 .debug_loc     0x000000000000248c      0x293 /home/okui/mcuxpresso/BeuatoBalancer2/Balancer2/MCUxpresso/Balancer2_firm_Uart/lib/libBalancer2_lib.a(usb_user.o)
 .debug_loc     0x000000000000271f      0x5a3 /home/okui/mcuxpresso/BeuatoBalancer2/Balancer2/MCUxpresso/Balancer2_firm_Uart/lib/libBalancer2_lib.a(usb_core.o)
 .debug_loc     0x0000000000002cc2      0x611 /home/okui/mcuxpresso/BeuatoBalancer2/Balancer2/MCUxpresso/Balancer2_firm_Uart/lib/libBalancer2_lib.a(usb_hardware.o)

.debug_aranges  0x0000000000000000      0x730
 .debug_aranges
                0x0000000000000000       0x40 ./src/control.o
 .debug_aranges
                0x0000000000000040       0x70 ./src/cr_startup_lpc13.o
 .debug_aranges
                0x00000000000000b0       0x28 ./src/main.o
 .debug_aranges
                0x00000000000000d8       0x38 /home/okui/mcuxpresso/BeuatoBalancer2/Balancer2/MCUxpresso/Balancer2_firm_Uart/lib/libBalancer2_lib.a(adc.o)
 .debug_aranges
                0x0000000000000110       0x40 /home/okui/mcuxpresso/BeuatoBalancer2/Balancer2/MCUxpresso/Balancer2_firm_Uart/lib/libBalancer2_lib.a(current.o)
 .debug_aranges
                0x0000000000000150       0x40 /home/okui/mcuxpresso/BeuatoBalancer2/Balancer2/MCUxpresso/Balancer2_firm_Uart/lib/libBalancer2_lib.a(enc.o)
 .debug_aranges
                0x0000000000000190       0x68 /home/okui/mcuxpresso/BeuatoBalancer2/Balancer2/MCUxpresso/Balancer2_firm_Uart/lib/libBalancer2_lib.a(gpio.o)
 .debug_aranges
                0x00000000000001f8       0x38 /home/okui/mcuxpresso/BeuatoBalancer2/Balancer2/MCUxpresso/Balancer2_firm_Uart/lib/libBalancer2_lib.a(gyro.o)
 .debug_aranges
                0x0000000000000230       0x40 /home/okui/mcuxpresso/BeuatoBalancer2/Balancer2/MCUxpresso/Balancer2_firm_Uart/lib/libBalancer2_lib.a(i2c.o)
 .debug_aranges
                0x0000000000000270       0x28 /home/okui/mcuxpresso/BeuatoBalancer2/Balancer2/MCUxpresso/Balancer2_firm_Uart/lib/libBalancer2_lib.a(system_LPC13xx.o)
 .debug_aranges
                0x0000000000000298       0x48 /home/okui/mcuxpresso/BeuatoBalancer2/Balancer2/MCUxpresso/Balancer2_firm_Uart/lib/libBalancer2_lib.a(uart.o)
 .debug_aranges
                0x00000000000002e0       0x78 /home/okui/mcuxpresso/BeuatoBalancer2/Balancer2/MCUxpresso/Balancer2_firm_Uart/lib/libBalancer2_lib.a(util.o)
 .debug_aranges
                0x0000000000000358       0xb0 /home/okui/mcuxpresso/BeuatoBalancer2/Balancer2/MCUxpresso/Balancer2_firm_Uart/lib/libBalancer2_lib.a(vs-bb022.o)
 .debug_aranges
                0x0000000000000408       0x48 /home/okui/mcuxpresso/BeuatoBalancer2/Balancer2/MCUxpresso/Balancer2_firm_Uart/lib/libBalancer2_lib.a(flash.o)
 .debug_aranges
                0x0000000000000450       0x60 /home/okui/mcuxpresso/BeuatoBalancer2/Balancer2/MCUxpresso/Balancer2_firm_Uart/lib/libBalancer2_lib.a(log.o)
 .debug_aranges
                0x00000000000004b0       0x18 /home/okui/mcuxpresso/BeuatoBalancer2/Balancer2/MCUxpresso/Balancer2_firm_Uart/lib/libBalancer2_lib.a(mot.o)
 .debug_aranges
                0x00000000000004c8       0x48 /home/okui/mcuxpresso/BeuatoBalancer2/Balancer2/MCUxpresso/Balancer2_firm_Uart/lib/libBalancer2_lib.a(pad.o)
 .debug_aranges
                0x0000000000000510       0x50 /home/okui/mcuxpresso/BeuatoBalancer2/Balancer2/MCUxpresso/Balancer2_firm_Uart/lib/libBalancer2_lib.a(usb_user.o)
 .debug_aranges
                0x0000000000000560       0x98 /home/okui/mcuxpresso/BeuatoBalancer2/Balancer2/MCUxpresso/Balancer2_firm_Uart/lib/libBalancer2_lib.a(usb_core.o)
 .debug_aranges
                0x00000000000005f8       0x18 /home/okui/mcuxpresso/BeuatoBalancer2/Balancer2/MCUxpresso/Balancer2_firm_Uart/lib/libBalancer2_lib.a(usb_descriptors.o)
 .debug_aranges
                0x0000000000000610       0xe8 /home/okui/mcuxpresso/BeuatoBalancer2/Balancer2/MCUxpresso/Balancer2_firm_Uart/lib/libBalancer2_lib.a(usb_hardware.o)
 .debug_aranges
                0x00000000000006f8       0x38 /home/okui/mcuxpresso/BeuatoBalancer2/Balancer2/MCUxpresso/Balancer2_firm_Uart/lib/libBalancer2_lib.a(usb_hiduser.o)

.debug_ranges   0x0000000000000000      0x620
 .debug_ranges  0x0000000000000000       0x30 ./src/control.o
 .debug_ranges  0x0000000000000030       0x60 ./src/cr_startup_lpc13.o
 .debug_ranges  0x0000000000000090       0x60 ./src/main.o
 .debug_ranges  0x00000000000000f0       0x28 /home/okui/mcuxpresso/BeuatoBalancer2/Balancer2/MCUxpresso/Balancer2_firm_Uart/lib/libBalancer2_lib.a(adc.o)
 .debug_ranges  0x0000000000000118       0x30 /home/okui/mcuxpresso/BeuatoBalancer2/Balancer2/MCUxpresso/Balancer2_firm_Uart/lib/libBalancer2_lib.a(current.o)
 .debug_ranges  0x0000000000000148       0x30 /home/okui/mcuxpresso/BeuatoBalancer2/Balancer2/MCUxpresso/Balancer2_firm_Uart/lib/libBalancer2_lib.a(enc.o)
 .debug_ranges  0x0000000000000178       0x58 /home/okui/mcuxpresso/BeuatoBalancer2/Balancer2/MCUxpresso/Balancer2_firm_Uart/lib/libBalancer2_lib.a(gpio.o)
 .debug_ranges  0x00000000000001d0       0x28 /home/okui/mcuxpresso/BeuatoBalancer2/Balancer2/MCUxpresso/Balancer2_firm_Uart/lib/libBalancer2_lib.a(gyro.o)
 .debug_ranges  0x00000000000001f8       0x30 /home/okui/mcuxpresso/BeuatoBalancer2/Balancer2/MCUxpresso/Balancer2_firm_Uart/lib/libBalancer2_lib.a(i2c.o)
 .debug_ranges  0x0000000000000228       0x18 /home/okui/mcuxpresso/BeuatoBalancer2/Balancer2/MCUxpresso/Balancer2_firm_Uart/lib/libBalancer2_lib.a(system_LPC13xx.o)
 .debug_ranges  0x0000000000000240       0x38 /home/okui/mcuxpresso/BeuatoBalancer2/Balancer2/MCUxpresso/Balancer2_firm_Uart/lib/libBalancer2_lib.a(uart.o)
 .debug_ranges  0x0000000000000278       0x80 /home/okui/mcuxpresso/BeuatoBalancer2/Balancer2/MCUxpresso/Balancer2_firm_Uart/lib/libBalancer2_lib.a(util.o)
 .debug_ranges  0x00000000000002f8       0xa0 /home/okui/mcuxpresso/BeuatoBalancer2/Balancer2/MCUxpresso/Balancer2_firm_Uart/lib/libBalancer2_lib.a(vs-bb022.o)
 .debug_ranges  0x0000000000000398       0x38 /home/okui/mcuxpresso/BeuatoBalancer2/Balancer2/MCUxpresso/Balancer2_firm_Uart/lib/libBalancer2_lib.a(flash.o)
 .debug_ranges  0x00000000000003d0       0x50 /home/okui/mcuxpresso/BeuatoBalancer2/Balancer2/MCUxpresso/Balancer2_firm_Uart/lib/libBalancer2_lib.a(log.o)
 .debug_ranges  0x0000000000000420       0x38 /home/okui/mcuxpresso/BeuatoBalancer2/Balancer2/MCUxpresso/Balancer2_firm_Uart/lib/libBalancer2_lib.a(pad.o)
 .debug_ranges  0x0000000000000458       0x40 /home/okui/mcuxpresso/BeuatoBalancer2/Balancer2/MCUxpresso/Balancer2_firm_Uart/lib/libBalancer2_lib.a(usb_user.o)
 .debug_ranges  0x0000000000000498       0x88 /home/okui/mcuxpresso/BeuatoBalancer2/Balancer2/MCUxpresso/Balancer2_firm_Uart/lib/libBalancer2_lib.a(usb_core.o)
 .debug_ranges  0x0000000000000520       0xd8 /home/okui/mcuxpresso/BeuatoBalancer2/Balancer2/MCUxpresso/Balancer2_firm_Uart/lib/libBalancer2_lib.a(usb_hardware.o)
 .debug_ranges  0x00000000000005f8       0x28 /home/okui/mcuxpresso/BeuatoBalancer2/Balancer2/MCUxpresso/Balancer2_firm_Uart/lib/libBalancer2_lib.a(usb_hiduser.o)

.debug_line     0x0000000000000000     0x33c1
 .debug_line    0x0000000000000000      0x46c ./src/control.o
 .debug_line    0x000000000000046c      0x26c ./src/cr_startup_lpc13.o
 .debug_line    0x00000000000006d8      0x2ff ./src/main.o
 .debug_line    0x00000000000009d7      0x1e6 /home/okui/mcuxpresso/BeuatoBalancer2/Balancer2/MCUxpresso/Balancer2_firm_Uart/lib/libBalancer2_lib.a(adc.o)
 .debug_line    0x0000000000000bbd      0x1e3 /home/okui/mcuxpresso/BeuatoBalancer2/Balancer2/MCUxpresso/Balancer2_firm_Uart/lib/libBalancer2_lib.a(current.o)
 .debug_line    0x0000000000000da0      0x21d /home/okui/mcuxpresso/BeuatoBalancer2/Balancer2/MCUxpresso/Balancer2_firm_Uart/lib/libBalancer2_lib.a(enc.o)
 .debug_line    0x0000000000000fbd      0x23c /home/okui/mcuxpresso/BeuatoBalancer2/Balancer2/MCUxpresso/Balancer2_firm_Uart/lib/libBalancer2_lib.a(gpio.o)
 .debug_line    0x00000000000011f9      0x19f /home/okui/mcuxpresso/BeuatoBalancer2/Balancer2/MCUxpresso/Balancer2_firm_Uart/lib/libBalancer2_lib.a(gyro.o)
 .debug_line    0x0000000000001398      0x196 /home/okui/mcuxpresso/BeuatoBalancer2/Balancer2/MCUxpresso/Balancer2_firm_Uart/lib/libBalancer2_lib.a(i2c.o)
 .debug_line    0x000000000000152e      0x18c /home/okui/mcuxpresso/BeuatoBalancer2/Balancer2/MCUxpresso/Balancer2_firm_Uart/lib/libBalancer2_lib.a(system_LPC13xx.o)
 .debug_line    0x00000000000016ba      0x22e /home/okui/mcuxpresso/BeuatoBalancer2/Balancer2/MCUxpresso/Balancer2_firm_Uart/lib/libBalancer2_lib.a(uart.o)
 .debug_line    0x00000000000018e8      0x204 /home/okui/mcuxpresso/BeuatoBalancer2/Balancer2/MCUxpresso/Balancer2_firm_Uart/lib/libBalancer2_lib.a(util.o)
 .debug_line    0x0000000000001aec      0x416 /home/okui/mcuxpresso/BeuatoBalancer2/Balancer2/MCUxpresso/Balancer2_firm_Uart/lib/libBalancer2_lib.a(vs-bb022.o)
 .debug_line    0x0000000000001f02      0x195 /home/okui/mcuxpresso/BeuatoBalancer2/Balancer2/MCUxpresso/Balancer2_firm_Uart/lib/libBalancer2_lib.a(flash.o)
 .debug_line    0x0000000000002097      0x21b /home/okui/mcuxpresso/BeuatoBalancer2/Balancer2/MCUxpresso/Balancer2_firm_Uart/lib/libBalancer2_lib.a(log.o)
 .debug_line    0x00000000000022b2       0x93 /home/okui/mcuxpresso/BeuatoBalancer2/Balancer2/MCUxpresso/Balancer2_firm_Uart/lib/libBalancer2_lib.a(mot.o)
 .debug_line    0x0000000000002345      0x209 /home/okui/mcuxpresso/BeuatoBalancer2/Balancer2/MCUxpresso/Balancer2_firm_Uart/lib/libBalancer2_lib.a(pad.o)
 .debug_line    0x000000000000254e      0x2e8 /home/okui/mcuxpresso/BeuatoBalancer2/Balancer2/MCUxpresso/Balancer2_firm_Uart/lib/libBalancer2_lib.a(usb_user.o)
 .debug_line    0x0000000000002836      0x477 /home/okui/mcuxpresso/BeuatoBalancer2/Balancer2/MCUxpresso/Balancer2_firm_Uart/lib/libBalancer2_lib.a(usb_core.o)
 .debug_line    0x0000000000002cad      0x13c /home/okui/mcuxpresso/BeuatoBalancer2/Balancer2/MCUxpresso/Balancer2_firm_Uart/lib/libBalancer2_lib.a(usb_descriptors.o)
 .debug_line    0x0000000000002de9      0x43e /home/okui/mcuxpresso/BeuatoBalancer2/Balancer2/MCUxpresso/Balancer2_firm_Uart/lib/libBalancer2_lib.a(usb_hardware.o)
 .debug_line    0x0000000000003227      0x19a /home/okui/mcuxpresso/BeuatoBalancer2/Balancer2/MCUxpresso/Balancer2_firm_Uart/lib/libBalancer2_lib.a(usb_hiduser.o)

.debug_str      0x0000000000000000     0x2457
 .debug_str     0x0000000000000000      0x65c ./src/control.o
                                        0x6d2 (size before relaxing)
 .debug_str     0x000000000000065c      0x114 ./src/cr_startup_lpc13.o
                                        0x2a2 (size before relaxing)
 .debug_str     0x0000000000000770      0x13c ./src/main.o
                                        0x691 (size before relaxing)
 .debug_str     0x00000000000008ac      0x9e6 /home/okui/mcuxpresso/BeuatoBalancer2/Balancer2/MCUxpresso/Balancer2_firm_Uart/lib/libBalancer2_lib.a(adc.o)
                                        0xdf1 (size before relaxing)
 .debug_str     0x0000000000001292       0x83 /home/okui/mcuxpresso/BeuatoBalancer2/Balancer2/MCUxpresso/Balancer2_firm_Uart/lib/libBalancer2_lib.a(current.o)
                                        0x622 (size before relaxing)
 .debug_str     0x0000000000001315      0x12e /home/okui/mcuxpresso/BeuatoBalancer2/Balancer2/MCUxpresso/Balancer2_firm_Uart/lib/libBalancer2_lib.a(enc.o)
                                        0xad2 (size before relaxing)
 .debug_str     0x0000000000001443       0xc8 /home/okui/mcuxpresso/BeuatoBalancer2/Balancer2/MCUxpresso/Balancer2_firm_Uart/lib/libBalancer2_lib.a(gpio.o)
                                        0x916 (size before relaxing)
 .debug_str     0x000000000000150b       0x99 /home/okui/mcuxpresso/BeuatoBalancer2/Balancer2/MCUxpresso/Balancer2_firm_Uart/lib/libBalancer2_lib.a(gyro.o)
                                        0x5ef (size before relaxing)
 .debug_str     0x00000000000015a4       0xfb /home/okui/mcuxpresso/BeuatoBalancer2/Balancer2/MCUxpresso/Balancer2_firm_Uart/lib/libBalancer2_lib.a(i2c.o)
                                        0xaf1 (size before relaxing)
 .debug_str     0x000000000000169f       0x36 /home/okui/mcuxpresso/BeuatoBalancer2/Balancer2/MCUxpresso/Balancer2_firm_Uart/lib/libBalancer2_lib.a(system_LPC13xx.o)
                                        0x495 (size before relaxing)
 .debug_str     0x00000000000016d5      0x101 /home/okui/mcuxpresso/BeuatoBalancer2/Balancer2/MCUxpresso/Balancer2_firm_Uart/lib/libBalancer2_lib.a(uart.o)
                                        0xeb2 (size before relaxing)
 .debug_str     0x00000000000017d6       0xe3 /home/okui/mcuxpresso/BeuatoBalancer2/Balancer2/MCUxpresso/Balancer2_firm_Uart/lib/libBalancer2_lib.a(util.o)
                                        0x262 (size before relaxing)
 .debug_str     0x00000000000018b9      0x188 /home/okui/mcuxpresso/BeuatoBalancer2/Balancer2/MCUxpresso/Balancer2_firm_Uart/lib/libBalancer2_lib.a(vs-bb022.o)
                                       0x10df (size before relaxing)
 .debug_str     0x0000000000001a41       0xbc /home/okui/mcuxpresso/BeuatoBalancer2/Balancer2/MCUxpresso/Balancer2_firm_Uart/lib/libBalancer2_lib.a(flash.o)
                                        0x5dd (size before relaxing)
 .debug_str     0x0000000000001afd       0xb8 /home/okui/mcuxpresso/BeuatoBalancer2/Balancer2/MCUxpresso/Balancer2_firm_Uart/lib/libBalancer2_lib.a(log.o)
                                        0x5da (size before relaxing)
 .debug_str     0x0000000000001bb5        0xd /home/okui/mcuxpresso/BeuatoBalancer2/Balancer2/MCUxpresso/Balancer2_firm_Uart/lib/libBalancer2_lib.a(mot.o)
                                        0x504 (size before relaxing)
 .debug_str     0x0000000000001bc2      0x147 /home/okui/mcuxpresso/BeuatoBalancer2/Balancer2/MCUxpresso/Balancer2_firm_Uart/lib/libBalancer2_lib.a(pad.o)
                                        0x6bf (size before relaxing)
 .debug_str     0x0000000000001d09       0xd6 /home/okui/mcuxpresso/BeuatoBalancer2/Balancer2/MCUxpresso/Balancer2_firm_Uart/lib/libBalancer2_lib.a(usb_user.o)
                                        0xf06 (size before relaxing)
 .debug_str     0x0000000000001ddf      0x50c /home/okui/mcuxpresso/BeuatoBalancer2/Balancer2/MCUxpresso/Balancer2_firm_Uart/lib/libBalancer2_lib.a(usb_core.o)
                                        0x776 (size before relaxing)
 .debug_str     0x00000000000022eb       0x19 /home/okui/mcuxpresso/BeuatoBalancer2/Balancer2/MCUxpresso/Balancer2_firm_Uart/lib/libBalancer2_lib.a(usb_descriptors.o)
                                        0x5b9 (size before relaxing)
 .debug_str     0x0000000000002304      0x124 /home/okui/mcuxpresso/BeuatoBalancer2/Balancer2/MCUxpresso/Balancer2_firm_Uart/lib/libBalancer2_lib.a(usb_hardware.o)
                                        0x7b3 (size before relaxing)
 .debug_str     0x0000000000002428       0x2f /home/okui/mcuxpresso/BeuatoBalancer2/Balancer2/MCUxpresso/Balancer2_firm_Uart/lib/libBalancer2_lib.a(usb_hiduser.o)
                                        0x640 (size before relaxing)

.comment        0x0000000000000000       0xb9
 .comment       0x0000000000000000       0x49 ./src/control.o
                                         0x4a (size before relaxing)
 .comment       0x0000000000000049       0x4a ./src/cr_startup_lpc13.o
 .comment       0x0000000000000049       0x4a ./src/main.o
 .comment       0x0000000000000049       0x70 /home/okui/mcuxpresso/BeuatoBalancer2/Balancer2/MCUxpresso/Balancer2_firm_Uart/lib/libBalancer2_lib.a(adc.o)
                                         0x71 (size before relaxing)
 .comment       0x00000000000000b9       0x71 /home/okui/mcuxpresso/BeuatoBalancer2/Balancer2/MCUxpresso/Balancer2_firm_Uart/lib/libBalancer2_lib.a(current.o)
 .comment       0x00000000000000b9       0x71 /home/okui/mcuxpresso/BeuatoBalancer2/Balancer2/MCUxpresso/Balancer2_firm_Uart/lib/libBalancer2_lib.a(enc.o)
 .comment       0x00000000000000b9       0x71 /home/okui/mcuxpresso/BeuatoBalancer2/Balancer2/MCUxpresso/Balancer2_firm_Uart/lib/libBalancer2_lib.a(gpio.o)
 .comment       0x00000000000000b9       0x71 /home/okui/mcuxpresso/BeuatoBalancer2/Balancer2/MCUxpresso/Balancer2_firm_Uart/lib/libBalancer2_lib.a(gyro.o)
 .comment       0x00000000000000b9       0x71 /home/okui/mcuxpresso/BeuatoBalancer2/Balancer2/MCUxpresso/Balancer2_firm_Uart/lib/libBalancer2_lib.a(i2c.o)
 .comment       0x00000000000000b9       0x71 /home/okui/mcuxpresso/BeuatoBalancer2/Balancer2/MCUxpresso/Balancer2_firm_Uart/lib/libBalancer2_lib.a(system_LPC13xx.o)
 .comment       0x00000000000000b9       0x71 /home/okui/mcuxpresso/BeuatoBalancer2/Balancer2/MCUxpresso/Balancer2_firm_Uart/lib/libBalancer2_lib.a(uart.o)
 .comment       0x00000000000000b9       0x71 /home/okui/mcuxpresso/BeuatoBalancer2/Balancer2/MCUxpresso/Balancer2_firm_Uart/lib/libBalancer2_lib.a(util.o)
 .comment       0x00000000000000b9       0x71 /home/okui/mcuxpresso/BeuatoBalancer2/Balancer2/MCUxpresso/Balancer2_firm_Uart/lib/libBalancer2_lib.a(vs-bb022.o)
 .comment       0x00000000000000b9       0x71 /home/okui/mcuxpresso/BeuatoBalancer2/Balancer2/MCUxpresso/Balancer2_firm_Uart/lib/libBalancer2_lib.a(flash.o)
 .comment       0x00000000000000b9       0x71 /home/okui/mcuxpresso/BeuatoBalancer2/Balancer2/MCUxpresso/Balancer2_firm_Uart/lib/libBalancer2_lib.a(log.o)
 .comment       0x00000000000000b9       0x71 /home/okui/mcuxpresso/BeuatoBalancer2/Balancer2/MCUxpresso/Balancer2_firm_Uart/lib/libBalancer2_lib.a(mot.o)
 .comment       0x00000000000000b9       0x71 /home/okui/mcuxpresso/BeuatoBalancer2/Balancer2/MCUxpresso/Balancer2_firm_Uart/lib/libBalancer2_lib.a(pad.o)
 .comment       0x00000000000000b9       0x71 /home/okui/mcuxpresso/BeuatoBalancer2/Balancer2/MCUxpresso/Balancer2_firm_Uart/lib/libBalancer2_lib.a(usb_user.o)
 .comment       0x00000000000000b9       0x71 /home/okui/mcuxpresso/BeuatoBalancer2/Balancer2/MCUxpresso/Balancer2_firm_Uart/lib/libBalancer2_lib.a(usb_core.o)
 .comment       0x00000000000000b9       0x71 /home/okui/mcuxpresso/BeuatoBalancer2/Balancer2/MCUxpresso/Balancer2_firm_Uart/lib/libBalancer2_lib.a(usb_descriptors.o)
 .comment       0x00000000000000b9       0x71 /home/okui/mcuxpresso/BeuatoBalancer2/Balancer2/MCUxpresso/Balancer2_firm_Uart/lib/libBalancer2_lib.a(usb_hardware.o)
 .comment       0x00000000000000b9       0x71 /home/okui/mcuxpresso/BeuatoBalancer2/Balancer2/MCUxpresso/Balancer2_firm_Uart/lib/libBalancer2_lib.a(usb_hiduser.o)
 .comment       0x00000000000000b9       0x4a /usr/local/mcuxpressoide-11.6.1_8255/ide/plugins/com.nxp.mcuxpresso.tools.linux_11.6.1.202207200623/tools/bin/../lib/gcc/arm-none-eabi/10.3.1/../../../../arm-none-eabi/lib/thumb/v7-m/nofp/libcr_c.a(memset.o)
 .comment       0x00000000000000b9       0x4a /usr/local/mcuxpressoide-11.6.1_8255/ide/plugins/com.nxp.mcuxpresso.tools.linux_11.6.1.202207200623/tools/bin/../lib/gcc/arm-none-eabi/10.3.1/../../../../arm-none-eabi/lib/thumb/v7-m/nofp/libcr_c.a(fpprintf.o)
 .comment       0x00000000000000b9       0x4a /usr/local/mcuxpressoide-11.6.1_8255/ide/plugins/com.nxp.mcuxpresso.tools.linux_11.6.1.202207200623/tools/bin/../lib/gcc/arm-none-eabi/10.3.1/../../../../arm-none-eabi/lib/thumb/v7-m/nofp/libcr_c.a(printf.o)
 .comment       0x00000000000000b9       0x4a /usr/local/mcuxpressoide-11.6.1_8255/ide/plugins/com.nxp.mcuxpresso.tools.linux_11.6.1.202207200623/tools/bin/../lib/gcc/arm-none-eabi/10.3.1/../../../../arm-none-eabi/lib/thumb/v7-m/nofp/libcr_c.a(strlen.o)
 .comment       0x00000000000000b9       0x4a /usr/local/mcuxpressoide-11.6.1_8255/ide/plugins/com.nxp.mcuxpresso.tools.linux_11.6.1.202207200623/tools/bin/../lib/gcc/arm-none-eabi/10.3.1/../../../../arm-none-eabi/lib/thumb/v7-m/nofp/libcr_c.a(_deferredlazyseek.o)
 .comment       0x00000000000000b9       0x4a /usr/local/mcuxpressoide-11.6.1_8255/ide/plugins/com.nxp.mcuxpresso.tools.linux_11.6.1.202207200623/tools/bin/../lib/gcc/arm-none-eabi/10.3.1/../../../../arm-none-eabi/lib/thumb/v7-m/nofp/libcr_c.a(_fflush.o)
 .comment       0x00000000000000b9       0x4a /usr/local/mcuxpressoide-11.6.1_8255/ide/plugins/com.nxp.mcuxpresso.tools.linux_11.6.1.202207200623/tools/bin/../lib/gcc/arm-none-eabi/10.3.1/../../../../arm-none-eabi/lib/thumb/v7-m/nofp/libcr_c.a(_frexpl.o)
 .comment       0x00000000000000b9       0x4a /usr/local/mcuxpressoide-11.6.1_8255/ide/plugins/com.nxp.mcuxpresso.tools.linux_11.6.1.202207200623/tools/bin/../lib/gcc/arm-none-eabi/10.3.1/../../../../arm-none-eabi/lib/thumb/v7-m/nofp/libcr_c.a(_ldexpl.o)
 .comment       0x00000000000000b9       0x4a /usr/local/mcuxpressoide-11.6.1_8255/ide/plugins/com.nxp.mcuxpresso.tools.linux_11.6.1.202207200623/tools/bin/../lib/gcc/arm-none-eabi/10.3.1/../../../../arm-none-eabi/lib/thumb/v7-m/nofp/libcr_c.a(_writebuf.o)
 .comment       0x00000000000000b9       0x4a /usr/local/mcuxpressoide-11.6.1_8255/ide/plugins/com.nxp.mcuxpresso.tools.linux_11.6.1.202207200623/tools/bin/../lib/gcc/arm-none-eabi/10.3.1/../../../../arm-none-eabi/lib/thumb/v7-m/nofp/libcr_c.a(alloc.o)
 .comment       0x00000000000000b9       0x4a /usr/local/mcuxpressoide-11.6.1_8255/ide/plugins/com.nxp.mcuxpresso.tools.linux_11.6.1.202207200623/tools/bin/../lib/gcc/arm-none-eabi/10.3.1/../../../../arm-none-eabi/lib/thumb/v7-m/nofp/libcr_c.a(errno.o)
 .comment       0x00000000000000b9       0x4a /usr/local/mcuxpressoide-11.6.1_8255/ide/plugins/com.nxp.mcuxpresso.tools.linux_11.6.1.202207200623/tools/bin/../lib/gcc/arm-none-eabi/10.3.1/../../../../arm-none-eabi/lib/thumb/v7-m/nofp/libcr_c.a(fseek.o)
 .comment       0x00000000000000b9       0x4a /usr/local/mcuxpressoide-11.6.1_8255/ide/plugins/com.nxp.mcuxpresso.tools.linux_11.6.1.202207200623/tools/bin/../lib/gcc/arm-none-eabi/10.3.1/../../../../arm-none-eabi/lib/thumb/v7-m/nofp/libcr_c.a(ftell.o)
 .comment       0x00000000000000b9       0x4a /usr/local/mcuxpressoide-11.6.1_8255/ide/plugins/com.nxp.mcuxpresso.tools.linux_11.6.1.202207200623/tools/bin/../lib/gcc/arm-none-eabi/10.3.1/../../../../arm-none-eabi/lib/thumb/v7-m/nofp/libcr_c.a(__init_alloc.o)
 .comment       0x00000000000000b9       0x4a /usr/local/mcuxpressoide-11.6.1_8255/ide/plugins/com.nxp.mcuxpresso.tools.linux_11.6.1.202207200623/tools/bin/../lib/gcc/arm-none-eabi/10.3.1/../../../../arm-none-eabi/lib/thumb/v7-m/nofp/libcr_c.a(_cr_sbrk.o)
 .comment       0x00000000000000b9       0x4a /usr/local/mcuxpressoide-11.6.1_8255/ide/plugins/com.nxp.mcuxpresso.tools.linux_11.6.1.202207200623/tools/bin/../lib/gcc/arm-none-eabi/10.3.1/../../../../arm-none-eabi/lib/thumb/v7-m/nofp/libcr_c.a(_cr_check_heap.o)
 .comment       0x00000000000000b9       0x4a /usr/local/mcuxpressoide-11.6.1_8255/ide/plugins/com.nxp.mcuxpresso.tools.linux_11.6.1.202207200623/tools/bin/../lib/gcc/arm-none-eabi/10.3.1/thumb/v7-m/nofp/libcr_eabihelpers.a(double.o)

.ARM.attributes
                0x0000000000000000       0x2b
 .ARM.attributes
                0x0000000000000000       0x2d ./src/control.o
 .ARM.attributes
                0x000000000000002d       0x2d ./src/cr_startup_lpc13.o
 .ARM.attributes
                0x000000000000005a       0x2d ./src/main.o
 .ARM.attributes
                0x0000000000000087       0x33 /home/okui/mcuxpresso/BeuatoBalancer2/Balancer2/MCUxpresso/Balancer2_firm_Uart/lib/libBalancer2_lib.a(adc.o)
 .ARM.attributes
                0x00000000000000ba       0x33 /home/okui/mcuxpresso/BeuatoBalancer2/Balancer2/MCUxpresso/Balancer2_firm_Uart/lib/libBalancer2_lib.a(current.o)
 .ARM.attributes
                0x00000000000000ed       0x33 /home/okui/mcuxpresso/BeuatoBalancer2/Balancer2/MCUxpresso/Balancer2_firm_Uart/lib/libBalancer2_lib.a(enc.o)
 .ARM.attributes
                0x0000000000000120       0x33 /home/okui/mcuxpresso/BeuatoBalancer2/Balancer2/MCUxpresso/Balancer2_firm_Uart/lib/libBalancer2_lib.a(gpio.o)
 .ARM.attributes
                0x0000000000000153       0x33 /home/okui/mcuxpresso/BeuatoBalancer2/Balancer2/MCUxpresso/Balancer2_firm_Uart/lib/libBalancer2_lib.a(gyro.o)
 .ARM.attributes
                0x0000000000000186       0x33 /home/okui/mcuxpresso/BeuatoBalancer2/Balancer2/MCUxpresso/Balancer2_firm_Uart/lib/libBalancer2_lib.a(i2c.o)
 .ARM.attributes
                0x00000000000001b9       0x33 /home/okui/mcuxpresso/BeuatoBalancer2/Balancer2/MCUxpresso/Balancer2_firm_Uart/lib/libBalancer2_lib.a(system_LPC13xx.o)
 .ARM.attributes
                0x00000000000001ec       0x33 /home/okui/mcuxpresso/BeuatoBalancer2/Balancer2/MCUxpresso/Balancer2_firm_Uart/lib/libBalancer2_lib.a(uart.o)
 .ARM.attributes
                0x000000000000021f       0x33 /home/okui/mcuxpresso/BeuatoBalancer2/Balancer2/MCUxpresso/Balancer2_firm_Uart/lib/libBalancer2_lib.a(util.o)
 .ARM.attributes
                0x0000000000000252       0x33 /home/okui/mcuxpresso/BeuatoBalancer2/Balancer2/MCUxpresso/Balancer2_firm_Uart/lib/libBalancer2_lib.a(vs-bb022.o)
 .ARM.attributes
                0x0000000000000285       0x33 /home/okui/mcuxpresso/BeuatoBalancer2/Balancer2/MCUxpresso/Balancer2_firm_Uart/lib/libBalancer2_lib.a(flash.o)
 .ARM.attributes
                0x00000000000002b8       0x33 /home/okui/mcuxpresso/BeuatoBalancer2/Balancer2/MCUxpresso/Balancer2_firm_Uart/lib/libBalancer2_lib.a(log.o)
 .ARM.attributes
                0x00000000000002eb       0x33 /home/okui/mcuxpresso/BeuatoBalancer2/Balancer2/MCUxpresso/Balancer2_firm_Uart/lib/libBalancer2_lib.a(mot.o)
 .ARM.attributes
                0x000000000000031e       0x33 /home/okui/mcuxpresso/BeuatoBalancer2/Balancer2/MCUxpresso/Balancer2_firm_Uart/lib/libBalancer2_lib.a(pad.o)
 .ARM.attributes
                0x0000000000000351       0x33 /home/okui/mcuxpresso/BeuatoBalancer2/Balancer2/MCUxpresso/Balancer2_firm_Uart/lib/libBalancer2_lib.a(usb_user.o)
 .ARM.attributes
                0x0000000000000384       0x33 /home/okui/mcuxpresso/BeuatoBalancer2/Balancer2/MCUxpresso/Balancer2_firm_Uart/lib/libBalancer2_lib.a(usb_core.o)
 .ARM.attributes
                0x00000000000003b7       0x33 /home/okui/mcuxpresso/BeuatoBalancer2/Balancer2/MCUxpresso/Balancer2_firm_Uart/lib/libBalancer2_lib.a(usb_descriptors.o)
 .ARM.attributes
                0x00000000000003ea       0x33 /home/okui/mcuxpresso/BeuatoBalancer2/Balancer2/MCUxpresso/Balancer2_firm_Uart/lib/libBalancer2_lib.a(usb_hardware.o)
 .ARM.attributes
                0x000000000000041d       0x33 /home/okui/mcuxpresso/BeuatoBalancer2/Balancer2/MCUxpresso/Balancer2_firm_Uart/lib/libBalancer2_lib.a(usb_hiduser.o)
 .ARM.attributes
                0x0000000000000450       0x2d /usr/local/mcuxpressoide-11.6.1_8255/ide/plugins/com.nxp.mcuxpresso.tools.linux_11.6.1.202207200623/tools/bin/../lib/gcc/arm-none-eabi/10.3.1/../../../../arm-none-eabi/lib/thumb/v7-m/nofp/libcr_c.a(memset.o)
 .ARM.attributes
                0x000000000000047d       0x2d /usr/local/mcuxpressoide-11.6.1_8255/ide/plugins/com.nxp.mcuxpresso.tools.linux_11.6.1.202207200623/tools/bin/../lib/gcc/arm-none-eabi/10.3.1/../../../../arm-none-eabi/lib/thumb/v7-m/nofp/libcr_c.a(fpprintf.o)
 .ARM.attributes
                0x00000000000004aa       0x2d /usr/local/mcuxpressoide-11.6.1_8255/ide/plugins/com.nxp.mcuxpresso.tools.linux_11.6.1.202207200623/tools/bin/../lib/gcc/arm-none-eabi/10.3.1/../../../../arm-none-eabi/lib/thumb/v7-m/nofp/libcr_c.a(printf.o)
 .ARM.attributes
                0x00000000000004d7       0x2d /usr/local/mcuxpressoide-11.6.1_8255/ide/plugins/com.nxp.mcuxpresso.tools.linux_11.6.1.202207200623/tools/bin/../lib/gcc/arm-none-eabi/10.3.1/../../../../arm-none-eabi/lib/thumb/v7-m/nofp/libcr_c.a(strlen.o)
 .ARM.attributes
                0x0000000000000504       0x2d /usr/local/mcuxpressoide-11.6.1_8255/ide/plugins/com.nxp.mcuxpresso.tools.linux_11.6.1.202207200623/tools/bin/../lib/gcc/arm-none-eabi/10.3.1/../../../../arm-none-eabi/lib/thumb/v7-m/nofp/libcr_c.a(_deferredlazyseek.o)
 .ARM.attributes
                0x0000000000000531       0x2d /usr/local/mcuxpressoide-11.6.1_8255/ide/plugins/com.nxp.mcuxpresso.tools.linux_11.6.1.202207200623/tools/bin/../lib/gcc/arm-none-eabi/10.3.1/../../../../arm-none-eabi/lib/thumb/v7-m/nofp/libcr_c.a(_fflush.o)
 .ARM.attributes
                0x000000000000055e       0x2d /usr/local/mcuxpressoide-11.6.1_8255/ide/plugins/com.nxp.mcuxpresso.tools.linux_11.6.1.202207200623/tools/bin/../lib/gcc/arm-none-eabi/10.3.1/../../../../arm-none-eabi/lib/thumb/v7-m/nofp/libcr_c.a(_frexpl.o)
 .ARM.attributes
                0x000000000000058b       0x2d /usr/local/mcuxpressoide-11.6.1_8255/ide/plugins/com.nxp.mcuxpresso.tools.linux_11.6.1.202207200623/tools/bin/../lib/gcc/arm-none-eabi/10.3.1/../../../../arm-none-eabi/lib/thumb/v7-m/nofp/libcr_c.a(_ldexpl.o)
 .ARM.attributes